2025-07-27 05:14:34,409 - [src.balancing.over_sampler] - INFO - OverSamplingBalancer initialized successfully
2025-07-27 05:14:34,518 - [src.balancing.over_sampler] - INFO - Starting Random Over Sampling process...
2025-07-27 05:14:34,524 - [src.balancing.over_sampler] - INFO - Original class distribution:
2025-07-27 05:14:34,524 - [src.balancing.over_sampler] - INFO -   - Class 0.0: 459553 samples
2025-07-27 05:14:34,525 - [src.balancing.over_sampler] - INFO -   - Class 1.0: 13512 samples
2025-07-27 05:14:34,525 - [src.balancing.over_sampler] - INFO -   - Class 2.0: 88947 samples
2025-07-27 05:14:34,675 - [src.balancing.over_sampler] - INFO - New class distribution after Random Over Sampling:
2025-07-27 05:14:34,676 - [src.balancing.over_sampler] - INFO -   - Class 0.0: 574477 samples (+114924)
2025-07-27 05:14:34,676 - [src.balancing.over_sampler] - INFO -   - Class 1.0: 150000 samples (+136488)
2025-07-27 05:14:34,677 - [src.balancing.over_sampler] - INFO -   - Class 2.0: 100000 samples (+11053)
2025-07-27 05:14:34,678 - [src.balancing.over_sampler] - INFO - Dataset size: 562012 -> 824477 samples (+262465)
2025-07-27 05:14:34,678 - [src.balancing.over_sampler] - INFO - Random Over Sampling completed successfully
2025-07-27 05:14:34,859 - [src.balancing.over_sampler] - INFO - Starting SMOTE process...
2025-07-27 05:14:34,865 - [src.balancing.over_sampler] - INFO - Original class distribution:
2025-07-27 05:14:34,866 - [src.balancing.over_sampler] - INFO -   - Class 0.0: 459553 samples
2025-07-27 05:14:34,866 - [src.balancing.over_sampler] - INFO -   - Class 1.0: 13512 samples
2025-07-27 05:14:34,867 - [src.balancing.over_sampler] - INFO -   - Class 2.0: 88947 samples
2025-07-27 05:15:49,138 - [src.balancing.over_sampler] - INFO - New class distribution after SMOTE:
2025-07-27 05:15:49,139 - [src.balancing.over_sampler] - INFO -   - Class 0.0: 574477 samples (+114924 synthetic)
2025-07-27 05:15:49,139 - [src.balancing.over_sampler] - INFO -   - Class 1.0: 150000 samples (+136488 synthetic)
2025-07-27 05:15:49,140 - [src.balancing.over_sampler] - INFO -   - Class 2.0: 100000 samples (+11053 synthetic)
2025-07-27 05:15:49,140 - [src.balancing.over_sampler] - INFO - Dataset size: 562012 -> 824477 samples (+262465 synthetic)
2025-07-27 05:15:49,140 - [src.balancing.over_sampler] - INFO - SMOTE completed successfully
2025-07-30 12:39:10,631 - [src.balancing.over_sampler] - INFO - OverSamplingBalancer initialized successfully
2025-07-30 12:39:13,177 - [src.balancing.over_sampler] - INFO - Starting Random Over Sampling process...
2025-07-30 12:39:13,189 - [src.balancing.over_sampler] - INFO - Original class distribution:
2025-07-30 12:39:13,191 - [src.balancing.over_sampler] - INFO -   - Class 0.0: 459553 samples
2025-07-30 12:39:13,191 - [src.balancing.over_sampler] - INFO -   - Class 1.0: 13512 samples
2025-07-30 12:39:13,192 - [src.balancing.over_sampler] - INFO -   - Class 2.0: 88947 samples
2025-07-30 12:39:13,315 - [src.balancing.over_sampler] - INFO - New class distribution after Random Over Sampling:
2025-07-30 12:39:13,315 - [src.balancing.over_sampler] - INFO -   - Class 0.0: 574477 samples (+114924)
2025-07-30 12:39:13,316 - [src.balancing.over_sampler] - INFO -   - Class 1.0: 150000 samples (+136488)
2025-07-30 12:39:13,316 - [src.balancing.over_sampler] - INFO -   - Class 2.0: 100000 samples (+11053)
2025-07-30 12:39:13,316 - [src.balancing.over_sampler] - INFO - Dataset size: 562012 -> 824477 samples (+262465)
2025-07-30 12:39:13,316 - [src.balancing.over_sampler] - INFO - Random Over Sampling completed successfully
2025-07-30 12:39:17,710 - [src.balancing.over_sampler] - INFO - Starting SMOTE process...
2025-07-30 12:39:17,722 - [src.balancing.over_sampler] - INFO - Original class distribution:
2025-07-30 12:39:17,723 - [src.balancing.over_sampler] - INFO -   - Class 0.0: 459553 samples
2025-07-30 12:39:17,724 - [src.balancing.over_sampler] - INFO -   - Class 1.0: 13512 samples
2025-07-30 12:39:17,725 - [src.balancing.over_sampler] - INFO -   - Class 2.0: 88947 samples
2025-07-30 12:40:29,461 - [src.balancing.over_sampler] - INFO - New class distribution after SMOTE:
2025-07-30 12:40:29,462 - [src.balancing.over_sampler] - INFO -   - Class 0.0: 574477 samples (+114924 synthetic)
2025-07-30 12:40:29,462 - [src.balancing.over_sampler] - INFO -   - Class 1.0: 150000 samples (+136488 synthetic)
2025-07-30 12:40:29,463 - [src.balancing.over_sampler] - INFO -   - Class 2.0: 100000 samples (+11053 synthetic)
2025-07-30 12:40:29,463 - [src.balancing.over_sampler] - INFO - Dataset size: 562012 -> 824477 samples (+262465 synthetic)
2025-07-30 12:40:29,463 - [src.balancing.over_sampler] - INFO - SMOTE completed successfully
