2025-09-16 21:11:59,485 - [src.models] - INFO - DiabetesLightGBMClassifier initialized with parameters:
2025-09-16 21:11:59,486 - [src.models] - INFO -  n_estimators: 100
2025-09-16 21:11:59,488 - [src.models] - INFO -  max_depth: -1
2025-09-16 21:11:59,489 - [src.models] - INFO -  learning_rate: 0.1
2025-09-16 21:11:59,490 - [src.models] - INFO -  num_leaves: 31
2025-09-16 21:11:59,492 - [src.models] - INFO -  subsample: 1.0
2025-09-16 21:11:59,493 - [src.models] - INFO -  colsample_bytree: 1.0
2025-09-16 21:11:59,494 - [src.models] - INFO -  random_state: 42
2025-09-16 21:11:59,520 - [src.models] - INFO - Starting LightGBM model training...
2025-09-16 21:12:07,963 - [src.models] - INFO - Model training completed. Training samples: 630081
2025-09-16 21:12:09,199 - [src.models] - INFO - Predictions made for 157521 samples
2025-09-16 21:12:09,302 - [src.models] - INFO - Model Evaluation Results:
2025-09-16 21:12:09,303 - [src.models] - INFO - Accuracy: 0.7547
2025-09-16 21:12:09,304 - [src.models] - INFO - Precision: 0.4380
2025-09-16 21:12:09,304 - [src.models] - INFO - Recall: 0.4953
2025-09-16 21:12:09,305 - [src.models] - INFO - F1-Score: 0.4458
2025-09-16 21:12:09,378 - [src.models] - INFO - Classification Report:
              precision    recall  f1-score   support

         0.0       0.92      0.79      0.85    131574
         1.0       0.04      0.02      0.03      3393
         2.0       0.35      0.68      0.46     22554

    accuracy                           0.75    157521
   macro avg       0.44      0.50      0.45    157521
weighted avg       0.82      0.75      0.78    157521

2025-09-16 21:12:09,449 - [src.models] - INFO - Confusion Matrix:
[[103474   1223  26877]
 [  1667     65   1661]
 [  6905    306  15343]]
2025-09-16 21:12:10,642 - [src.models] - INFO - Probabilities predicted for 157521 samples
2025-09-16 21:12:54,409 - [src.models] - INFO - Cross-validation results:
2025-09-16 21:12:54,409 - [src.models] - INFO - Mean accuracy: 0.8435 (+/- 0.0009)
2025-09-16 21:12:54,454 - [src.models] - INFO - Predictions made for 157521 samples
2025-09-16 21:12:54,512 - [src.models] - INFO - Probabilities predicted for 157521 samples
2025-09-16 21:12:54,813 - [src.models] - INFO - Predictions made for 157521 samples
2025-09-16 21:12:54,845 - [src.models] - INFO - Probabilities predicted for 157521 samples
2025-09-16 21:12:55,182 - [src.models] - INFO - Predictions made for 157521 samples
2025-09-16 21:12:55,240 - [src.models] - INFO - Probabilities predicted for 157521 samples
2025-09-16 21:12:59,212 - [src.models] - INFO - Predictions made for 157521 samples
2025-09-16 21:13:02,695 - [src.models] - INFO - Probabilities predicted for 157521 samples
2025-09-16 21:13:03,054 - [src.models] - INFO - Predictions made for 157521 samples
2025-09-16 21:13:03,276 - [src.models] - INFO - Probabilities predicted for 157521 samples
2025-09-16 21:13:04,568 - [src.models] - INFO - Predictions made for 157521 samples
2025-09-16 21:13:05,766 - [src.models] - INFO - Probabilities predicted for 157521 samples
