2025-09-27 20:47:26,328 - [src.features] - INFO - Enhanced DiabetesFeatureEngineering initialized successfully
2025-09-27 20:47:26,378 - [src.features] - INFO - Starting null values removal process...
2025-09-27 20:47:26,402 - [src.features] - INFO - No null values found in the dataset
2025-09-27 20:47:26,474 - [src.features] - INFO - Null values removal completed. Removed 0 rows (0.00%)
2025-09-27 20:47:26,474 - [src.features] - INFO - Dataset shape: 452655 -> 452655 rows
2025-09-27 20:47:26,520 - [src.features] - INFO - Starting duplicate removal process...
2025-09-27 20:47:26,807 - [src.features] - INFO - Found 3450 duplicate rows
2025-09-27 20:47:26,874 - [src.features] - INFO -   - Label 2.0: 211 duplicate rows
2025-09-27 20:47:27,097 - [src.features] - INFO -   - Label 0.0: 3228 duplicate rows
2025-09-27 20:47:27,113 - [src.features] - INFO -   - Label 1.0: 11 duplicate rows
2025-09-27 20:47:27,437 - [src.features] - INFO - Duplicate removal completed. Removed 3450 rows (0.76%)
2025-09-27 20:47:27,438 - [src.features] - INFO - Dataset shape: 452655 -> 449205 rows
2025-09-27 20:47:27,455 - [src.features] - INFO - Starting enhanced outlier handling process...
2025-09-27 20:47:27,456 - [src.features] - INFO - Columns to process: ['BMI', 'MentHlth', 'PhysHlth', 'AlcoholDays']
2025-09-27 20:47:27,483 - [src.features] - INFO - Processing outliers for column: BMI
2025-09-27 20:47:27,548 - [src.features] - INFO -   - Diabetes group 2.0: 2024 outliers (Lower: 9, Upper: 2015)
2025-09-27 20:47:27,684 - [src.features] - INFO -   - Diabetes group 0.0: 11891 outliers (Lower: 63, Upper: 11828)
2025-09-27 20:47:27,706 - [src.features] - INFO -   - Diabetes group 1.0: 554 outliers (Lower: 22, Upper: 532)
2025-09-27 20:47:27,710 - [src.features] - INFO - Processing outliers for column: MentHlth
2025-09-27 20:47:27,762 - [src.features] - INFO -   - Diabetes group 2.0: 13244 outliers (Lower: 0, Upper: 13244)
2025-09-27 20:47:27,920 - [src.features] - INFO -   - Diabetes group 0.0: 53646 outliers (Lower: 0, Upper: 53646)
2025-09-27 20:47:27,943 - [src.features] - INFO -   - Diabetes group 1.0: 1921 outliers (Lower: 0, Upper: 1921)
2025-09-27 20:47:27,946 - [src.features] - INFO - Processing outliers for column: PhysHlth
2025-09-27 20:47:28,125 - [src.features] - INFO -   - Diabetes group 0.0: 59172 outliers (Lower: 0, Upper: 59172)
2025-09-27 20:47:28,145 - [src.features] - INFO -   - Diabetes group 1.0: 1787 outliers (Lower: 0, Upper: 1787)
2025-09-27 20:47:28,149 - [src.features] - INFO - Processing outliers for column: AlcoholDays
2025-09-27 20:47:28,197 - [src.features] - INFO -   - Diabetes group 2.0: 14393 outliers (Lower: 0, Upper: 14393)
2025-09-27 20:47:28,357 - [src.features] - INFO -   - Diabetes group 0.0: 41346 outliers (Lower: 0, Upper: 41346)
2025-09-27 20:47:28,390 - [src.features] - INFO -   - Diabetes group 1.0: 1634 outliers (Lower: 0, Upper: 1634)
2025-09-27 20:47:28,395 - [src.features] - INFO - Enhanced outlier handling completed. Total outliers handled: 201612
2025-09-27 20:47:34,434 - [src.features] - INFO - Creating enhanced health score feature...
2025-09-27 20:47:34,463 - [src.features] - INFO - Using columns for health score: ['GenHlth', 'MentHlth', 'PhysHlth', 'DiffWalk']
2025-09-27 20:47:34,474 - [src.features] - INFO - Enhanced health score created using 4 features. Range: [0.200, 2.917]
2025-09-27 20:47:34,496 - [src.features] - INFO - Creating enhanced comprehensive risk score feature...
2025-09-27 20:47:34,572 - [src.features] - INFO - Using 8 risk factors: ['HighBP', 'HighChol', 'HeartDiseaseorAttack', 'Stroke', 'DiagnosedHeartAttack', 'CoronaryHeartDisease', 'COPD', 'KidneyDisease']
2025-09-27 20:47:34,616 - [src.features] - INFO - Enhanced risk score created successfully. Range: [0.0, 8.0]
2025-09-27 20:47:34,638 - [src.features] - INFO - Creating enhanced lifestyle score feature...
2025-09-27 20:47:34,744 - [src.features] - INFO - Enhanced lifestyle score created using 1 positive and 2 negative factors
2025-09-27 20:47:34,747 - [src.features] - INFO - Range: [-1.333, 1.000]
2025-09-27 20:47:34,768 - [src.features] - INFO - Creating enhanced cardiovascular risk feature...
2025-09-27 20:47:34,850 - [src.features] - INFO - Enhanced cardiovascular risk created using: ['HighBP', 'HighChol', 'DiagnosedHeartAttack', 'CoronaryHeartDisease', 'BMI_Obesity']
2025-09-27 20:47:34,855 - [src.features] - INFO - Range: [0.0, 5.0]
2025-09-27 20:47:34,875 - [src.features] - INFO - Creating healthcare access score feature...
2025-09-27 20:47:35,061 - [src.features] - INFO - Healthcare access score created using: ['AnyHealthcare', 'HasPersonalDoctor', 'NoDocbcCost', 'CannotAffordDoctor', 'LastCheckup']
2025-09-27 20:47:35,063 - [src.features] - INFO - Range: [-2.000, 3.000]
2025-09-27 20:47:35,088 - [src.features] - INFO - Creating socioeconomic score feature...
2025-09-27 20:47:35,183 - [src.features] - INFO - Socioeconomic score created using: ['Education', 'Income', 'EmploymentStatus', 'MaritalStatus']
2025-09-27 20:47:35,187 - [src.features] - INFO - Range: [0.549, 4.000]
2025-09-27 20:47:35,220 - [src.features] - INFO - Creating cholesterol management score feature...
2025-09-27 20:47:35,318 - [src.features] - INFO - Cholesterol management score created using: ['CholCheck', 'HighChol', 'CholesterolMeds']
2025-09-27 20:47:35,322 - [src.features] - INFO - Range: [-1.000, 2.000]
2025-09-27 20:47:35,347 - [src.features] - INFO - Creating comprehensive mental health score feature...
2025-09-27 20:47:35,446 - [src.features] - INFO - Comprehensive mental health score created using: ['Depression', 'CognitiveIssues', 'MentHlth']
2025-09-27 20:47:35,449 - [src.features] - INFO - Range: [-2.417, 0.000]
2025-09-27 20:47:35,479 - [src.features] - INFO - Creating BMI category feature...
2025-09-27 20:47:35,695 - [src.features] - INFO - BMI category distribution:
2025-09-27 20:47:35,696 - [src.features] - INFO -   - Pre-obesity: 163017 (36.29%)
2025-09-27 20:47:35,697 - [src.features] - INFO -   - Obesity class I: 107175 (23.86%)
2025-09-27 20:47:35,697 - [src.features] - INFO -   - Normal weight: 99203 (22.08%)
2025-09-27 20:47:35,698 - [src.features] - INFO -   - Obesity class II: 45231 (10.07%)
2025-09-27 20:47:35,699 - [src.features] - INFO -   - Obesity class III: 29862 (6.65%)
2025-09-27 20:47:35,699 - [src.features] - INFO -   - Underweight: 4717 (1.05%)
2025-09-27 20:47:35,751 - [src.features] - INFO - Creating enhanced age group feature...
2025-09-27 20:47:35,892 - [src.features] - INFO - Age-Sex distribution analysis:
2025-09-27 20:47:35,940 - [src.features] - INFO -   - Middle-Sex0.0: 81318
2025-09-27 20:47:35,941 - [src.features] - INFO -   - Middle-Sex1.0: 84992
2025-09-27 20:47:35,941 - [src.features] - INFO -   - Middle-Sex9.0: 1
2025-09-27 20:47:35,942 - [src.features] - INFO -   - Senior-Sex0.0: 114689
2025-09-27 20:47:35,943 - [src.features] - INFO -   - Senior-Sex1.0: 131791
2025-09-27 20:47:35,943 - [src.features] - INFO -   - Senior-Sex9.0: 10
2025-09-27 20:47:35,944 - [src.features] - INFO -   - Young-Sex0.0: 18851
2025-09-27 20:47:35,944 - [src.features] - INFO -   - Young-Sex1.0: 17553
2025-09-27 20:47:35,946 - [src.features] - INFO -   - Young-Sex9.0: 0
2025-09-27 20:47:35,969 - [src.features] - INFO - Age group distribution:
2025-09-27 20:47:35,970 - [src.features] - INFO -   - Senior: 246490 (54.87%)
2025-09-27 20:47:35,972 - [src.features] - INFO -   - Middle: 166311 (37.02%)
2025-09-27 20:47:35,973 - [src.features] - INFO -   - Young: 36404 (8.10%)
2025-09-27 20:47:36,164 - [src.features] - INFO - Starting enhanced categorical feature encoding...
2025-09-27 20:47:36,215 - [src.features] - INFO - Found 2 categorical columns to encode: ['BMICategory', 'AgeGroup']
2025-09-27 20:47:36,216 - [src.features] - INFO - Encoding column: BMICategory
2025-09-27 20:47:36,282 - [src.features] - INFO -   - Encoding mapping: {'Normal weight': 0, 'Obesity class I': 1, 'Obesity class II': 2, 'Obesity class III': 3, 'Pre-obesity': 4, 'Underweight': 5}
2025-09-27 20:47:36,282 - [src.features] - INFO - Encoding column: AgeGroup
2025-09-27 20:47:36,346 - [src.features] - INFO -   - Encoding mapping: {'Middle': 0, 'Senior': 1, 'Young': 2}
2025-09-27 20:47:36,347 - [src.features] - INFO - Categorical feature encoding completed for 2 columns
2025-09-27 20:47:36,481 - [src.features] - INFO - Starting enhanced feature selection process...
2025-09-27 20:47:36,483 - [src.features] - INFO - Target column: Diabetes
2025-09-27 20:47:36,487 - [src.features] - INFO - Correlation threshold: 0.05
2025-09-27 20:47:39,062 - [src.features] - INFO - Selected 33 features (+ target column) out of 42 available
2025-09-27 20:47:39,062 - [src.features] - INFO - Top 10 selected features by correlation:
2025-09-27 20:47:39,063 - [src.features] - INFO -   - PhysHlth: 0.4401 (|0.4401|)
2025-09-27 20:47:39,064 - [src.features] - INFO -   - HlthScore: 0.3969 (|0.3969|)
2025-09-27 20:47:39,064 - [src.features] - INFO -   - CardioRisk: 0.3386 (|0.3386|)
2025-09-27 20:47:39,065 - [src.features] - INFO -   - RiskScore: 0.3054 (|0.3054|)
2025-09-27 20:47:39,066 - [src.features] - INFO -   - GenHlth: 0.3029 (|0.3029|)
2025-09-27 20:47:39,067 - [src.features] - INFO -   - CholesterolMeds: 0.2956 (|0.2956|)
2025-09-27 20:47:39,068 - [src.features] - INFO -   - HighBP: 0.2645 (|0.2645|)
2025-09-27 20:47:39,068 - [src.features] - INFO -   - BMI: 0.2483 (|0.2483|)
2025-09-27 20:47:39,070 - [src.features] - INFO -   - AlcoholDays: -0.2444 (|0.2444|)
2025-09-27 20:47:39,071 - [src.features] - INFO -   - DiffWalk: 0.2193 (|0.2193|)
