2025-09-17 16:05:51,155 - [src.features] - INFO - DiabetesFeatureEngineering initialized successfully
2025-09-17 16:05:51,160 - [src.features] - INFO - ============================================================
2025-09-17 16:05:51,162 - [src.features] - INFO - STARTING COMPLETE FEATURE ENGINEERING PIPELINE
2025-09-17 16:05:51,165 - [src.features] - INFO - ============================================================
2025-09-17 16:05:51,168 - [src.features] - INFO - Initial dataset shape: (787602, 21)
2025-09-17 16:05:51,170 - [src.features] - INFO - Starting null values removal process...
2025-09-17 16:05:51,234 - [src.features] - INFO - No null values found in the dataset
2025-09-17 16:05:51,377 - [src.features] - INFO - Null values removal completed. Removed 0 rows (0.00%)
2025-09-17 16:05:51,378 - [src.features] - INFO - Dataset shape: 787602 -> 787602 rows
2025-09-17 16:05:51,380 - [src.features] - INFO - After null removal: (787602, 21)
2025-09-17 16:05:51,382 - [src.features] - INFO - Starting duplicate removal process...
2025-09-17 16:05:52,016 - [src.features] - INFO - Found 85086 duplicate rows
2025-09-17 16:05:52,156 - [src.features] - INFO -   - Label 2.0: 1588 duplicate rows
2025-09-17 16:05:52,745 - [src.features] - INFO -   - Label 0.0: 83425 duplicate rows
2025-09-17 16:05:52,778 - [src.features] - INFO -   - Label 1.0: 73 duplicate rows
2025-09-17 16:05:53,510 - [src.features] - INFO - Duplicate removal completed. Removed 85086 rows (10.80%)
2025-09-17 16:05:53,511 - [src.features] - INFO - Dataset shape: 787602 -> 702516 rows
2025-09-17 16:05:53,513 - [src.features] - INFO - After duplicate removal: (702516, 21)
2025-09-17 16:05:53,517 - [src.features] - INFO - Starting outlier handling process...
2025-09-17 16:05:53,520 - [src.features] - INFO - Columns to process: ['BMI', 'MentHlth', 'PhysHlth']
2025-09-17 16:05:53,572 - [src.features] - INFO - Processing outliers for column: BMI
2025-09-17 16:05:53,698 - [src.features] - INFO -   - Diabetes group 2.0: 2770 outliers (Lower: 11, Upper: 2759)
2025-09-17 16:05:54,090 - [src.features] - INFO -   - Diabetes group 0.0: 21098 outliers (Lower: 110, Upper: 20988)
2025-09-17 16:05:54,147 - [src.features] - INFO -   - Diabetes group 1.0: 624 outliers (Lower: 7, Upper: 617)
2025-09-17 16:05:54,164 - [src.features] - INFO - Processing outliers for column: MentHlth
2025-09-17 16:05:54,293 - [src.features] - INFO -   - Diabetes group 2.0: 17445 outliers (Lower: 0, Upper: 17445)
2025-09-17 16:05:54,641 - [src.features] - INFO -   - Diabetes group 0.0: 92100 outliers (Lower: 0, Upper: 92100)
2025-09-17 16:05:54,697 - [src.features] - INFO -   - Diabetes group 1.0: 2614 outliers (Lower: 0, Upper: 2614)
2025-09-17 16:05:54,714 - [src.features] - INFO - Processing outliers for column: PhysHlth
2025-09-17 16:05:55,180 - [src.features] - INFO -   - Diabetes group 0.0: 87648 outliers (Lower: 0, Upper: 87648)
2025-09-17 16:05:55,245 - [src.features] - INFO -   - Diabetes group 1.0: 2475 outliers (Lower: 0, Upper: 2475)
2025-09-17 16:05:55,262 - [src.features] - INFO - Outlier handling completed. Total outliers handled: 226774
2025-09-17 16:05:55,264 - [src.features] - INFO - Creating health score feature...
2025-09-17 16:05:55,332 - [src.features] - INFO - Health score created successfully. Range: [0.200, 2.333]
2025-09-17 16:05:55,339 - [src.features] - INFO - Creating risk score feature...
2025-09-17 16:05:55,629 - [src.features] - INFO - Risk score created successfully using 4 features. Range: [0.0, 4.0]
2025-09-17 16:05:55,631 - [src.features] - INFO - Creating lifestyle score feature...
2025-09-17 16:05:56,043 - [src.features] - INFO - Lifestyle score created successfully using 1 positive and 2 negative factors
2025-09-17 16:05:56,050 - [src.features] - INFO - Range: [-2.0, 1.0]
2025-09-17 16:05:56,055 - [src.features] - INFO - Creating cardiovascular risk feature...
2025-09-17 16:05:56,235 - [src.features] - INFO - Cardiovascular risk created successfully using: ['HighBP', 'HighChol', 'BMI_Obesity']
2025-09-17 16:05:56,244 - [src.features] - INFO - Range: [0.0, 3.0]
2025-09-17 16:05:56,246 - [src.features] - INFO - Creating BMI category feature...
2025-09-17 16:05:56,757 - [src.features] - INFO - BMI category distribution:
2025-09-17 16:05:56,758 - [src.features] - INFO -   - Pre-obesity: 243286 (34.63%)
2025-09-17 16:05:56,759 - [src.features] - INFO -   - Normal weight: 170548 (24.28%)
2025-09-17 16:05:56,760 - [src.features] - INFO -   - Obesity class I: 160806 (22.89%)
2025-09-17 16:05:56,763 - [src.features] - INFO -   - Obesity class II: 70206 (9.99%)
2025-09-17 16:05:56,764 - [src.features] - INFO -   - Obesity class III: 47594 (6.77%)
2025-09-17 16:05:56,768 - [src.features] - INFO -   - Underweight: 10076 (1.43%)
2025-09-17 16:05:56,771 - [src.features] - INFO - Creating age group feature...
2025-09-17 16:05:57,228 - [src.features] - INFO - Age group distribution:
2025-09-17 16:05:57,229 - [src.features] - INFO -   - Senior: 345527 (49.18%)
2025-09-17 16:05:57,230 - [src.features] - INFO -   - Middle: 269648 (38.38%)
2025-09-17 16:05:57,231 - [src.features] - INFO -   - Young: 87341 (12.43%)
2025-09-17 16:05:57,237 - [src.features] - INFO - After feature creation: (702516, 27)
2025-09-17 16:05:57,241 - [src.features] - INFO - Starting categorical feature encoding...
2025-09-17 16:05:57,344 - [src.features] - INFO - Found 2 categorical columns to encode: ['BMICategory', 'AgeGroup']
2025-09-17 16:05:57,345 - [src.features] - INFO - Encoding column: BMICategory
2025-09-17 16:05:57,512 - [src.features] - INFO -   - Encoding mapping: {'Normal weight': 0, 'Obesity class I': 1, 'Obesity class II': 2, 'Obesity class III': 3, 'Pre-obesity': 4, 'Underweight': 5}
2025-09-17 16:05:57,513 - [src.features] - INFO - Encoding column: AgeGroup
2025-09-17 16:05:57,675 - [src.features] - INFO -   - Encoding mapping: {'Middle': 0, 'Senior': 1, 'Young': 2}
2025-09-17 16:05:57,676 - [src.features] - INFO - Categorical feature encoding completed
2025-09-17 16:05:57,681 - [src.features] - INFO - After categorical encoding: (702516, 27)
2025-09-17 16:05:57,682 - [src.features] - INFO - Starting feature selection process...
2025-09-17 16:05:57,684 - [src.features] - INFO - Target column: Diabetes
2025-09-17 16:05:57,688 - [src.features] - INFO - Correlation threshold: 0.1
2025-09-17 16:06:00,397 - [src.features] - INFO - Selected 14 features (+ target column)
2025-09-17 16:06:00,399 - [src.features] - INFO - Selected features and their correlations:
2025-09-17 16:06:00,399 - [src.features] - INFO -   - HighBP: 0.2641
2025-09-17 16:06:00,400 - [src.features] - INFO -   - HighChol: 0.2109
2025-09-17 16:06:00,403 - [src.features] - INFO -   - BMI: 0.2327
2025-09-17 16:06:00,405 - [src.features] - INFO -   - Stroke: 0.1005
2025-09-17 16:06:00,408 - [src.features] - INFO -   - HeartDiseaseorAttack: 0.1709
2025-09-17 16:06:00,412 - [src.features] - INFO -   - PhysActivity: -0.1140
2025-09-17 16:06:00,414 - [src.features] - INFO -   - GenHlth: 0.2728
2025-09-17 16:06:00,416 - [src.features] - INFO -   - PhysHlth: 0.3874
2025-09-17 16:06:00,417 - [src.features] - INFO -   - DiffWalk: 0.2064
2025-09-17 16:06:00,422 - [src.features] - INFO -   - Age: 0.2029
2025-09-17 16:06:00,424 - [src.features] - INFO -   - Income: -0.1331
2025-09-17 16:06:00,425 - [src.features] - INFO -   - HlthScore: 0.3564
2025-09-17 16:06:00,427 - [src.features] - INFO -   - RiskScore: 0.3159
2025-09-17 16:06:00,430 - [src.features] - INFO -   - CardioRisk: 0.3253
2025-09-17 16:06:00,481 - [src.features] - INFO - Final dataset shape: (702516, 15)
2025-09-17 16:06:00,483 - [src.features] - INFO - ============================================================
2025-09-17 16:06:00,484 - [src.features] - INFO - FEATURE ENGINEERING PIPELINE COMPLETED
2025-09-17 16:06:00,485 - [src.features] - INFO - ============================================================
2025-09-17 16:06:00,491 - [src.features] - INFO - Dataset transformation: (787602, 21) -> (702516, 15)
2025-09-17 16:06:00,493 - [src.features] - INFO - Rows change: 787602 -> 702516 (-10.80%)
2025-09-17 16:06:00,496 - [src.features] - INFO - Features change: 21 -> 15 (-28.57%)
