2025-09-17 20:12:08,659 - [src.balancing] - INFO - OverSamplingBalancer initialized successfully
2025-09-17 20:12:08,677 - [src.balancing] - INFO - Starting Random Over Sampling process...
2025-09-17 20:12:08,693 - [src.balancing] - INFO - Original class distribution:
2025-09-17 20:12:08,695 - [src.balancing] - INFO -   - Class 0.0: 459553 samples
2025-09-17 20:12:08,696 - [src.balancing] - INFO -   - Class 1.0: 13512 samples
2025-09-17 20:12:08,697 - [src.balancing] - INFO -   - Class 2.0: 88947 samples
2025-09-17 20:12:08,916 - [src.balancing] - INFO - New class distribution after Random Over Sampling:
2025-09-17 20:12:08,918 - [src.balancing] - INFO -   - Class 0.0: 459553 samples (+0)
2025-09-17 20:12:08,919 - [src.balancing] - INFO -   - Class 1.0: 50000 samples (+36488)
2025-09-17 20:12:08,920 - [src.balancing] - INFO -   - Class 2.0: 150000 samples (+61053)
2025-09-17 20:12:08,921 - [src.balancing] - INFO - Dataset size: 562012 -> 659553 samples (+97541)
2025-09-17 20:12:08,922 - [src.balancing] - INFO - Random Over Sampling completed successfully
2025-09-17 20:12:09,239 - [src.balancing] - INFO - Starting SMOTE process...
2025-09-17 20:12:09,253 - [src.balancing] - INFO - Original class distribution:
2025-09-17 20:12:09,254 - [src.balancing] - INFO -   - Class 0.0: 459553 samples
2025-09-17 20:12:09,255 - [src.balancing] - INFO -   - Class 1.0: 13512 samples
2025-09-17 20:12:09,256 - [src.balancing] - INFO -   - Class 2.0: 88947 samples
2025-09-17 20:12:23,590 - [src.balancing] - INFO - New class distribution after SMOTE:
2025-09-17 20:12:23,591 - [src.balancing] - INFO -   - Class 0.0: 459553 samples (+0 synthetic)
2025-09-17 20:12:23,592 - [src.balancing] - INFO -   - Class 1.0: 50000 samples (+36488 synthetic)
2025-09-17 20:12:23,593 - [src.balancing] - INFO -   - Class 2.0: 150000 samples (+61053 synthetic)
2025-09-17 20:12:23,594 - [src.balancing] - INFO - Dataset size: 562012 -> 659553 samples (+97541 synthetic)
2025-09-17 20:12:23,596 - [src.balancing] - INFO - SMOTE completed successfully
2025-09-17 20:12:23,861 - [src.balancing] - INFO - Starting ADASYN over-sampling process...
2025-09-17 20:12:23,875 - [src.balancing] - INFO - Original class distribution:
2025-09-17 20:12:23,876 - [src.balancing] - INFO -  - Class 0.0: 459553 samples
2025-09-17 20:12:23,877 - [src.balancing] - INFO -  - Class 1.0: 13512 samples
2025-09-17 20:12:23,878 - [src.balancing] - INFO -  - Class 2.0: 88947 samples
2025-09-17 20:13:09,983 - [src.balancing] - INFO - New class distribution after ADASYN:
2025-09-17 20:13:09,984 - [src.balancing] - INFO -  - Class 0.0: 459553 samples (+0 synthetic)
2025-09-17 20:13:09,986 - [src.balancing] - INFO -  - Class 1.0: 50523 samples (+37011 synthetic)
2025-09-17 20:13:09,987 - [src.balancing] - INFO -  - Class 2.0: 147562 samples (+58615 synthetic)
2025-09-17 20:13:09,989 - [src.balancing] - INFO - Dataset size: 562012 -> 657638 samples (+95626 synthetic)
2025-09-17 20:13:09,991 - [src.balancing] - INFO - ADASYN over-sampling completed successfully
