2025-09-17 22:36:34,781 - [src.models] - INFO - DiabetesSGDClassifier initialized with parameters:
2025-09-17 22:36:34,782 - [src.models] - INFO -   loss: log_loss
2025-09-17 22:36:34,784 - [src.models] - INFO -   penalty: l2
2025-09-17 22:36:34,785 - [src.models] - INFO -   alpha: 0.0001
2025-09-17 22:36:34,787 - [src.models] - INFO -   learning_rate: constant
2025-09-17 22:36:34,788 - [src.models] - INFO -   eta0: 0.01
2025-09-17 22:36:34,789 - [src.models] - INFO -   max_iter: 1000
2025-09-17 22:36:34,789 - [src.models] - INFO -   random_state: 42
2025-09-17 22:36:34,790 - [src.models] - INFO - DiabetesLogisticRegression initialized with parameters:
2025-09-17 22:36:34,791 - [src.models] - INFO -   C: 1.0
2025-09-17 22:36:34,791 - [src.models] - INFO -   penalty: l2
2025-09-17 22:36:34,792 - [src.models] - INFO -   class_weight: None
2025-09-17 22:36:34,793 - [src.models] - INFO -   solver: saga
2025-09-17 22:36:34,793 - [src.models] - INFO -   max_iter: 100
2025-09-17 22:36:34,793 - [src.models] - INFO -   random_state: 42
2025-09-17 22:36:34,795 - [src.models] - INFO - DiabetesNaiveBayes (Gaussian) initialized with parameters:
2025-09-17 22:36:34,795 - [src.models] - INFO -   nb_type: gaussian
2025-09-17 22:36:34,796 - [src.models] - INFO -   var_smoothing: 1e-09
2025-09-17 22:36:34,797 - [src.models] - INFO - DiabetesRandomForest initialized with parameters:
2025-09-17 22:36:34,798 - [src.models] - INFO -   n_estimators: 100
2025-09-17 22:36:34,798 - [src.models] - INFO -   max_depth: 25
2025-09-17 22:36:34,799 - [src.models] - INFO -   min_samples_split: 5
2025-09-17 22:36:34,801 - [src.models] - INFO -   min_samples_leaf: 5
2025-09-17 22:36:34,803 - [src.models] - INFO -   max_features: sqrt
2025-09-17 22:36:34,804 - [src.models] - INFO -   class_weight: balanced
2025-09-17 22:36:34,805 - [src.models] - INFO -   random_state: 42
2025-09-17 22:36:34,806 - [src.models] - INFO - DiabetesXGBoostClassifier initialized with parameters:
2025-09-17 22:36:34,807 - [src.models] - INFO -  n_estimators: 100
2025-09-17 22:36:34,808 - [src.models] - INFO -  max_depth: 6
2025-09-17 22:36:34,808 - [src.models] - INFO -  learning_rate: 0.1
2025-09-17 22:36:34,809 - [src.models] - INFO -  subsample: 1.0
2025-09-17 22:36:34,810 - [src.models] - INFO -  colsample_bytree: 1.0
2025-09-17 22:36:34,811 - [src.models] - INFO -  random_state: 42
2025-09-17 22:36:34,812 - [src.models] - INFO - DiabetesLightGBMClassifier initialized with parameters:
2025-09-17 22:36:34,812 - [src.models] - INFO -  n_estimators: 100
2025-09-17 22:36:34,813 - [src.models] - INFO -  max_depth: -1
2025-09-17 22:36:34,813 - [src.models] - INFO -  learning_rate: 0.1
2025-09-17 22:36:34,814 - [src.models] - INFO -  num_leaves: 31
2025-09-17 22:36:34,814 - [src.models] - INFO -  subsample: 1.0
2025-09-17 22:36:34,815 - [src.models] - INFO -  colsample_bytree: 1.0
2025-09-17 22:36:34,815 - [src.models] - INFO -  random_state: 42
2025-09-17 22:36:34,817 - [src.models] - INFO - Starting SGD Classifier model training...
2025-09-17 22:36:36,933 - [src.models] - INFO - Model training completed. Training samples: 657638
2025-09-17 22:36:36,934 - [src.models] - INFO - Number of iterations: 7
2025-09-17 22:36:36,946 - [src.models] - INFO - Predictions made for 140504 samples
2025-09-17 22:36:37,003 - [src.models] - INFO - Model Evaluation Results:
2025-09-17 22:36:37,004 - [src.models] - INFO - Accuracy: 0.8400
2025-09-17 22:36:37,005 - [src.models] - INFO - Precision: 0.4901
2025-09-17 22:36:37,006 - [src.models] - INFO - Recall: 0.4295
2025-09-17 22:36:37,008 - [src.models] - INFO - F1-Score: 0.4443
2025-09-17 22:36:37,071 - [src.models] - INFO - Classification Report:
              precision    recall  f1-score   support

         0.0       0.86      0.96      0.91    114889
         1.0       0.00      0.00      0.00      3378
         2.0       0.61      0.32      0.42     22237

    accuracy                           0.84    140504
   macro avg       0.49      0.43      0.44    140504
weighted avg       0.80      0.84      0.81    140504

2025-09-17 22:36:37,157 - [src.models] - INFO - Confusion Matrix:
[[110823      0   4066]
 [  2822      0    556]
 [ 15035      0   7202]]
2025-09-17 22:36:37,179 - [src.models] - INFO - Probabilities predicted for 140504 samples
2025-09-17 22:36:45,304 - [src.models] - INFO - Cross-validation results:
2025-09-17 22:36:45,305 - [src.models] - INFO - Mean accuracy: 0.7237 (+/- 0.0485)
2025-09-17 22:36:45,306 - [src.models] - INFO - Starting Logistic Regression model training...
2025-09-17 22:36:55,147 - [src.models] - INFO - Model training completed. Training samples: 657638
2025-09-17 22:36:55,155 - [src.models] - INFO - Predictions made for 140504 samples
2025-09-17 22:36:55,199 - [src.models] - INFO - Model Evaluation Results:
2025-09-17 22:36:55,200 - [src.models] - INFO - Accuracy: 0.8321
2025-09-17 22:36:55,201 - [src.models] - INFO - Precision: 0.4699
2025-09-17 22:36:55,202 - [src.models] - INFO - Recall: 0.4441
2025-09-17 22:36:55,203 - [src.models] - INFO - F1-Score: 0.4525
2025-09-17 22:36:55,255 - [src.models] - INFO - Classification Report:
              precision    recall  f1-score   support

         0.0       0.87      0.94      0.90    114889
         1.0       0.00      0.00      0.00      3378
         2.0       0.54      0.39      0.45     22237

    accuracy                           0.83    140504
   macro avg       0.47      0.44      0.45    140504
weighted avg       0.80      0.83      0.81    140504

2025-09-17 22:36:55,349 - [src.models] - INFO - Confusion Matrix:
[[108247      0   6642]
 [  2628      0    750]
 [ 13564      0   8673]]
2025-09-17 22:36:55,373 - [src.models] - INFO - Probabilities predicted for 140504 samples
2025-09-17 22:37:28,657 - [src.models] - INFO - Cross-validation results:
2025-09-17 22:37:28,659 - [src.models] - INFO - Mean accuracy: 0.7241 (+/- 0.0500)
2025-09-17 22:37:28,660 - [src.models] - INFO - Starting Gaussian Naive Bayes model training...
2025-09-17 22:37:28,854 - [src.models] - INFO - Model training completed. Training samples: 657638
2025-09-17 22:37:28,855 - [src.models] - INFO - Number of classes: 3
2025-09-17 22:37:28,856 - [src.models] - INFO - Classes: [0. 1. 2.]
2025-09-17 22:37:28,887 - [src.models] - INFO - Predictions made for 140504 samples
2025-09-17 22:37:28,927 - [src.models] - INFO - Model Evaluation Results:
2025-09-17 22:37:28,928 - [src.models] - INFO - Accuracy: 0.7641
2025-09-17 22:37:28,928 - [src.models] - INFO - Precision: 0.4374
2025-09-17 22:37:28,929 - [src.models] - INFO - Recall: 0.4687
2025-09-17 22:37:28,930 - [src.models] - INFO - F1-Score: 0.4426
2025-09-17 22:37:28,976 - [src.models] - INFO - Classification Report:
              precision    recall  f1-score   support

         0.0       0.89      0.82      0.86    114889
         1.0       0.04      0.01      0.02      3378
         2.0       0.38      0.57      0.45     22237

    accuracy                           0.76    140504
   macro avg       0.44      0.47      0.44    140504
weighted avg       0.79      0.76      0.77    140504

2025-09-17 22:37:29,025 - [src.models] - INFO - Confusion Matrix:
[[94606   607 19676]
 [ 1954    35  1389]
 [ 9327   187 12723]]
2025-09-17 22:37:29,068 - [src.models] - INFO - Probabilities predicted for 140504 samples
2025-09-17 22:37:30,210 - [src.models] - INFO - Cross-validation results:
2025-09-17 22:37:30,210 - [src.models] - INFO - Mean accuracy: 0.6839 (+/- 0.0462)
2025-09-17 22:37:30,211 - [src.models] - INFO - Starting Random Forest model training...
2025-09-17 22:38:40,395 - [src.models] - INFO - Model training completed. Training samples: 657638
2025-09-17 22:38:40,396 - [src.models] - INFO - Number of trees: 100
2025-09-17 22:38:42,947 - [src.models] - INFO - Predictions made for 140504 samples
2025-09-17 22:38:42,982 - [src.models] - INFO - Model Evaluation Results:
2025-09-17 22:38:42,983 - [src.models] - INFO - Accuracy: 0.7793
2025-09-17 22:38:42,984 - [src.models] - INFO - Precision: 0.5124
2025-09-17 22:38:42,985 - [src.models] - INFO - Recall: 0.5916
2025-09-17 22:38:42,986 - [src.models] - INFO - F1-Score: 0.5347
2025-09-17 22:38:43,026 - [src.models] - INFO - Classification Report:
              precision    recall  f1-score   support

         0.0       0.94      0.80      0.87    114889
         1.0       0.16      0.23      0.19      3378
         2.0       0.44      0.74      0.55     22237

    accuracy                           0.78    140504
   macro avg       0.51      0.59      0.53    140504
weighted avg       0.84      0.78      0.80    140504

2025-09-17 22:38:43,069 - [src.models] - INFO - Confusion Matrix:
[[92188  2958 19743]
 [ 1110   774  1494]
 [ 4502  1205 16530]]
2025-09-17 22:38:45,533 - [src.models] - INFO - Probabilities predicted for 140504 samples
2025-09-17 22:43:34,306 - [src.models] - INFO - Cross-validation results:
2025-09-17 22:43:34,306 - [src.models] - INFO - Mean accuracy: 0.7620 (+/- 0.0385)
2025-09-17 22:43:34,307 - [src.models] - INFO - Starting XGBoost model training...
2025-09-17 22:43:44,277 - [src.models] - INFO - Model training completed. Training samples: 657638
2025-09-17 22:43:44,525 - [src.models] - INFO - Predictions made for 140504 samples
2025-09-17 22:43:44,577 - [src.models] - INFO - Model Evaluation Results:
2025-09-17 22:43:44,578 - [src.models] - INFO - Accuracy: 0.8794
2025-09-17 22:43:44,579 - [src.models] - INFO - Precision: 0.7960
2025-09-17 22:43:44,579 - [src.models] - INFO - Recall: 0.5296
2025-09-17 22:43:44,580 - [src.models] - INFO - F1-Score: 0.5763
2025-09-17 22:43:44,630 - [src.models] - INFO - Classification Report:
              precision    recall  f1-score   support

         0.0       0.90      0.98      0.93    114889
         1.0       0.75      0.11      0.20      3378
         2.0       0.75      0.50      0.60     22237

    accuracy                           0.88    140504
   macro avg       0.80      0.53      0.58    140504
weighted avg       0.87      0.88      0.86    140504

2025-09-17 22:43:44,695 - [src.models] - INFO - Confusion Matrix:
[[112041      0   2848]
 [  2044    380    954]
 [ 10966    129  11142]]
2025-09-17 22:43:44,903 - [src.models] - INFO - Probabilities predicted for 140504 samples
2025-09-17 22:44:23,884 - [src.models] - INFO - Cross-validation results:
2025-09-17 22:44:23,887 - [src.models] - INFO - Mean accuracy: 0.8086 (+/- 0.0083)
2025-09-17 22:44:23,888 - [src.models] - INFO - Starting LightGBM model training...
2025-09-17 22:44:34,077 - [src.models] - INFO - Model training completed. Training samples: 657638
2025-09-17 22:44:35,552 - [src.models] - INFO - Predictions made for 140504 samples
2025-09-17 22:44:35,610 - [src.models] - INFO - Model Evaluation Results:
2025-09-17 22:44:35,611 - [src.models] - INFO - Accuracy: 0.8867
2025-09-17 22:44:35,612 - [src.models] - INFO - Precision: 0.8726
2025-09-17 22:44:35,613 - [src.models] - INFO - Recall: 0.5445
2025-09-17 22:44:35,614 - [src.models] - INFO - F1-Score: 0.6049
2025-09-17 22:44:35,677 - [src.models] - INFO - Classification Report:
              precision    recall  f1-score   support

         0.0       0.90      0.98      0.94    114889
         1.0       0.92      0.15      0.26      3378
         2.0       0.80      0.50      0.61     22237

    accuracy                           0.89    140504
   macro avg       0.87      0.54      0.60    140504
weighted avg       0.88      0.89      0.87    140504

2025-09-17 22:44:35,737 - [src.models] - INFO - Confusion Matrix:
[[113053      0   1836]
 [  1993    521    864]
 [ 11176     46  11015]]
2025-09-17 22:44:37,184 - [src.models] - INFO - Probabilities predicted for 140504 samples
2025-09-17 22:45:23,774 - [src.models] - INFO - Cross-validation results:
2025-09-17 22:45:23,775 - [src.models] - INFO - Mean accuracy: 0.8359 (+/- 0.0371)
2025-09-17 22:45:23,800 - [src.models] - INFO - Predictions made for 140504 samples
2025-09-17 22:45:23,844 - [src.models] - INFO - Probabilities predicted for 140504 samples
2025-09-17 22:45:24,184 - [src.models] - INFO - Predictions made for 140504 samples
2025-09-17 22:45:24,211 - [src.models] - INFO - Probabilities predicted for 140504 samples
2025-09-17 22:45:24,489 - [src.models] - INFO - Predictions made for 140504 samples
2025-09-17 22:45:24,528 - [src.models] - INFO - Probabilities predicted for 140504 samples
2025-09-17 22:45:27,163 - [src.models] - INFO - Predictions made for 140504 samples
2025-09-17 22:45:29,539 - [src.models] - INFO - Probabilities predicted for 140504 samples
2025-09-17 22:45:29,865 - [src.models] - INFO - Predictions made for 140504 samples
2025-09-17 22:45:30,060 - [src.models] - INFO - Probabilities predicted for 140504 samples
2025-09-17 22:45:31,628 - [src.models] - INFO - Predictions made for 140504 samples
2025-09-17 22:45:33,154 - [src.models] - INFO - Probabilities predicted for 140504 samples
