2025-09-17 23:13:35,340 - [src.models] - INFO - DiabetesSGDClassifier initialized with parameters:
2025-09-17 23:13:35,340 - [src.models] - INFO -   loss: log_loss
2025-09-17 23:13:35,341 - [src.models] - INFO -   penalty: l2
2025-09-17 23:13:35,341 - [src.models] - INFO -   alpha: 0.0001
2025-09-17 23:13:35,342 - [src.models] - INFO -   learning_rate: constant
2025-09-17 23:13:35,343 - [src.models] - INFO -   eta0: 0.01
2025-09-17 23:13:35,344 - [src.models] - INFO -   max_iter: 1000
2025-09-17 23:13:35,344 - [src.models] - INFO -   random_state: 42
2025-09-17 23:13:35,345 - [src.models] - INFO - DiabetesLogisticRegression initialized with parameters:
2025-09-17 23:13:35,346 - [src.models] - INFO -   C: 1.0
2025-09-17 23:13:35,346 - [src.models] - INFO -   penalty: l2
2025-09-17 23:13:35,346 - [src.models] - INFO -   class_weight: None
2025-09-17 23:13:35,348 - [src.models] - INFO -   solver: saga
2025-09-17 23:13:35,348 - [src.models] - INFO -   max_iter: 100
2025-09-17 23:13:35,349 - [src.models] - INFO -   random_state: 42
2025-09-17 23:13:35,350 - [src.models] - INFO - DiabetesNaiveBayes (Gaussian) initialized with parameters:
2025-09-17 23:13:35,351 - [src.models] - INFO -   nb_type: gaussian
2025-09-17 23:13:35,351 - [src.models] - INFO -   var_smoothing: 1e-09
2025-09-17 23:13:35,352 - [src.models] - INFO - DiabetesRandomForest initialized with parameters:
2025-09-17 23:13:35,352 - [src.models] - INFO -   n_estimators: 100
2025-09-17 23:13:35,353 - [src.models] - INFO -   max_depth: 25
2025-09-17 23:13:35,353 - [src.models] - INFO -   min_samples_split: 5
2025-09-17 23:13:35,354 - [src.models] - INFO -   min_samples_leaf: 5
2025-09-17 23:13:35,354 - [src.models] - INFO -   max_features: sqrt
2025-09-17 23:13:35,355 - [src.models] - INFO -   class_weight: balanced
2025-09-17 23:13:35,355 - [src.models] - INFO -   random_state: 42
2025-09-17 23:13:35,356 - [src.models] - INFO - DiabetesXGBoostClassifier initialized with parameters:
2025-09-17 23:13:35,356 - [src.models] - INFO -  n_estimators: 100
2025-09-17 23:13:35,357 - [src.models] - INFO -  max_depth: 6
2025-09-17 23:13:35,357 - [src.models] - INFO -  learning_rate: 0.1
2025-09-17 23:13:35,357 - [src.models] - INFO -  subsample: 1.0
2025-09-17 23:13:35,358 - [src.models] - INFO -  colsample_bytree: 1.0
2025-09-17 23:13:35,358 - [src.models] - INFO -  random_state: 42
2025-09-17 23:13:35,359 - [src.models] - INFO - DiabetesLightGBMClassifier initialized with parameters:
2025-09-17 23:13:35,359 - [src.models] - INFO -  n_estimators: 100
2025-09-17 23:13:35,360 - [src.models] - INFO -  max_depth: -1
2025-09-17 23:13:35,360 - [src.models] - INFO -  learning_rate: 0.1
2025-09-17 23:13:35,361 - [src.models] - INFO -  num_leaves: 31
2025-09-17 23:13:35,361 - [src.models] - INFO -  subsample: 1.0
2025-09-17 23:13:35,362 - [src.models] - INFO -  colsample_bytree: 1.0
2025-09-17 23:13:35,362 - [src.models] - INFO -  random_state: 42
2025-09-17 23:13:35,364 - [src.models] - INFO - Starting SGD Classifier model training...
2025-09-17 23:13:37,042 - [src.models] - INFO - Model training completed. Training samples: 648289
2025-09-17 23:13:37,043 - [src.models] - INFO - Number of iterations: 7
2025-09-17 23:13:37,058 - [src.models] - INFO - Predictions made for 140504 samples
2025-09-17 23:13:37,182 - [src.models] - INFO - Model Evaluation Results:
2025-09-17 23:13:37,183 - [src.models] - INFO - Accuracy: 0.8314
2025-09-17 23:13:37,185 - [src.models] - INFO - Precision: 0.4687
2025-09-17 23:13:37,191 - [src.models] - INFO - Recall: 0.4427
2025-09-17 23:13:37,197 - [src.models] - INFO - F1-Score: 0.4511
2025-09-17 23:13:37,261 - [src.models] - INFO - Classification Report:
              precision    recall  f1-score   support

         0.0       0.87      0.94      0.90    114889
         1.0       0.00      0.00      0.00      3378
         2.0       0.54      0.39      0.45     22237

    accuracy                           0.83    140504
   macro avg       0.47      0.44      0.45    140504
weighted avg       0.80      0.83      0.81    140504

2025-09-17 23:13:37,321 - [src.models] - INFO - Confusion Matrix:
[[108239      0   6650]
 [  2628      0    750]
 [ 13657      0   8580]]
2025-09-17 23:13:37,341 - [src.models] - INFO - Probabilities predicted for 140504 samples
2025-09-17 23:13:44,931 - [src.models] - INFO - Cross-validation results:
2025-09-17 23:13:44,932 - [src.models] - INFO - Mean accuracy: 0.7275 (+/- 0.0520)
2025-09-17 23:13:44,934 - [src.models] - INFO - Starting Logistic Regression model training...
2025-09-17 23:13:52,285 - [src.models] - INFO - Model training completed. Training samples: 648289
2025-09-17 23:13:52,294 - [src.models] - INFO - Predictions made for 140504 samples
2025-09-17 23:13:52,331 - [src.models] - INFO - Model Evaluation Results:
2025-09-17 23:13:52,331 - [src.models] - INFO - Accuracy: 0.8325
2025-09-17 23:13:52,336 - [src.models] - INFO - Precision: 0.4705
2025-09-17 23:13:52,336 - [src.models] - INFO - Recall: 0.4433
2025-09-17 23:13:52,337 - [src.models] - INFO - F1-Score: 0.4521
2025-09-17 23:13:52,400 - [src.models] - INFO - Classification Report:
              precision    recall  f1-score   support

         0.0       0.87      0.94      0.90    114889
         1.0       0.00      0.00      0.00      3378
         2.0       0.54      0.39      0.45     22237

    accuracy                           0.83    140504
   macro avg       0.47      0.44      0.45    140504
weighted avg       0.80      0.83      0.81    140504

2025-09-17 23:13:52,487 - [src.models] - INFO - Confusion Matrix:
[[108362      0   6527]
 [  2638      0    740]
 [ 13636      0   8601]]
2025-09-17 23:13:52,512 - [src.models] - INFO - Probabilities predicted for 140504 samples
2025-09-17 23:14:26,346 - [src.models] - INFO - Cross-validation results:
2025-09-17 23:14:26,346 - [src.models] - INFO - Mean accuracy: 0.7274 (+/- 0.0516)
2025-09-17 23:14:26,347 - [src.models] - INFO - Starting Gaussian Naive Bayes model training...
2025-09-17 23:14:26,527 - [src.models] - INFO - Model training completed. Training samples: 648289
2025-09-17 23:14:26,528 - [src.models] - INFO - Number of classes: 3
2025-09-17 23:14:26,529 - [src.models] - INFO - Classes: [0. 1. 2.]
2025-09-17 23:14:26,559 - [src.models] - INFO - Predictions made for 140504 samples
2025-09-17 23:14:26,600 - [src.models] - INFO - Model Evaluation Results:
2025-09-17 23:14:26,601 - [src.models] - INFO - Accuracy: 0.7639
2025-09-17 23:14:26,602 - [src.models] - INFO - Precision: 0.4375
2025-09-17 23:14:26,603 - [src.models] - INFO - Recall: 0.4691
2025-09-17 23:14:26,604 - [src.models] - INFO - F1-Score: 0.4441
2025-09-17 23:14:26,646 - [src.models] - INFO - Classification Report:
              precision    recall  f1-score   support

         0.0       0.89      0.82      0.86    114889
         1.0       0.04      0.01      0.02      3378
         2.0       0.38      0.57      0.45     22237

    accuracy                           0.76    140504
   macro avg       0.44      0.47      0.44    140504
weighted avg       0.79      0.76      0.77    140504

2025-09-17 23:14:26,695 - [src.models] - INFO - Confusion Matrix:
[[94601   844 19444]
 [ 1954    46  1378]
 [ 9314   244 12679]]
2025-09-17 23:14:26,733 - [src.models] - INFO - Probabilities predicted for 140504 samples
2025-09-17 23:14:27,754 - [src.models] - INFO - Cross-validation results:
2025-09-17 23:14:27,755 - [src.models] - INFO - Mean accuracy: 0.6860 (+/- 0.0473)
2025-09-17 23:14:27,756 - [src.models] - INFO - Starting Random Forest model training...
2025-09-17 23:15:58,651 - [src.models] - INFO - Model training completed. Training samples: 648289
2025-09-17 23:15:58,653 - [src.models] - INFO - Number of trees: 100
2025-09-17 23:16:04,134 - [src.models] - INFO - Predictions made for 140504 samples
2025-09-17 23:16:04,228 - [src.models] - INFO - Model Evaluation Results:
2025-09-17 23:16:04,229 - [src.models] - INFO - Accuracy: 0.7813
2025-09-17 23:16:04,232 - [src.models] - INFO - Precision: 0.5124
2025-09-17 23:16:04,233 - [src.models] - INFO - Recall: 0.5914
2025-09-17 23:16:04,234 - [src.models] - INFO - F1-Score: 0.5353
2025-09-17 23:16:04,327 - [src.models] - INFO - Classification Report:
              precision    recall  f1-score   support

         0.0       0.94      0.81      0.87    114889
         1.0       0.15      0.23      0.18      3378
         2.0       0.44      0.74      0.55     22237

    accuracy                           0.78    140504
   macro avg       0.51      0.59      0.54    140504
weighted avg       0.84      0.78      0.80    140504

2025-09-17 23:16:04,435 - [src.models] - INFO - Confusion Matrix:
[[92614  3085 19190]
 [ 1154   781  1443]
 [ 4620  1233 16384]]
2025-09-17 23:16:09,654 - [src.models] - INFO - Probabilities predicted for 140504 samples
2025-09-17 23:20:41,536 - [src.models] - INFO - Cross-validation results:
2025-09-17 23:20:41,537 - [src.models] - INFO - Mean accuracy: 0.7668 (+/- 0.0378)
2025-09-17 23:20:41,537 - [src.models] - INFO - Starting XGBoost model training...
2025-09-17 23:20:50,017 - [src.models] - INFO - Model training completed. Training samples: 648289
2025-09-17 23:20:50,332 - [src.models] - INFO - Predictions made for 140504 samples
2025-09-17 23:20:50,383 - [src.models] - INFO - Model Evaluation Results:
2025-09-17 23:20:50,384 - [src.models] - INFO - Accuracy: 0.8791
2025-09-17 23:20:50,385 - [src.models] - INFO - Precision: 0.7882
2025-09-17 23:20:50,385 - [src.models] - INFO - Recall: 0.5278
2025-09-17 23:20:50,386 - [src.models] - INFO - F1-Score: 0.5739
2025-09-17 23:20:50,432 - [src.models] - INFO - Classification Report:
              precision    recall  f1-score   support

         0.0       0.90      0.98      0.93    114889
         1.0       0.72      0.11      0.19      3378
         2.0       0.75      0.50      0.60     22237

    accuracy                           0.88    140504
   macro avg       0.79      0.53      0.57    140504
weighted avg       0.87      0.88      0.86    140504

2025-09-17 23:20:50,498 - [src.models] - INFO - Confusion Matrix:
[[112070      0   2819]
 [  2062    370    946]
 [ 11011    142  11084]]
2025-09-17 23:20:50,701 - [src.models] - INFO - Probabilities predicted for 140504 samples
2025-09-17 23:21:26,175 - [src.models] - INFO - Cross-validation results:
2025-09-17 23:21:26,176 - [src.models] - INFO - Mean accuracy: 0.8096 (+/- 0.0127)
2025-09-17 23:21:26,179 - [src.models] - INFO - Starting LightGBM model training...
2025-09-17 23:21:35,328 - [src.models] - INFO - Model training completed. Training samples: 648289
2025-09-17 23:21:36,737 - [src.models] - INFO - Predictions made for 140504 samples
2025-09-17 23:21:36,788 - [src.models] - INFO - Model Evaluation Results:
2025-09-17 23:21:36,789 - [src.models] - INFO - Accuracy: 0.8866
2025-09-17 23:21:36,790 - [src.models] - INFO - Precision: 0.8695
2025-09-17 23:21:36,792 - [src.models] - INFO - Recall: 0.5451
2025-09-17 23:21:36,793 - [src.models] - INFO - F1-Score: 0.6059
2025-09-17 23:21:36,862 - [src.models] - INFO - Classification Report:
              precision    recall  f1-score   support

         0.0       0.90      0.98      0.94    114889
         1.0       0.91      0.16      0.27      3378
         2.0       0.80      0.49      0.61     22237

    accuracy                           0.89    140504
   macro avg       0.87      0.55      0.61    140504
weighted avg       0.88      0.89      0.87    140504

2025-09-17 23:21:36,942 - [src.models] - INFO - Confusion Matrix:
[[113054      0   1835]
 [  2000    531    847]
 [ 11197     53  10987]]
2025-09-17 23:21:38,415 - [src.models] - INFO - Probabilities predicted for 140504 samples
2025-09-17 23:22:24,853 - [src.models] - INFO - Cross-validation results:
2025-09-17 23:22:24,854 - [src.models] - INFO - Mean accuracy: 0.8388 (+/- 0.0365)
2025-09-17 23:22:24,878 - [src.models] - INFO - Predictions made for 140504 samples
2025-09-17 23:22:24,921 - [src.models] - INFO - Probabilities predicted for 140504 samples
2025-09-17 23:22:25,194 - [src.models] - INFO - Predictions made for 140504 samples
2025-09-17 23:22:25,220 - [src.models] - INFO - Probabilities predicted for 140504 samples
2025-09-17 23:22:25,539 - [src.models] - INFO - Predictions made for 140504 samples
2025-09-17 23:22:25,580 - [src.models] - INFO - Probabilities predicted for 140504 samples
2025-09-17 23:22:28,035 - [src.models] - INFO - Predictions made for 140504 samples
2025-09-17 23:22:30,352 - [src.models] - INFO - Probabilities predicted for 140504 samples
2025-09-17 23:22:30,695 - [src.models] - INFO - Predictions made for 140504 samples
2025-09-17 23:22:30,880 - [src.models] - INFO - Probabilities predicted for 140504 samples
2025-09-17 23:22:32,398 - [src.models] - INFO - Predictions made for 140504 samples
2025-09-17 23:22:33,812 - [src.models] - INFO - Probabilities predicted for 140504 samples
2025-09-17 23:26:40,162 - [src.models] - INFO - Model saved successfully to: /home/qctrung/Projects/machine-learning/diabetes-prediction-and-data-balancing/artifacts/models/best_accuracy_model.pkl
2025-09-17 23:31:02,321 - [src.models] - INFO - Model saved successfully to: /home/qctrung/Projects/machine-learning/diabetes-prediction-and-data-balancing/artifacts/models/best_f1_model.pkl
2025-09-17 23:34:30,470 - [src.models] - INFO - Model saved successfully to: /home/qctrung/Projects/machine-learning/diabetes-prediction-and-data-balancing/artifacts/models/best_f1_model.pkl
2025-09-17 23:35:47,346 - [src.models] - INFO - Model saved successfully to: /home/qctrung/Projects/machine-learning/diabetes-prediction-and-data-balancing/artifacts/models/best_recall_model.pkl
2025-09-17 23:37:30,829 - [src.models] - INFO - Model saved successfully to: /home/qctrung/Projects/machine-learning/diabetes-prediction-and-data-balancing/artifacts/models/best_precision_model.pkl
