2025-09-17 22:58:09,220 - [src.models] - INFO - DiabetesSGDClassifier initialized with parameters:
2025-09-17 22:58:09,220 - [src.models] - INFO -   loss: log_loss
2025-09-17 22:58:09,221 - [src.models] - INFO -   penalty: l2
2025-09-17 22:58:09,221 - [src.models] - INFO -   alpha: 0.0001
2025-09-17 22:58:09,222 - [src.models] - INFO -   learning_rate: constant
2025-09-17 22:58:09,223 - [src.models] - INFO -   eta0: 0.01
2025-09-17 22:58:09,223 - [src.models] - INFO -   max_iter: 1000
2025-09-17 22:58:09,224 - [src.models] - INFO -   random_state: 42
2025-09-17 22:58:09,224 - [src.models] - INFO - DiabetesLogisticRegression initialized with parameters:
2025-09-17 22:58:09,225 - [src.models] - INFO -   C: 1.0
2025-09-17 22:58:09,226 - [src.models] - INFO -   penalty: l2
2025-09-17 22:58:09,227 - [src.models] - INFO -   class_weight: None
2025-09-17 22:58:09,227 - [src.models] - INFO -   solver: saga
2025-09-17 22:58:09,228 - [src.models] - INFO -   max_iter: 100
2025-09-17 22:58:09,229 - [src.models] - INFO -   random_state: 42
2025-09-17 22:58:09,229 - [src.models] - INFO - DiabetesNaiveBayes (Gaussian) initialized with parameters:
2025-09-17 22:58:09,230 - [src.models] - INFO -   nb_type: gaussian
2025-09-17 22:58:09,230 - [src.models] - INFO -   var_smoothing: 1e-09
2025-09-17 22:58:09,231 - [src.models] - INFO - DiabetesRandomForest initialized with parameters:
2025-09-17 22:58:09,232 - [src.models] - INFO -   n_estimators: 100
2025-09-17 22:58:09,232 - [src.models] - INFO -   max_depth: 25
2025-09-17 22:58:09,232 - [src.models] - INFO -   min_samples_split: 5
2025-09-17 22:58:09,233 - [src.models] - INFO -   min_samples_leaf: 5
2025-09-17 22:58:09,233 - [src.models] - INFO -   max_features: sqrt
2025-09-17 22:58:09,234 - [src.models] - INFO -   class_weight: balanced
2025-09-17 22:58:09,234 - [src.models] - INFO -   random_state: 42
2025-09-17 22:58:09,235 - [src.models] - INFO - DiabetesXGBoostClassifier initialized with parameters:
2025-09-17 22:58:09,235 - [src.models] - INFO -  n_estimators: 100
2025-09-17 22:58:09,236 - [src.models] - INFO -  max_depth: 6
2025-09-17 22:58:09,236 - [src.models] - INFO -  learning_rate: 0.1
2025-09-17 22:58:09,237 - [src.models] - INFO -  subsample: 1.0
2025-09-17 22:58:09,237 - [src.models] - INFO -  colsample_bytree: 1.0
2025-09-17 22:58:09,237 - [src.models] - INFO -  random_state: 42
2025-09-17 22:58:09,239 - [src.models] - INFO - DiabetesLightGBMClassifier initialized with parameters:
2025-09-17 22:58:09,239 - [src.models] - INFO -  n_estimators: 100
2025-09-17 22:58:09,240 - [src.models] - INFO -  max_depth: -1
2025-09-17 22:58:09,241 - [src.models] - INFO -  learning_rate: 0.1
2025-09-17 22:58:09,241 - [src.models] - INFO -  num_leaves: 31
2025-09-17 22:58:09,242 - [src.models] - INFO -  subsample: 1.0
2025-09-17 22:58:09,243 - [src.models] - INFO -  colsample_bytree: 1.0
2025-09-17 22:58:09,243 - [src.models] - INFO -  random_state: 42
2025-09-17 22:58:09,244 - [src.models] - INFO - Starting SGD Classifier model training...
2025-09-17 22:58:11,138 - [src.models] - INFO - Model training completed. Training samples: 646795
2025-09-17 22:58:11,138 - [src.models] - INFO - Number of iterations: 7
2025-09-17 22:58:11,149 - [src.models] - INFO - Predictions made for 140504 samples
2025-09-17 22:58:11,224 - [src.models] - INFO - Model Evaluation Results:
2025-09-17 22:58:11,226 - [src.models] - INFO - Accuracy: 0.8335
2025-09-17 22:58:11,227 - [src.models] - INFO - Precision: 0.4719
2025-09-17 22:58:11,232 - [src.models] - INFO - Recall: 0.4419
2025-09-17 22:58:11,233 - [src.models] - INFO - F1-Score: 0.4514
2025-09-17 22:58:11,324 - [src.models] - INFO - Classification Report:
              precision    recall  f1-score   support

         0.0       0.87      0.95      0.91    114889
         1.0       0.00      0.00      0.00      3378
         2.0       0.55      0.38      0.45     22237

    accuracy                           0.83    140504
   macro avg       0.47      0.44      0.45    140504
weighted avg       0.80      0.83      0.81    140504

2025-09-17 22:58:11,383 - [src.models] - INFO - Confusion Matrix:
[[108670      0   6219]
 [  2599      0    779]
 [ 13791      0   8446]]
2025-09-17 22:58:11,402 - [src.models] - INFO - Probabilities predicted for 140504 samples
2025-09-17 22:58:19,702 - [src.models] - INFO - Cross-validation results:
2025-09-17 22:58:19,704 - [src.models] - INFO - Mean accuracy: 0.7547 (+/- 0.0027)
2025-09-17 22:58:19,705 - [src.models] - INFO - Starting Logistic Regression model training...
2025-09-17 22:58:28,233 - [src.models] - INFO - Model training completed. Training samples: 646795
2025-09-17 22:58:28,243 - [src.models] - INFO - Predictions made for 140504 samples
2025-09-17 22:58:28,287 - [src.models] - INFO - Model Evaluation Results:
2025-09-17 22:58:28,288 - [src.models] - INFO - Accuracy: 0.8352
2025-09-17 22:58:28,289 - [src.models] - INFO - Precision: 0.4750
2025-09-17 22:58:28,289 - [src.models] - INFO - Recall: 0.4415
2025-09-17 22:58:28,290 - [src.models] - INFO - F1-Score: 0.4519
2025-09-17 22:58:28,339 - [src.models] - INFO - Classification Report:
              precision    recall  f1-score   support

         0.0       0.87      0.95      0.91    114889
         1.0       0.00      0.00      0.00      3378
         2.0       0.56      0.38      0.45     22237

    accuracy                           0.84    140504
   macro avg       0.48      0.44      0.45    140504
weighted avg       0.80      0.84      0.81    140504

2025-09-17 22:58:28,432 - [src.models] - INFO - Confusion Matrix:
[[108982      0   5907]
 [  2624      0    754]
 [ 13875      1   8361]]
2025-09-17 22:58:28,463 - [src.models] - INFO - Probabilities predicted for 140504 samples
2025-09-17 22:59:01,070 - [src.models] - INFO - Cross-validation results:
2025-09-17 22:59:01,071 - [src.models] - INFO - Mean accuracy: 0.7526 (+/- 0.0020)
2025-09-17 22:59:01,072 - [src.models] - INFO - Starting Gaussian Naive Bayes model training...
2025-09-17 22:59:01,256 - [src.models] - INFO - Model training completed. Training samples: 646795
2025-09-17 22:59:01,257 - [src.models] - INFO - Number of classes: 3
2025-09-17 22:59:01,258 - [src.models] - INFO - Classes: [0. 1. 2.]
2025-09-17 22:59:01,289 - [src.models] - INFO - Predictions made for 140504 samples
2025-09-17 22:59:01,330 - [src.models] - INFO - Model Evaluation Results:
2025-09-17 22:59:01,331 - [src.models] - INFO - Accuracy: 0.7671
2025-09-17 22:59:01,331 - [src.models] - INFO - Precision: 0.4430
2025-09-17 22:59:01,332 - [src.models] - INFO - Recall: 0.4680
2025-09-17 22:59:01,333 - [src.models] - INFO - F1-Score: 0.4511
2025-09-17 22:59:01,376 - [src.models] - INFO - Classification Report:
              precision    recall  f1-score   support

         0.0       0.89      0.83      0.86    114889
         1.0       0.05      0.03      0.04      3378
         2.0       0.39      0.54      0.45     22237

    accuracy                           0.77    140504
   macro avg       0.44      0.47      0.45    140504
weighted avg       0.79      0.77      0.78    140504

2025-09-17 22:59:01,425 - [src.models] - INFO - Confusion Matrix:
[[95744  1855 17290]
 [ 2026   117  1235]
 [ 9851   469 11917]]
2025-09-17 22:59:01,466 - [src.models] - INFO - Probabilities predicted for 140504 samples
2025-09-17 22:59:02,530 - [src.models] - INFO - Cross-validation results:
2025-09-17 22:59:02,531 - [src.models] - INFO - Mean accuracy: 0.7076 (+/- 0.0037)
2025-09-17 22:59:02,532 - [src.models] - INFO - Starting Random Forest model training...
2025-09-17 23:00:21,273 - [src.models] - INFO - Model training completed. Training samples: 646795
2025-09-17 23:00:21,274 - [src.models] - INFO - Number of trees: 100
2025-09-17 23:00:25,457 - [src.models] - INFO - Predictions made for 140504 samples
2025-09-17 23:00:25,522 - [src.models] - INFO - Model Evaluation Results:
2025-09-17 23:00:25,523 - [src.models] - INFO - Accuracy: 0.7948
2025-09-17 23:00:25,524 - [src.models] - INFO - Precision: 0.5161
2025-09-17 23:00:25,525 - [src.models] - INFO - Recall: 0.5888
2025-09-17 23:00:25,525 - [src.models] - INFO - F1-Score: 0.5398
2025-09-17 23:00:25,638 - [src.models] - INFO - Classification Report:
              precision    recall  f1-score   support

         0.0       0.94      0.83      0.88    114889
         1.0       0.14      0.23      0.18      3378
         2.0       0.47      0.70      0.56     22237

    accuracy                           0.79    140504
   macro avg       0.52      0.59      0.54    140504
weighted avg       0.84      0.79      0.81    140504

2025-09-17 23:00:25,755 - [src.models] - INFO - Confusion Matrix:
[[95229  3490 16170]
 [ 1238   790  1350]
 [ 5225  1365 15647]]
2025-09-17 23:00:29,679 - [src.models] - INFO - Probabilities predicted for 140504 samples
2025-09-17 23:05:58,816 - [src.models] - INFO - Cross-validation results:
2025-09-17 23:05:58,817 - [src.models] - INFO - Mean accuracy: 0.7916 (+/- 0.0220)
2025-09-17 23:05:58,817 - [src.models] - INFO - Starting XGBoost model training...
2025-09-17 23:06:16,703 - [src.models] - INFO - Model training completed. Training samples: 646795
2025-09-17 23:06:17,020 - [src.models] - INFO - Predictions made for 140504 samples
2025-09-17 23:06:17,100 - [src.models] - INFO - Model Evaluation Results:
2025-09-17 23:06:17,103 - [src.models] - INFO - Accuracy: 0.8808
2025-09-17 23:06:17,105 - [src.models] - INFO - Precision: 0.8122
2025-09-17 23:06:17,106 - [src.models] - INFO - Recall: 0.5260
2025-09-17 23:06:17,107 - [src.models] - INFO - F1-Score: 0.5781
2025-09-17 23:06:17,167 - [src.models] - INFO - Classification Report:
              precision    recall  f1-score   support

         0.0       0.89      0.98      0.93    114889
         1.0       0.76      0.12      0.21      3378
         2.0       0.78      0.48      0.59     22237

    accuracy                           0.88    140504
   macro avg       0.81      0.53      0.58    140504
weighted avg       0.87      0.88      0.86    140504

2025-09-17 23:06:17,259 - [src.models] - INFO - Confusion Matrix:
[[112759      0   2130]
 [  2134    407    837]
 [ 11525    126  10586]]
2025-09-17 23:06:17,552 - [src.models] - INFO - Probabilities predicted for 140504 samples
2025-09-17 23:07:03,865 - [src.models] - INFO - Cross-validation results:
2025-09-17 23:07:03,869 - [src.models] - INFO - Mean accuracy: 0.8300 (+/- 0.0320)
2025-09-17 23:07:03,871 - [src.models] - INFO - Starting LightGBM model training...
2025-09-17 23:07:13,090 - [src.models] - INFO - Model training completed. Training samples: 646795
2025-09-17 23:07:14,424 - [src.models] - INFO - Predictions made for 140504 samples
2025-09-17 23:07:14,474 - [src.models] - INFO - Model Evaluation Results:
2025-09-17 23:07:14,475 - [src.models] - INFO - Accuracy: 0.8870
2025-09-17 23:07:14,476 - [src.models] - INFO - Precision: 0.8524
2025-09-17 23:07:14,477 - [src.models] - INFO - Recall: 0.5482
2025-09-17 23:07:14,478 - [src.models] - INFO - F1-Score: 0.6115
2025-09-17 23:07:14,530 - [src.models] - INFO - Classification Report:
              precision    recall  f1-score   support

         0.0       0.89      0.99      0.94    114889
         1.0       0.85      0.17      0.29      3378
         2.0       0.82      0.49      0.61     22237

    accuracy                           0.89    140504
   macro avg       0.85      0.55      0.61    140504
weighted avg       0.88      0.89      0.87    140504

2025-09-17 23:07:14,588 - [src.models] - INFO - Confusion Matrix:
[[113234      0   1655]
 [  2016    584    778]
 [ 11320    106  10811]]
2025-09-17 23:07:16,001 - [src.models] - INFO - Probabilities predicted for 140504 samples
2025-09-17 23:08:03,054 - [src.models] - INFO - Cross-validation results:
2025-09-17 23:08:03,057 - [src.models] - INFO - Mean accuracy: 0.8540 (+/- 0.0565)
2025-09-17 23:08:03,081 - [src.models] - INFO - Predictions made for 140504 samples
2025-09-17 23:08:03,114 - [src.models] - INFO - Probabilities predicted for 140504 samples
2025-09-17 23:08:03,415 - [src.models] - INFO - Predictions made for 140504 samples
2025-09-17 23:08:03,450 - [src.models] - INFO - Probabilities predicted for 140504 samples
2025-09-17 23:08:03,841 - [src.models] - INFO - Predictions made for 140504 samples
2025-09-17 23:08:03,893 - [src.models] - INFO - Probabilities predicted for 140504 samples
2025-09-17 23:08:07,192 - [src.models] - INFO - Predictions made for 140504 samples
2025-09-17 23:08:09,934 - [src.models] - INFO - Probabilities predicted for 140504 samples
2025-09-17 23:08:10,355 - [src.models] - INFO - Predictions made for 140504 samples
2025-09-17 23:08:10,578 - [src.models] - INFO - Probabilities predicted for 140504 samples
2025-09-17 23:08:12,229 - [src.models] - INFO - Predictions made for 140504 samples
2025-09-17 23:08:13,713 - [src.models] - INFO - Probabilities predicted for 140504 samples
