2025-09-27 23:57:29,895 - [data_pipeline.data_cleaner] - INFO - BrfssDataLoader initialized successfully
2025-09-27 23:57:29,896 - [data_pipeline.data_cleaner] - INFO - Starting data loading process...
2025-09-27 23:57:29,898 - [data_pipeline.data_cleaner] - INFO - Processing: LLCP2023XPT.zip
2025-09-27 23:57:29,898 - [data_pipeline.data_cleaner] - INFO - LLCP2023XPT.zip not found locally. Downloading...
2025-09-27 23:57:29,899 - [data_pipeline.data_cleaner] - INFO - Navigating to URL: https://www.cdc.gov/brfss/annual_data/2023/files/LLCP2023XPT.zip
2025-09-27 23:57:30,122 - [data_pipeline.data_cleaner] - INFO - Starting download: LLCP2023XPT.zip (91052.56 KB)
2025-09-27 23:57:33,921 - [data_pipeline.data_cleaner] - INFO - Downloaded: LLCP2023XPT.zip -> .../data/raw/zip/LLCP2023XPT.zip
2025-09-27 23:57:33,922 - [data_pipeline.data_cleaner] - INFO - Attempting to extract zip file: .../data/raw/zip/LLCP2023XPT.zip
2025-09-27 23:57:33,923 - [data_pipeline.data_cleaner] - INFO - Extracting 'LLCP2023.XPT ' to .../data/raw
2025-09-27 23:57:36,492 - [data_pipeline.data_cleaner] - INFO - Renamed 'LLCP2023.XPT ' to 'brfss_2023.XPT'
2025-09-27 23:57:36,492 - [data_pipeline.data_cleaner] - INFO - Extracted brfss_2023.XPT successfully
2025-09-27 23:57:36,493 - [data_pipeline.data_cleaner] - INFO - Removing zip folder: .../data/raw/zip
2025-09-27 23:57:36,504 - [data_pipeline.data_cleaner] - INFO - Data loading completed successfully.
2025-09-27 23:57:36,512 - [data_pipeline.data_cleaner] - INFO - BrfssDataCleaner initialized successfully
2025-09-27 23:57:36,513 - [data_pipeline.data_cleaner] - INFO - Clean features from .../data/raw/brfss_2023.XPT
2025-09-27 23:57:57,108 - [data_pipeline.data_cleaner] - INFO - Column 'Diabetes' has 5 missing values.
2025-09-27 23:57:57,108 - [data_pipeline.data_cleaner] - INFO - Column 'HighChol' has 51812 missing values.
2025-09-27 23:57:57,109 - [data_pipeline.data_cleaner] - INFO - Column 'BMI' has 40535 missing values.
2025-09-27 23:57:57,109 - [data_pipeline.data_cleaner] - INFO - Column 'Smoker' has 19674 missing values.
2025-09-27 23:57:57,110 - [data_pipeline.data_cleaner] - INFO - Column 'Stroke' has 4 missing values.
2025-09-27 23:57:57,111 - [data_pipeline.data_cleaner] - INFO - Column 'HeartDiseaseorAttack' has 4585 missing values.
2025-09-27 23:57:57,111 - [data_pipeline.data_cleaner] - INFO - Column 'AnyHealthcare' has 5 missing values.
2025-09-27 23:57:57,112 - [data_pipeline.data_cleaner] - INFO - Column 'NoDocbcCost' has 2 missing values.
2025-09-27 23:57:57,113 - [data_pipeline.data_cleaner] - INFO - Column 'GenHlth' has 4 missing values.
2025-09-27 23:57:57,113 - [data_pipeline.data_cleaner] - INFO - Column 'MentHlth' has 3 missing values.
2025-09-27 23:57:57,114 - [data_pipeline.data_cleaner] - INFO - Column 'PhysHlth' has 3 missing values.
2025-09-27 23:57:57,114 - [data_pipeline.data_cleaner] - INFO - Column 'DiffWalk' has 16146 missing values.
2025-09-27 23:57:57,115 - [data_pipeline.data_cleaner] - INFO - Column 'Education' has 9 missing values.
2025-09-27 23:57:57,115 - [data_pipeline.data_cleaner] - INFO - Column 'Income' has 8075 missing values.
2025-09-27 23:57:57,116 - [data_pipeline.data_cleaner] - INFO - Column 'Depression' has 3 missing values.
2025-09-27 23:57:57,116 - [data_pipeline.data_cleaner] - INFO - Column 'CognitiveIssues' has 15139 missing values.
2025-09-27 23:57:57,116 - [data_pipeline.data_cleaner] - INFO - Column 'KidneyDisease' has 3 missing values.
2025-09-27 23:57:57,117 - [data_pipeline.data_cleaner] - INFO - Column 'DiagnosedHeartAttack' has 3 missing values.
2025-09-27 23:57:57,117 - [data_pipeline.data_cleaner] - INFO - Column 'CoronaryHeartDisease' has 3 missing values.
2025-09-27 23:57:57,118 - [data_pipeline.data_cleaner] - INFO - Column 'COPD' has 3 missing values.
2025-09-27 23:57:57,118 - [data_pipeline.data_cleaner] - INFO - Column 'AlcoholDays' has 25444 missing values.
2025-09-27 23:57:57,119 - [data_pipeline.data_cleaner] - INFO - Column 'LastCheckup' has 2 missing values.
2025-09-27 23:57:57,119 - [data_pipeline.data_cleaner] - INFO - Column 'HasPersonalDoctor' has 3 missing values.
2025-09-27 23:57:57,120 - [data_pipeline.data_cleaner] - INFO - Column 'CholesterolMeds' has 53440 missing values.
2025-09-27 23:57:57,120 - [data_pipeline.data_cleaner] - INFO - Column 'MaritalStatus' has 7 missing values.
2025-09-27 23:57:57,120 - [data_pipeline.data_cleaner] - INFO - Column 'EmploymentStatus' has 2968 missing values.
2025-09-27 23:57:57,121 - [data_pipeline.data_cleaner] - INFO - Column 'CannotAffordDoctor' has 2 missing values.
2025-09-27 23:57:57,173 - [data_pipeline.data_cleaner] - INFO - Dropped 100201 rows due to missing values.
2025-09-27 23:57:57,174 - [data_pipeline.data_cleaner] - INFO - Processing feature values for training
2025-09-27 23:57:57,184 - [data_pipeline.data_cleaner] - INFO - Processing feature: Diabetes
2025-09-27 23:57:57,185 - [data_pipeline.data_cleaner] - INFO - Source Column: DIABETE4
2025-09-27 23:57:57,185 - [data_pipeline.data_cleaner] - INFO - Question: (Ever told) you have diabetes?
2025-09-27 23:57:57,186 - [data_pipeline.data_cleaner] - INFO - Section: Chronic Health Conditions
2025-09-27 23:57:57,186 - [data_pipeline.data_cleaner] - INFO - Raw value mapping:
2025-09-27 23:57:57,187 - [data_pipeline.data_cleaner] - INFO - 1 → 2.0 (Yes)
2025-09-27 23:57:57,188 - [data_pipeline.data_cleaner] - INFO - 2 → 0.0 (Yes, but female told only during pregnancy)
2025-09-27 23:57:57,188 - [data_pipeline.data_cleaner] - INFO - 3 → 0.0 (No)
2025-09-27 23:57:57,189 - [data_pipeline.data_cleaner] - INFO - 4 → 1.0 (No, pre-diabetes or borderline diabetes)
2025-09-27 23:57:57,195 - [data_pipeline.data_cleaner] - INFO - Dropping values: 7 (Don't know), 9 (Refused)
2025-09-27 23:57:57,212 - [data_pipeline.data_cleaner] - INFO - Feature 'Diabetes' processing completed
2025-09-27 23:57:57,212 - [data_pipeline.data_cleaner] - INFO - ==================================================
2025-09-27 23:57:57,213 - [data_pipeline.data_cleaner] - INFO - Processing feature: HighBP
2025-09-27 23:57:57,213 - [data_pipeline.data_cleaner] - INFO - Source Column: _RFHYPE6
2025-09-27 23:57:57,213 - [data_pipeline.data_cleaner] - INFO - Question: Adults who have been told they have high blood pressure by a doctor, nurse, or other health professional
2025-09-27 23:57:57,214 - [data_pipeline.data_cleaner] - INFO - Section: Calculated Variables
2025-09-27 23:57:57,215 - [data_pipeline.data_cleaner] - INFO - Raw value mapping:
2025-09-27 23:57:57,216 - [data_pipeline.data_cleaner] - INFO - 1 → 0.0 (No)
2025-09-27 23:57:57,217 - [data_pipeline.data_cleaner] - INFO - 2 → 1.0 (Yes)
2025-09-27 23:57:57,221 - [data_pipeline.data_cleaner] - INFO - Dropping values: 9 (Don’t know/Refused/Missing)
2025-09-27 23:57:57,238 - [data_pipeline.data_cleaner] - INFO - Feature 'HighBP' processing completed
2025-09-27 23:57:57,239 - [data_pipeline.data_cleaner] - INFO - ==================================================
2025-09-27 23:57:57,239 - [data_pipeline.data_cleaner] - INFO - Processing feature: HighChol
2025-09-27 23:57:57,240 - [data_pipeline.data_cleaner] - INFO - Source Column: TOLDHI3
2025-09-27 23:57:57,241 - [data_pipeline.data_cleaner] - INFO - Question: Ever told cholesterol is high?
2025-09-27 23:57:57,243 - [data_pipeline.data_cleaner] - INFO - Section: Cholesterol Awareness
2025-09-27 23:57:57,245 - [data_pipeline.data_cleaner] - INFO - Raw value mapping:
2025-09-27 23:57:57,245 - [data_pipeline.data_cleaner] - INFO - 1 → 1.0 (Yes)
2025-09-27 23:57:57,246 - [data_pipeline.data_cleaner] - INFO - 2 → 0.0 (No)
2025-09-27 23:57:57,252 - [data_pipeline.data_cleaner] - INFO - Dropping values: 7 (Don’t know), 9 (Refused)
2025-09-27 23:57:57,267 - [data_pipeline.data_cleaner] - INFO - Feature 'HighChol' processing completed
2025-09-27 23:57:57,268 - [data_pipeline.data_cleaner] - INFO - ==================================================
2025-09-27 23:57:57,268 - [data_pipeline.data_cleaner] - INFO - Processing feature: CholCheck
2025-09-27 23:57:57,269 - [data_pipeline.data_cleaner] - INFO - Source Column: _CHOLCH3
2025-09-27 23:57:57,269 - [data_pipeline.data_cleaner] - INFO - Question: Cholesterol check within past five years
2025-09-27 23:57:57,270 - [data_pipeline.data_cleaner] - INFO - Section: Calculated Variables
2025-09-27 23:57:57,271 - [data_pipeline.data_cleaner] - INFO - Raw value mapping:
2025-09-27 23:57:57,272 - [data_pipeline.data_cleaner] - INFO - 1 → 1.0 (Had cholesterol checked in past 5 years)
2025-09-27 23:57:57,272 - [data_pipeline.data_cleaner] - INFO - 2 → 0.0 (Did not have cholesterol checked in past 5 years)
2025-09-27 23:57:57,278 - [data_pipeline.data_cleaner] - INFO - Dropping values: 9 (Don’t know/Refused/Missing)
2025-09-27 23:57:57,295 - [data_pipeline.data_cleaner] - INFO - Feature 'CholCheck' processing completed
2025-09-27 23:57:57,296 - [data_pipeline.data_cleaner] - INFO - ==================================================
2025-09-27 23:57:57,296 - [data_pipeline.data_cleaner] - INFO - Processing feature: BMI
2025-09-27 23:57:57,296 - [data_pipeline.data_cleaner] - INFO - Source Column: _BMI5
2025-09-27 23:57:57,297 - [data_pipeline.data_cleaner] - INFO - Question: Body Mass Index (BMI)
2025-09-27 23:57:57,297 - [data_pipeline.data_cleaner] - INFO - Section: Calculated Variables
2025-09-27 23:57:57,299 - [data_pipeline.data_cleaner] - INFO - Raw value mapping:
2025-09-27 23:57:57,299 - [data_pipeline.data_cleaner] - INFO - Dividing BMI values by 100 and rounding to nearest integer
2025-09-27 23:57:57,301 - [data_pipeline.data_cleaner] - INFO - Feature 'BMI' processing completed
2025-09-27 23:57:57,302 - [data_pipeline.data_cleaner] - INFO - ==================================================
2025-09-27 23:57:57,302 - [data_pipeline.data_cleaner] - INFO - Processing feature: Smoker
2025-09-27 23:57:57,303 - [data_pipeline.data_cleaner] - INFO - Source Column: SMOKE100
2025-09-27 23:57:57,303 - [data_pipeline.data_cleaner] - INFO - Question: Have you smoked at least 100 cigarettes in your entire life?
2025-09-27 23:57:57,303 - [data_pipeline.data_cleaner] - INFO - Section: Tobacco Use
2025-09-27 23:57:57,304 - [data_pipeline.data_cleaner] - INFO - Raw value mapping:
2025-09-27 23:57:57,305 - [data_pipeline.data_cleaner] - INFO - 1 → 1.0 (Yes)
2025-09-27 23:57:57,306 - [data_pipeline.data_cleaner] - INFO - 2 → 0.0 (No)
2025-09-27 23:57:57,313 - [data_pipeline.data_cleaner] - INFO - Dropping values: 7 (Don’t know), 9 (Refused)
2025-09-27 23:57:57,332 - [data_pipeline.data_cleaner] - INFO - Feature 'Smoker' processing completed
2025-09-27 23:57:57,333 - [data_pipeline.data_cleaner] - INFO - ==================================================
2025-09-27 23:57:57,334 - [data_pipeline.data_cleaner] - INFO - Processing feature: Stroke
2025-09-27 23:57:57,335 - [data_pipeline.data_cleaner] - INFO - Source Column: CVDSTRK3
2025-09-27 23:57:57,335 - [data_pipeline.data_cleaner] - INFO - Question: (Ever told) (you had) a stroke?
2025-09-27 23:57:57,336 - [data_pipeline.data_cleaner] - INFO - Section: Chronic Health Conditions
2025-09-27 23:57:57,337 - [data_pipeline.data_cleaner] - INFO - Raw value mapping:
2025-09-27 23:57:57,338 - [data_pipeline.data_cleaner] - INFO - 1 → 1.0 (Yes)
2025-09-27 23:57:57,339 - [data_pipeline.data_cleaner] - INFO - 2 → 0.0 (No)
2025-09-27 23:57:57,346 - [data_pipeline.data_cleaner] - INFO - Dropping values: 7 (Don’t know/Not Sure), 9 (Refused)
2025-09-27 23:57:57,370 - [data_pipeline.data_cleaner] - INFO - Feature 'Stroke' processing completed
2025-09-27 23:57:57,371 - [data_pipeline.data_cleaner] - INFO - ==================================================
2025-09-27 23:57:57,373 - [data_pipeline.data_cleaner] - INFO - Processing feature: HeartDiseaseorAttack
2025-09-27 23:57:57,374 - [data_pipeline.data_cleaner] - INFO - Source Column: _MICHD
2025-09-27 23:57:57,377 - [data_pipeline.data_cleaner] - INFO - Question: Ever had Congenital Heart Defect (CHD) or Myocardial Infarction (MI)?
2025-09-27 23:57:57,378 - [data_pipeline.data_cleaner] - INFO - Section: Calculated Variables
2025-09-27 23:57:57,380 - [data_pipeline.data_cleaner] - INFO - Raw value mapping:
2025-09-27 23:57:57,382 - [data_pipeline.data_cleaner] - INFO - 1 → 1.0 (Reported having MI or CHD)
2025-09-27 23:57:57,383 - [data_pipeline.data_cleaner] - INFO - 2 → 0.0 (Did not report having MI or CHD)
2025-09-27 23:57:57,392 - [data_pipeline.data_cleaner] - INFO - Feature 'HeartDiseaseorAttack' processing completed
2025-09-27 23:57:57,393 - [data_pipeline.data_cleaner] - INFO - ==================================================
2025-09-27 23:57:57,394 - [data_pipeline.data_cleaner] - INFO - Processing feature: PhysActivity
2025-09-27 23:57:57,394 - [data_pipeline.data_cleaner] - INFO - Source Column: _TOTINDA
2025-09-27 23:57:57,395 - [data_pipeline.data_cleaner] - INFO - Question: Adults who reported doing physical activity or exercise during the past 30 days other than their regular job
2025-09-27 23:57:57,396 - [data_pipeline.data_cleaner] - INFO - Section: Calculated Variables
2025-09-27 23:57:57,397 - [data_pipeline.data_cleaner] - INFO - Raw value mapping:
2025-09-27 23:57:57,398 - [data_pipeline.data_cleaner] - INFO - 1 → 1.0 (Had physical activity or exercise)
2025-09-27 23:57:57,400 - [data_pipeline.data_cleaner] - INFO - 2 → 0.0 (No physical activity or exercise in last 30 days)
2025-09-27 23:57:57,409 - [data_pipeline.data_cleaner] - INFO - Dropping values: 9 (Don’t know/Refused/Missing)
2025-09-27 23:57:57,430 - [data_pipeline.data_cleaner] - INFO - Feature 'PhysActivity' processing completed
2025-09-27 23:57:57,431 - [data_pipeline.data_cleaner] - INFO - ==================================================
2025-09-27 23:57:57,431 - [data_pipeline.data_cleaner] - INFO - Processing feature: HvyAlcoholConsump
2025-09-27 23:57:57,431 - [data_pipeline.data_cleaner] - INFO - Source Column: _RFDRHV8
2025-09-27 23:57:57,432 - [data_pipeline.data_cleaner] - INFO - Question: Heavy drinkers (adult men having more than 14 drinks per week and adult women having more than 7 drinks per week)
2025-09-27 23:57:57,432 - [data_pipeline.data_cleaner] - INFO - Section: Calculated Variables
2025-09-27 23:57:57,434 - [data_pipeline.data_cleaner] - INFO - Raw value mapping:
2025-09-27 23:57:57,434 - [data_pipeline.data_cleaner] - INFO - 1 → 0.0 (No)
2025-09-27 23:57:57,435 - [data_pipeline.data_cleaner] - INFO - 2 → 1.0 (Yes)
2025-09-27 23:57:57,445 - [data_pipeline.data_cleaner] - INFO - Dropping values: 9 (Don’t know/Refused/Missing)
2025-09-27 23:57:57,462 - [data_pipeline.data_cleaner] - INFO - Feature 'HvyAlcoholConsump' processing completed
2025-09-27 23:57:57,462 - [data_pipeline.data_cleaner] - INFO - ==================================================
2025-09-27 23:57:57,462 - [data_pipeline.data_cleaner] - INFO - Processing feature: AnyHealthcare
2025-09-27 23:57:57,463 - [data_pipeline.data_cleaner] - INFO - Source Column: PRIMINS1
2025-09-27 23:57:57,464 - [data_pipeline.data_cleaner] - INFO - Question: Have any health care coverage?
2025-09-27 23:57:57,464 - [data_pipeline.data_cleaner] - INFO - Section: Health Care Access
2025-09-27 23:57:57,465 - [data_pipeline.data_cleaner] - INFO - Using year period: 2021-2023 for AnyHealthcare mapping
2025-09-27 23:57:57,466 - [data_pipeline.data_cleaner] - INFO - Raw value mapping:
2025-09-27 23:57:57,467 - [data_pipeline.data_cleaner] - INFO - 1 → 1.0 (A plan purchased through an employer or union)
2025-09-27 23:57:57,467 - [data_pipeline.data_cleaner] - INFO - 2 → 1.0 (A private nongovernmental plan that you or another family member buys on your own)
2025-09-27 23:57:57,468 - [data_pipeline.data_cleaner] - INFO - 3 → 1.0 (Medicare)
2025-09-27 23:57:57,469 - [data_pipeline.data_cleaner] - INFO - 4 → 1.0 (Medigap)
2025-09-27 23:57:57,470 - [data_pipeline.data_cleaner] - INFO - 5 → 1.0 (Medicaid)
2025-09-27 23:57:57,470 - [data_pipeline.data_cleaner] - INFO - 6 → 1.0 (Children´s Health Insurance Program (CHIP))
2025-09-27 23:57:57,471 - [data_pipeline.data_cleaner] - INFO - 7 → 1.0 (Military related health care: TRICARE (CHAMPUS) / VA health care / CHAMP- VA)
2025-09-27 23:57:57,472 - [data_pipeline.data_cleaner] - INFO - 8 → 1.0 (Indian Health Service)
2025-09-27 23:57:57,472 - [data_pipeline.data_cleaner] - INFO - 9 → 1.0 (State sponsored health plan)
2025-09-27 23:57:57,473 - [data_pipeline.data_cleaner] - INFO - 10 → 1.0 (Other government program)
2025-09-27 23:57:57,475 - [data_pipeline.data_cleaner] - INFO - 88 → 0.0 (No coverage of any type)
2025-09-27 23:57:57,483 - [data_pipeline.data_cleaner] - INFO - Dropping values: 77 (Don’t know/Not Sure), 99 (Refused)
2025-09-27 23:57:57,499 - [data_pipeline.data_cleaner] - INFO - Feature 'AnyHealthcare' processing completed
2025-09-27 23:57:57,500 - [data_pipeline.data_cleaner] - INFO - ==================================================
2025-09-27 23:57:57,500 - [data_pipeline.data_cleaner] - INFO - Processing feature: NoDocbcCost
2025-09-27 23:57:57,501 - [data_pipeline.data_cleaner] - INFO - Source Column: MEDCOST1
2025-09-27 23:57:57,501 - [data_pipeline.data_cleaner] - INFO - Question: Was there a time in the past 12 months when you needed to see a doctor but could not because you could not afford it?
2025-09-27 23:57:57,502 - [data_pipeline.data_cleaner] - INFO - Section: Health Care Access
2025-09-27 23:57:57,503 - [data_pipeline.data_cleaner] - INFO - Raw value mapping:
2025-09-27 23:57:57,503 - [data_pipeline.data_cleaner] - INFO - 1 → 1.0 (Yes)
2025-09-27 23:57:57,504 - [data_pipeline.data_cleaner] - INFO - 2 → 0.0 (No)
2025-09-27 23:57:57,511 - [data_pipeline.data_cleaner] - INFO - Dropping values: 7 (Don’t know/Not sure), 9 (Refused)
2025-09-27 23:57:57,527 - [data_pipeline.data_cleaner] - INFO - Feature 'NoDocbcCost' processing completed
2025-09-27 23:57:57,527 - [data_pipeline.data_cleaner] - INFO - ==================================================
2025-09-27 23:57:57,528 - [data_pipeline.data_cleaner] - INFO - Processing feature: GenHlth
2025-09-27 23:57:57,528 - [data_pipeline.data_cleaner] - INFO - Source Column: GENHLTH
2025-09-27 23:57:57,529 - [data_pipeline.data_cleaner] - INFO - Question: Would you say that in general your health is
2025-09-27 23:57:57,529 - [data_pipeline.data_cleaner] - INFO - Section: Health Status
2025-09-27 23:57:57,531 - [data_pipeline.data_cleaner] - INFO - Raw value mapping:
2025-09-27 23:57:57,532 - [data_pipeline.data_cleaner] - INFO - 1 → 1.0 (Excellent)
2025-09-27 23:57:57,532 - [data_pipeline.data_cleaner] - INFO - 2 → 2.0 (Very good)
2025-09-27 23:57:57,533 - [data_pipeline.data_cleaner] - INFO - 3 → 3.0 (Good)
2025-09-27 23:57:57,534 - [data_pipeline.data_cleaner] - INFO - 4 → 4.0 (Fair)
2025-09-27 23:57:57,535 - [data_pipeline.data_cleaner] - INFO - 5 → 5.0 (Poor)
2025-09-27 23:57:57,542 - [data_pipeline.data_cleaner] - INFO - Dropping values: 7 (Don’t know/Not sure), 9 (Refused)
2025-09-27 23:57:57,562 - [data_pipeline.data_cleaner] - INFO - Feature 'GenHlth' processing completed
2025-09-27 23:57:57,563 - [data_pipeline.data_cleaner] - INFO - ==================================================
2025-09-27 23:57:57,563 - [data_pipeline.data_cleaner] - INFO - Processing feature: MentHlth
2025-09-27 23:57:57,563 - [data_pipeline.data_cleaner] - INFO - Source Column: MENTHLTH
2025-09-27 23:57:57,564 - [data_pipeline.data_cleaner] - INFO - Question: Number of days mental health not good
2025-09-27 23:57:57,564 - [data_pipeline.data_cleaner] - INFO - Section: Healthy Days
2025-09-27 23:57:57,565 - [data_pipeline.data_cleaner] - INFO - Raw value mapping:
2025-09-27 23:57:57,566 - [data_pipeline.data_cleaner] - INFO - 88 → 0.0 (None)
2025-09-27 23:57:57,577 - [data_pipeline.data_cleaner] - INFO - Dropping values: 77 (Don’t know/Not sure), 99 (Refused)
2025-09-27 23:57:57,596 - [data_pipeline.data_cleaner] - INFO - Feature 'MentHlth' processing completed
2025-09-27 23:57:57,597 - [data_pipeline.data_cleaner] - INFO - ==================================================
2025-09-27 23:57:57,597 - [data_pipeline.data_cleaner] - INFO - Processing feature: PhysHlth
2025-09-27 23:57:57,598 - [data_pipeline.data_cleaner] - INFO - Source Column: PHYSHLTH
2025-09-27 23:57:57,598 - [data_pipeline.data_cleaner] - INFO - Question: Number of days physical health not good
2025-09-27 23:57:57,599 - [data_pipeline.data_cleaner] - INFO - Section: Healthy Days
2025-09-27 23:57:57,600 - [data_pipeline.data_cleaner] - INFO - Raw value mapping:
2025-09-27 23:57:57,601 - [data_pipeline.data_cleaner] - INFO - 88 → 0.0 (None)
2025-09-27 23:57:57,612 - [data_pipeline.data_cleaner] - INFO - Dropping values: 77 (Don’t know/Not sure), 99 (Refused)
2025-09-27 23:57:57,629 - [data_pipeline.data_cleaner] - INFO - Feature 'PhysHlth' processing completed
2025-09-27 23:57:57,629 - [data_pipeline.data_cleaner] - INFO - ==================================================
2025-09-27 23:57:57,630 - [data_pipeline.data_cleaner] - INFO - Processing feature: DiffWalk
2025-09-27 23:57:57,630 - [data_pipeline.data_cleaner] - INFO - Source Column: DIFFWALK
2025-09-27 23:57:57,631 - [data_pipeline.data_cleaner] - INFO - Question: Do you have serious difficulty walking or climbing stairs?
2025-09-27 23:57:57,632 - [data_pipeline.data_cleaner] - INFO - Section: Disability
2025-09-27 23:57:57,632 - [data_pipeline.data_cleaner] - INFO - Raw value mapping:
2025-09-27 23:57:57,633 - [data_pipeline.data_cleaner] - INFO - 1 → 1.0 (Yes)
2025-09-27 23:57:57,634 - [data_pipeline.data_cleaner] - INFO - 2 → 0.0 (No)
2025-09-27 23:57:57,643 - [data_pipeline.data_cleaner] - INFO - Dropping values: 7 (Don’t know/Not Sure), 9 (Refused)
2025-09-27 23:57:57,684 - [data_pipeline.data_cleaner] - INFO - Feature 'DiffWalk' processing completed
2025-09-27 23:57:57,685 - [data_pipeline.data_cleaner] - INFO - ==================================================
2025-09-27 23:57:57,686 - [data_pipeline.data_cleaner] - INFO - Processing feature: Sex
2025-09-27 23:57:57,687 - [data_pipeline.data_cleaner] - INFO - Source Column: _SEX
2025-09-27 23:57:57,688 - [data_pipeline.data_cleaner] - INFO - Question: What was your sex at birth? Was it male or female?
2025-09-27 23:57:57,688 - [data_pipeline.data_cleaner] - INFO - Section: Demographics
2025-09-27 23:57:57,689 - [data_pipeline.data_cleaner] - INFO - Raw value mapping:
2025-09-27 23:57:57,690 - [data_pipeline.data_cleaner] - INFO - 1 → 0.0 (Male)
2025-09-27 23:57:57,692 - [data_pipeline.data_cleaner] - INFO - 2 → 1.0 (Female)
2025-09-27 23:57:57,700 - [data_pipeline.data_cleaner] - INFO - Feature 'Sex' processing completed
2025-09-27 23:57:57,703 - [data_pipeline.data_cleaner] - INFO - ==================================================
2025-09-27 23:57:57,704 - [data_pipeline.data_cleaner] - INFO - Processing feature: Age
2025-09-27 23:57:57,705 - [data_pipeline.data_cleaner] - INFO - Source Column: _AGEG5YR
2025-09-27 23:57:57,705 - [data_pipeline.data_cleaner] - INFO - Question: Reported age in five-year age categories calculated variable
2025-09-27 23:57:57,708 - [data_pipeline.data_cleaner] - INFO - Section: Calculated Variables
2025-09-27 23:57:57,711 - [data_pipeline.data_cleaner] - INFO - Raw value mapping:
2025-09-27 23:57:57,712 - [data_pipeline.data_cleaner] - INFO - 1 → 1.0 (Age 18 to 24)
2025-09-27 23:57:57,713 - [data_pipeline.data_cleaner] - INFO - 2 → 2.0 (Age 25 to 29)
2025-09-27 23:57:57,714 - [data_pipeline.data_cleaner] - INFO - 3 → 3.0 (Age 30 to 34)
2025-09-27 23:57:57,714 - [data_pipeline.data_cleaner] - INFO - 4 → 4.0 (Age 35 to 39)
2025-09-27 23:57:57,715 - [data_pipeline.data_cleaner] - INFO - 5 → 5.0 (Age 40 to 44)
2025-09-27 23:57:57,716 - [data_pipeline.data_cleaner] - INFO - 6 → 6.0 (Age 45 to 49)
2025-09-27 23:57:57,717 - [data_pipeline.data_cleaner] - INFO - 7 → 7.0 (Age 50 to 54)
2025-09-27 23:57:57,717 - [data_pipeline.data_cleaner] - INFO - 8 → 8.0 (Age 55 to 59)
2025-09-27 23:57:57,718 - [data_pipeline.data_cleaner] - INFO - 9 → 9.0 (Age 60 to 64)
2025-09-27 23:57:57,719 - [data_pipeline.data_cleaner] - INFO - 10 → 10.0 (Age 65 to 69)
2025-09-27 23:57:57,720 - [data_pipeline.data_cleaner] - INFO - 11 → 11.0 (Age 70 to 74)
2025-09-27 23:57:57,720 - [data_pipeline.data_cleaner] - INFO - 12 → 12.0 (Age 75 to 79)
2025-09-27 23:57:57,721 - [data_pipeline.data_cleaner] - INFO - 13 → 13.0 (Age 80 or older)
2025-09-27 23:57:57,730 - [data_pipeline.data_cleaner] - INFO - Dropping values: 14 (Don’t know/Refused/Missing)
2025-09-27 23:57:57,747 - [data_pipeline.data_cleaner] - INFO - Feature 'Age' processing completed
2025-09-27 23:57:57,748 - [data_pipeline.data_cleaner] - INFO - ==================================================
2025-09-27 23:57:57,748 - [data_pipeline.data_cleaner] - INFO - Processing feature: Education
2025-09-27 23:57:57,749 - [data_pipeline.data_cleaner] - INFO - Source Column: EDUCA
2025-09-27 23:57:57,749 - [data_pipeline.data_cleaner] - INFO - Question: What is the highest grade or year of school you completed?
2025-09-27 23:57:57,749 - [data_pipeline.data_cleaner] - INFO - Section: Demographics
2025-09-27 23:57:57,751 - [data_pipeline.data_cleaner] - INFO - Raw value mapping:
2025-09-27 23:57:57,751 - [data_pipeline.data_cleaner] - INFO - 1 → 1.0 (Never attended school or only kindergarten)
2025-09-27 23:57:57,752 - [data_pipeline.data_cleaner] - INFO - 2 → 2.0 (Grades 1 through 8 (Elementary))
2025-09-27 23:57:57,753 - [data_pipeline.data_cleaner] - INFO - 3 → 3.0 (Grades 9 through 11 (Some high school))
2025-09-27 23:57:57,754 - [data_pipeline.data_cleaner] - INFO - 4 → 4.0 (Grade 12 or GED (High school graduate))
2025-09-27 23:57:57,755 - [data_pipeline.data_cleaner] - INFO - 5 → 5.0 (College 1 year to 3 years (Some college or technical school))
2025-09-27 23:57:57,755 - [data_pipeline.data_cleaner] - INFO - 6 → 6.0 (College 4 years or more (College graduate))
2025-09-27 23:57:57,766 - [data_pipeline.data_cleaner] - INFO - Dropping values: 9 (Refused)
2025-09-27 23:57:57,782 - [data_pipeline.data_cleaner] - INFO - Feature 'Education' processing completed
2025-09-27 23:57:57,783 - [data_pipeline.data_cleaner] - INFO - ==================================================
2025-09-27 23:57:57,783 - [data_pipeline.data_cleaner] - INFO - Processing feature: Income
2025-09-27 23:57:57,783 - [data_pipeline.data_cleaner] - INFO - Source Column: INCOME3
2025-09-27 23:57:57,784 - [data_pipeline.data_cleaner] - INFO - Question: 
2025-09-27 23:57:57,784 - [data_pipeline.data_cleaner] - INFO - Section: 
2025-09-27 23:57:57,785 - [data_pipeline.data_cleaner] - INFO - Raw value mapping:
2025-09-27 23:57:57,786 - [data_pipeline.data_cleaner] - INFO - 1 → 1.0 (Less than $10,000)
2025-09-27 23:57:57,787 - [data_pipeline.data_cleaner] - INFO - 2 → 2.0 (Less than $15,000 ($10,000 to < $15,000))
2025-09-27 23:57:57,787 - [data_pipeline.data_cleaner] - INFO - 3 → 3.0 (Less than $20,000 ($15,000 to < $20,000))
2025-09-27 23:57:57,788 - [data_pipeline.data_cleaner] - INFO - 4 → 4.0 (Less than $25,000 ($20,000 to < $25,000))
2025-09-27 23:57:57,789 - [data_pipeline.data_cleaner] - INFO - 5 → 5.0 (Less than $35,000 ($25,000 to < $35,000))
2025-09-27 23:57:57,790 - [data_pipeline.data_cleaner] - INFO - 6 → 6.0 (Less than $50,000 ($35,000 to < $50,000))
2025-09-27 23:57:57,791 - [data_pipeline.data_cleaner] - INFO - 7 → 7.0 (Less than $75,000 ($50,000 to < $75,000))
2025-09-27 23:57:57,792 - [data_pipeline.data_cleaner] - INFO - 8 → 8.0 (Less than $100,000? ($75,000 to < $100,000))
2025-09-27 23:57:57,794 - [data_pipeline.data_cleaner] - INFO - 9 → 9.0 (Less than $150,000? ($100,000 to < $150,000))
2025-09-27 23:57:57,795 - [data_pipeline.data_cleaner] - INFO - 10 → 10.0 (Less than $200,000? ($150,000 to < $200,000))
2025-09-27 23:57:57,796 - [data_pipeline.data_cleaner] - INFO - 11 → 11.0 ($200,000 or more)
2025-09-27 23:57:57,808 - [data_pipeline.data_cleaner] - INFO - Dropping values: 77 (Don’t know/Not Sure), 99 (Refused)
2025-09-27 23:57:57,829 - [data_pipeline.data_cleaner] - INFO - Feature 'Income' processing completed
2025-09-27 23:57:57,830 - [data_pipeline.data_cleaner] - INFO - ==================================================
2025-09-27 23:57:57,830 - [data_pipeline.data_cleaner] - INFO - Processing feature: Depression
2025-09-27 23:57:57,831 - [data_pipeline.data_cleaner] - INFO - Source Column: ADDEPEV3
2025-09-27 23:57:57,831 - [data_pipeline.data_cleaner] - INFO - Question: (Ever told) you had a depressive disorder?
2025-09-27 23:57:57,831 - [data_pipeline.data_cleaner] - INFO - Section: Chronic Health Conditions
2025-09-27 23:57:57,832 - [data_pipeline.data_cleaner] - INFO - Raw value mapping:
2025-09-27 23:57:57,833 - [data_pipeline.data_cleaner] - INFO - 1 → 1.0 (Yes)
2025-09-27 23:57:57,834 - [data_pipeline.data_cleaner] - INFO - 2 → 0.0 (No)
2025-09-27 23:57:57,839 - [data_pipeline.data_cleaner] - INFO - Dropping values: 7 (Don’t know/Not Sure), 9 (Refused)
2025-09-27 23:57:57,855 - [data_pipeline.data_cleaner] - INFO - Feature 'Depression' processing completed
2025-09-27 23:57:57,856 - [data_pipeline.data_cleaner] - INFO - ==================================================
2025-09-27 23:57:57,856 - [data_pipeline.data_cleaner] - INFO - Processing feature: CognitiveIssues
2025-09-27 23:57:57,857 - [data_pipeline.data_cleaner] - INFO - Source Column: DECIDE
2025-09-27 23:57:57,859 - [data_pipeline.data_cleaner] - INFO - Question: Difficulty Concentrating or Remembering
2025-09-27 23:57:57,859 - [data_pipeline.data_cleaner] - INFO - Section: Demographics
2025-09-27 23:57:57,862 - [data_pipeline.data_cleaner] - INFO - Raw value mapping:
2025-09-27 23:57:57,863 - [data_pipeline.data_cleaner] - INFO - 1 → 1.0 (Yes)
2025-09-27 23:57:57,863 - [data_pipeline.data_cleaner] - INFO - 2 → 0.0 (No)
2025-09-27 23:57:57,869 - [data_pipeline.data_cleaner] - INFO - Dropping values: 7 (Don’t know/Not Sure), 9 (Refused)
2025-09-27 23:57:57,884 - [data_pipeline.data_cleaner] - INFO - Feature 'CognitiveIssues' processing completed
2025-09-27 23:57:57,885 - [data_pipeline.data_cleaner] - INFO - ==================================================
2025-09-27 23:57:57,885 - [data_pipeline.data_cleaner] - INFO - Processing feature: KidneyDisease
2025-09-27 23:57:57,885 - [data_pipeline.data_cleaner] - INFO - Source Column: CHCKDNY2
2025-09-27 23:57:57,886 - [data_pipeline.data_cleaner] - INFO - Question: Ever told you have kidney disease?
2025-09-27 23:57:57,886 - [data_pipeline.data_cleaner] - INFO - Section: Chronic Health Conditions
2025-09-27 23:57:57,887 - [data_pipeline.data_cleaner] - INFO - Raw value mapping:
2025-09-27 23:57:57,889 - [data_pipeline.data_cleaner] - INFO - 1 → 1.0 (Yes)
2025-09-27 23:57:57,889 - [data_pipeline.data_cleaner] - INFO - 2 → 0.0 (No)
2025-09-27 23:57:57,896 - [data_pipeline.data_cleaner] - INFO - Dropping values: 7 (Don’t know/Not Sure), 9 (Refused)
2025-09-27 23:57:57,912 - [data_pipeline.data_cleaner] - INFO - Feature 'KidneyDisease' processing completed
2025-09-27 23:57:57,913 - [data_pipeline.data_cleaner] - INFO - ==================================================
2025-09-27 23:57:57,913 - [data_pipeline.data_cleaner] - INFO - Processing feature: DiagnosedHeartAttack
2025-09-27 23:57:57,913 - [data_pipeline.data_cleaner] - INFO - Source Column: CVDINFR4
2025-09-27 23:57:57,914 - [data_pipeline.data_cleaner] - INFO - Question: Ever Diagnosed with Heart Attack?
2025-09-27 23:57:57,915 - [data_pipeline.data_cleaner] - INFO - Section: Chronic Health Conditions
2025-09-27 23:57:57,916 - [data_pipeline.data_cleaner] - INFO - Raw value mapping:
2025-09-27 23:57:57,917 - [data_pipeline.data_cleaner] - INFO - 1 → 1.0 (Yes)
2025-09-27 23:57:57,918 - [data_pipeline.data_cleaner] - INFO - 2 → 0.0 (No)
2025-09-27 23:57:57,927 - [data_pipeline.data_cleaner] - INFO - Dropping values: 7 (Don’t know/Not Sure), 9 (Refused)
2025-09-27 23:57:57,956 - [data_pipeline.data_cleaner] - INFO - Feature 'DiagnosedHeartAttack' processing completed
2025-09-27 23:57:57,957 - [data_pipeline.data_cleaner] - INFO - ==================================================
2025-09-27 23:57:57,958 - [data_pipeline.data_cleaner] - INFO - Processing feature: CoronaryHeartDisease
2025-09-27 23:57:57,961 - [data_pipeline.data_cleaner] - INFO - Source Column: CVDCRHD4
2025-09-27 23:57:57,962 - [data_pipeline.data_cleaner] - INFO - Question: Ever Diagnosed with Angina or Coronary Heart Disease
2025-09-27 23:57:57,964 - [data_pipeline.data_cleaner] - INFO - Section: Chronic Health Conditions
2025-09-27 23:57:57,966 - [data_pipeline.data_cleaner] - INFO - Raw value mapping:
2025-09-27 23:57:57,967 - [data_pipeline.data_cleaner] - INFO - 1 → 1.0 (Yes)
2025-09-27 23:57:57,970 - [data_pipeline.data_cleaner] - INFO - 2 → 0.0 (No)
2025-09-27 23:57:57,979 - [data_pipeline.data_cleaner] - INFO - Dropping values: 7 (Don’t know/Not Sure), 9 (Refused)
2025-09-27 23:57:58,000 - [data_pipeline.data_cleaner] - INFO - Feature 'CoronaryHeartDisease' processing completed
2025-09-27 23:57:58,000 - [data_pipeline.data_cleaner] - INFO - ==================================================
2025-09-27 23:57:58,001 - [data_pipeline.data_cleaner] - INFO - Processing feature: COPD
2025-09-27 23:57:58,001 - [data_pipeline.data_cleaner] - INFO - Source Column: CHCCOPD3
2025-09-27 23:57:58,002 - [data_pipeline.data_cleaner] - INFO - Question: Ever told you had Chronic Obstructive Pulmonary Disease (COPD) emphysema or chronic bronchitis?
2025-09-27 23:57:58,002 - [data_pipeline.data_cleaner] - INFO - Section: Chronic Health Conditions
2025-09-27 23:57:58,003 - [data_pipeline.data_cleaner] - INFO - Raw value mapping:
2025-09-27 23:57:58,004 - [data_pipeline.data_cleaner] - INFO - 1 → 1.0 (Yes)
2025-09-27 23:57:58,005 - [data_pipeline.data_cleaner] - INFO - 2 → 0.0 (No)
2025-09-27 23:57:58,012 - [data_pipeline.data_cleaner] - INFO - Dropping values: 7 (Don’t know/Not Sure), 9 (Refused)
2025-09-27 23:57:58,028 - [data_pipeline.data_cleaner] - INFO - Feature 'COPD' processing completed
2025-09-27 23:57:58,029 - [data_pipeline.data_cleaner] - INFO - ==================================================
2025-09-27 23:57:58,029 - [data_pipeline.data_cleaner] - INFO - Processing feature: AlcoholDays
2025-09-27 23:57:58,029 - [data_pipeline.data_cleaner] - INFO - Source Column: ALCDAY4
2025-09-27 23:57:58,030 - [data_pipeline.data_cleaner] - INFO - Question: Days in past 30 had alcoholic beverage
2025-09-27 23:57:58,031 - [data_pipeline.data_cleaner] - INFO - Section: Alcohol Consumption
2025-09-27 23:57:58,032 - [data_pipeline.data_cleaner] - INFO - Raw value mapping:
2025-09-27 23:57:58,032 - [data_pipeline.data_cleaner] - INFO - 888 → 0.0 (None)
2025-09-27 23:57:58,069 - [data_pipeline.data_cleaner] - INFO - Other values: taking modulo 100 to get last 2 digits
2025-09-27 23:57:58,069 - [data_pipeline.data_cleaner] - INFO - Dropping values: 777 (Don’t know/Not Sure), 999 (Refused)
2025-09-27 23:57:58,086 - [data_pipeline.data_cleaner] - INFO - Feature 'AlcoholDays' processing completed
2025-09-27 23:57:58,087 - [data_pipeline.data_cleaner] - INFO - ==================================================
2025-09-27 23:57:58,087 - [data_pipeline.data_cleaner] - INFO - Processing feature: LastCheckup
2025-09-27 23:57:58,088 - [data_pipeline.data_cleaner] - INFO - Source Column: CHECKUP1
2025-09-27 23:57:58,088 - [data_pipeline.data_cleaner] - INFO - Question: About how long has it been since you last visited a doctor for a routine checkup?
2025-09-27 23:57:58,088 - [data_pipeline.data_cleaner] - INFO - Section: Health Care Access
2025-09-27 23:57:58,089 - [data_pipeline.data_cleaner] - INFO - Raw value mapping:
2025-09-27 23:57:58,091 - [data_pipeline.data_cleaner] - INFO - 1 → 1.0 (Within past year (anytime < 12 months ago))
2025-09-27 23:57:58,092 - [data_pipeline.data_cleaner] - INFO - 2 → 2.0 (Within past 2 years (1 year but < 2 years ago))
2025-09-27 23:57:58,094 - [data_pipeline.data_cleaner] - INFO - 3 → 3.0 (Within past 5 years (2 years but < 5 years ago))
2025-09-27 23:57:58,095 - [data_pipeline.data_cleaner] - INFO - 4 → 0.0 (5 or more years ago)
2025-09-27 23:57:58,096 - [data_pipeline.data_cleaner] - INFO - 8 → 0.0 (Never)
2025-09-27 23:57:58,101 - [data_pipeline.data_cleaner] - INFO - Dropping values: 7 (Don’t know/Not Sure), 9 (Refused)
2025-09-27 23:57:58,118 - [data_pipeline.data_cleaner] - INFO - Feature 'LastCheckup' processing completed
2025-09-27 23:57:58,118 - [data_pipeline.data_cleaner] - INFO - ==================================================
2025-09-27 23:57:58,119 - [data_pipeline.data_cleaner] - INFO - Processing feature: HasPersonalDoctor
2025-09-27 23:57:58,119 - [data_pipeline.data_cleaner] - INFO - Source Column: PERSDOC3
2025-09-27 23:57:58,119 - [data_pipeline.data_cleaner] - INFO - Question: 
2025-09-27 23:57:58,120 - [data_pipeline.data_cleaner] - INFO - Section: 
2025-09-27 23:57:58,121 - [data_pipeline.data_cleaner] - INFO - Raw value mapping:
2025-09-27 23:57:58,122 - [data_pipeline.data_cleaner] - INFO - 1 → 1.0 (Yes, only one)
2025-09-27 23:57:58,122 - [data_pipeline.data_cleaner] - INFO - 2 → 1.0 (More than one)
2025-09-27 23:57:58,123 - [data_pipeline.data_cleaner] - INFO - 3 → 0.0 (No)
2025-09-27 23:57:58,129 - [data_pipeline.data_cleaner] - INFO - Dropping values: 7 (Don’t know/Not Sure), 9 (Refused)
2025-09-27 23:57:58,146 - [data_pipeline.data_cleaner] - INFO - Feature 'HasPersonalDoctor' processing completed
2025-09-27 23:57:58,146 - [data_pipeline.data_cleaner] - INFO - ==================================================
2025-09-27 23:57:58,147 - [data_pipeline.data_cleaner] - INFO - Processing feature: CholesterolMeds
2025-09-27 23:57:58,147 - [data_pipeline.data_cleaner] - INFO - Source Column: CHOLMED3
2025-09-27 23:57:58,148 - [data_pipeline.data_cleaner] - INFO - Question: Are you currently taking medicine prescribed by your doctor or other health professional for your cholesterol?
2025-09-27 23:57:58,148 - [data_pipeline.data_cleaner] - INFO - Section: Cholesterol Awareness
2025-09-27 23:57:58,149 - [data_pipeline.data_cleaner] - INFO - Raw value mapping:
2025-09-27 23:57:58,150 - [data_pipeline.data_cleaner] - INFO - 1 → 1.0 (Yes)
2025-09-27 23:57:58,151 - [data_pipeline.data_cleaner] - INFO - 2 → 0.0 (No)
2025-09-27 23:57:58,156 - [data_pipeline.data_cleaner] - INFO - Dropping values: 7 (Don’t know/Not Sure), 9 (Refused)
2025-09-27 23:57:58,172 - [data_pipeline.data_cleaner] - INFO - Feature 'CholesterolMeds' processing completed
2025-09-27 23:57:58,173 - [data_pipeline.data_cleaner] - INFO - ==================================================
2025-09-27 23:57:58,173 - [data_pipeline.data_cleaner] - INFO - Processing feature: MaritalStatus
2025-09-27 23:57:58,174 - [data_pipeline.data_cleaner] - INFO - Source Column: MARITAL
2025-09-27 23:57:58,175 - [data_pipeline.data_cleaner] - INFO - Question: Are you: (marital status)?
2025-09-27 23:57:58,176 - [data_pipeline.data_cleaner] - INFO - Section: 
2025-09-27 23:57:58,178 - [data_pipeline.data_cleaner] - INFO - Raw value mapping:
2025-09-27 23:57:58,179 - [data_pipeline.data_cleaner] - INFO - 1 → 1.0 (Married)
2025-09-27 23:57:58,180 - [data_pipeline.data_cleaner] - INFO - 2 → 2.0 (Divorced)
2025-09-27 23:57:58,181 - [data_pipeline.data_cleaner] - INFO - 3 → 3.0 (Widowed)
2025-09-27 23:57:58,181 - [data_pipeline.data_cleaner] - INFO - 4 → 4.0 (Separated)
2025-09-27 23:57:58,182 - [data_pipeline.data_cleaner] - INFO - 5 → 5.0 (Never married)
2025-09-27 23:57:58,182 - [data_pipeline.data_cleaner] - INFO - 6 → 6.0 (A member of an unmarried couple)
2025-09-27 23:57:58,189 - [data_pipeline.data_cleaner] - INFO - Dropping values: 9 (Refused)
2025-09-27 23:57:58,209 - [data_pipeline.data_cleaner] - INFO - Feature 'MaritalStatus' processing completed
2025-09-27 23:57:58,210 - [data_pipeline.data_cleaner] - INFO - ==================================================
2025-09-27 23:57:58,210 - [data_pipeline.data_cleaner] - INFO - Processing feature: EmploymentStatus
2025-09-27 23:57:58,211 - [data_pipeline.data_cleaner] - INFO - Source Column: EMPLOY1
2025-09-27 23:57:58,212 - [data_pipeline.data_cleaner] - INFO - Question: Are you currently employed?
2025-09-27 23:57:58,213 - [data_pipeline.data_cleaner] - INFO - Section: 
2025-09-27 23:57:58,213 - [data_pipeline.data_cleaner] - INFO - Raw value mapping:
2025-09-27 23:57:58,214 - [data_pipeline.data_cleaner] - INFO - 1 → 1.0 (Employed for wages)
2025-09-27 23:57:58,215 - [data_pipeline.data_cleaner] - INFO - 2 → 2.0 (Self-employed)
2025-09-27 23:57:58,216 - [data_pipeline.data_cleaner] - INFO - 3 → 3.0 (Out of work for 1 year or more)
2025-09-27 23:57:58,216 - [data_pipeline.data_cleaner] - INFO - 4 → 4.0 (Out of work for < 1 year)
2025-09-27 23:57:58,217 - [data_pipeline.data_cleaner] - INFO - 5 → 5.0 (A homemaker)
2025-09-27 23:57:58,218 - [data_pipeline.data_cleaner] - INFO - 6 → 6.0 (A student)
2025-09-27 23:57:58,218 - [data_pipeline.data_cleaner] - INFO - 7 → 7.0 (Retired)
2025-09-27 23:57:58,219 - [data_pipeline.data_cleaner] - INFO - 8 → 8.0 (Unable to work)
2025-09-27 23:57:58,228 - [data_pipeline.data_cleaner] - INFO - Dropping values: 9 (Refused)
2025-09-27 23:57:58,247 - [data_pipeline.data_cleaner] - INFO - Feature 'EmploymentStatus' processing completed
2025-09-27 23:57:58,247 - [data_pipeline.data_cleaner] - INFO - ==================================================
2025-09-27 23:57:58,248 - [data_pipeline.data_cleaner] - INFO - Processing feature: CannotAffordDoctor
2025-09-27 23:57:58,248 - [data_pipeline.data_cleaner] - INFO - Source Column: MEDCOST1
2025-09-27 23:57:58,249 - [data_pipeline.data_cleaner] - INFO - Question: Was there a time in the past 12 months when you needed to see a doctor but could not because you could not afford it?
2025-09-27 23:57:58,250 - [data_pipeline.data_cleaner] - INFO - Section: Health Care Access
2025-09-27 23:57:58,251 - [data_pipeline.data_cleaner] - INFO - Raw value mapping:
2025-09-27 23:57:58,251 - [data_pipeline.data_cleaner] - INFO - 1 → 1.0 (Yes)
2025-09-27 23:57:58,252 - [data_pipeline.data_cleaner] - INFO - 2 → 0.0 (No)
2025-09-27 23:57:58,259 - [data_pipeline.data_cleaner] - INFO - Dropping values: 7 (Don’t know/Not Sure), 9 (Refused)
2025-09-27 23:57:58,276 - [data_pipeline.data_cleaner] - INFO - Feature 'CannotAffordDoctor' processing completed
2025-09-27 23:57:58,279 - [data_pipeline.data_cleaner] - INFO - ==================================================
2025-09-27 23:57:58,330 - [data_pipeline.data_cleaner] - INFO - Feature processing completed. Final shape: (252708, 33)
2025-09-27 23:58:44,622 - [data_pipeline.feature_engineering] - INFO - Enhanced DiabetesFeatureEngineering initialized successfully
2025-09-27 23:58:44,623 - [data_pipeline.feature_engineering] - INFO - ================================================================================
2025-09-27 23:58:44,624 - [data_pipeline.feature_engineering] - INFO - STARTING ENHANCED INFERENCE FEATURE ENGINEERING PIPELINE
2025-09-27 23:58:44,625 - [data_pipeline.feature_engineering] - INFO - ================================================================================
2025-09-27 23:58:44,626 - [data_pipeline.feature_engineering] - INFO - Initial dataset shape: (252708, 37)
2025-09-27 23:58:44,629 - [data_pipeline.feature_engineering] - INFO - Starting null values removal process...
2025-09-27 23:58:44,688 - [data_pipeline.feature_engineering] - INFO - No null values found in the dataset
2025-09-27 23:58:44,793 - [data_pipeline.feature_engineering] - INFO - Null values removal completed. Removed 0 rows (0.00%)
2025-09-27 23:58:44,794 - [data_pipeline.feature_engineering] - INFO - Dataset shape: 252708 -> 252708 rows
2025-09-27 23:58:44,795 - [data_pipeline.feature_engineering] - INFO - Starting duplicate removal process...
2025-09-27 23:58:44,988 - [data_pipeline.feature_engineering] - INFO - Found 1578 duplicate rows
2025-09-27 23:58:45,187 - [data_pipeline.feature_engineering] - INFO -   - Label 0.0: 1519 duplicate rows
2025-09-27 23:58:45,246 - [data_pipeline.feature_engineering] - INFO -   - Label 2.0: 58 duplicate rows
2025-09-27 23:58:45,265 - [data_pipeline.feature_engineering] - INFO -   - Label 1.0: 1 duplicate rows
2025-09-27 23:58:45,531 - [data_pipeline.feature_engineering] - INFO - Duplicate removal completed. Removed 1578 rows (0.62%)
2025-09-27 23:58:45,532 - [data_pipeline.feature_engineering] - INFO - Dataset shape: 252708 -> 251130 rows
2025-09-27 23:58:45,535 - [data_pipeline.feature_engineering] - INFO - Starting enhanced outlier handling process...
2025-09-27 23:58:45,536 - [data_pipeline.feature_engineering] - INFO - Columns to process: ['BMI', 'MentHlth', 'PhysHlth', 'AlcoholDays']
2025-09-27 23:58:45,548 - [data_pipeline.feature_engineering] - INFO - Processing outliers for column: BMI
2025-09-27 23:58:45,649 - [data_pipeline.feature_engineering] - INFO -   - Diabetes group 0.0: 7433 outliers (Lower: 52, Upper: 7381)
2025-09-27 23:58:45,692 - [data_pipeline.feature_engineering] - INFO -   - Diabetes group 2.0: 897 outliers (Lower: 4, Upper: 893)
2025-09-27 23:58:45,714 - [data_pipeline.feature_engineering] - INFO -   - Diabetes group 1.0: 154 outliers (Lower: 0, Upper: 154)
2025-09-27 23:58:45,720 - [data_pipeline.feature_engineering] - INFO - Processing outliers for column: MentHlth
2025-09-27 23:58:45,873 - [data_pipeline.feature_engineering] - INFO -   - Diabetes group 0.0: 26002 outliers (Lower: 0, Upper: 26002)
2025-09-27 23:58:45,933 - [data_pipeline.feature_engineering] - INFO -   - Diabetes group 2.0: 5641 outliers (Lower: 0, Upper: 5641)
2025-09-27 23:58:45,953 - [data_pipeline.feature_engineering] - INFO -   - Diabetes group 1.0: 1058 outliers (Lower: 0, Upper: 1058)
2025-09-27 23:58:45,957 - [data_pipeline.feature_engineering] - INFO - Processing outliers for column: PhysHlth
2025-09-27 23:58:46,072 - [data_pipeline.feature_engineering] - INFO -   - Diabetes group 0.0: 29517 outliers (Lower: 0, Upper: 29517)
2025-09-27 23:58:46,117 - [data_pipeline.feature_engineering] - INFO -   - Diabetes group 2.0: 5646 outliers (Lower: 0, Upper: 5646)
2025-09-27 23:58:46,136 - [data_pipeline.feature_engineering] - INFO -   - Diabetes group 1.0: 905 outliers (Lower: 0, Upper: 905)
2025-09-27 23:58:46,140 - [data_pipeline.feature_engineering] - INFO - Processing outliers for column: AlcoholDays
2025-09-27 23:58:46,247 - [data_pipeline.feature_engineering] - INFO -   - Diabetes group 0.0: 19049 outliers (Lower: 0, Upper: 19049)
2025-09-27 23:58:46,286 - [data_pipeline.feature_engineering] - INFO -   - Diabetes group 2.0: 2941 outliers (Lower: 0, Upper: 2941)
2025-09-27 23:58:46,303 - [data_pipeline.feature_engineering] - INFO -   - Diabetes group 1.0: 727 outliers (Lower: 0, Upper: 727)
2025-09-27 23:58:46,307 - [data_pipeline.feature_engineering] - INFO - Enhanced outlier handling completed. Total outliers handled: 99970
2025-09-27 23:58:46,311 - [data_pipeline.feature_engineering] - INFO - Creating enhanced health score feature...
2025-09-27 23:58:46,323 - [data_pipeline.feature_engineering] - INFO - Using columns for health score: ['GenHlth', 'MentHlth', 'PhysHlth', 'DiffWalk']
2025-09-27 23:58:46,332 - [data_pipeline.feature_engineering] - INFO - Enhanced health score created using 4 features. Range: [0.200, 2.833]
2025-09-27 23:58:46,335 - [data_pipeline.feature_engineering] - INFO - Creating enhanced comprehensive risk score feature...
2025-09-27 23:58:46,362 - [data_pipeline.feature_engineering] - INFO - Using 8 risk factors: ['HighBP', 'HighChol', 'HeartDiseaseorAttack', 'Stroke', 'DiagnosedHeartAttack', 'CoronaryHeartDisease', 'COPD', 'KidneyDisease']
2025-09-27 23:58:46,394 - [data_pipeline.feature_engineering] - INFO - Enhanced risk score created successfully. Range: [0.0, 8.0]
2025-09-27 23:58:46,398 - [data_pipeline.feature_engineering] - INFO - Creating enhanced lifestyle score feature...
2025-09-27 23:58:46,451 - [data_pipeline.feature_engineering] - INFO - Enhanced lifestyle score created using 1 positive and 2 negative factors
2025-09-27 23:58:46,453 - [data_pipeline.feature_engineering] - INFO - Range: [-1.333, 1.000]
2025-09-27 23:58:46,456 - [data_pipeline.feature_engineering] - INFO - Creating enhanced cardiovascular risk feature...
2025-09-27 23:58:46,489 - [data_pipeline.feature_engineering] - INFO - Enhanced cardiovascular risk created using: ['HighBP', 'HighChol', 'DiagnosedHeartAttack', 'CoronaryHeartDisease', 'BMI_Obesity']
2025-09-27 23:58:46,490 - [data_pipeline.feature_engineering] - INFO - Range: [0.0, 5.0]
2025-09-27 23:58:46,494 - [data_pipeline.feature_engineering] - INFO - Creating BMI category feature...
2025-09-27 23:58:46,584 - [data_pipeline.feature_engineering] - INFO - BMI category distribution:
2025-09-27 23:58:46,585 - [data_pipeline.feature_engineering] - INFO -   - Pre-obesity: 89670 (35.71%)
2025-09-27 23:58:46,586 - [data_pipeline.feature_engineering] - INFO -   - Normal weight: 61900 (24.65%)
2025-09-27 23:58:46,587 - [data_pipeline.feature_engineering] - INFO -   - Obesity class I: 56273 (22.41%)
2025-09-27 23:58:46,587 - [data_pipeline.feature_engineering] - INFO -   - Obesity class II: 23829 (9.49%)
2025-09-27 23:58:46,588 - [data_pipeline.feature_engineering] - INFO -   - Obesity class III: 16125 (6.42%)
2025-09-27 23:58:46,589 - [data_pipeline.feature_engineering] - INFO -   - Underweight: 3333 (1.33%)
2025-09-27 23:58:46,593 - [data_pipeline.feature_engineering] - INFO - Creating enhanced age group feature...
2025-09-27 23:58:46,689 - [data_pipeline.feature_engineering] - INFO - Age-Sex distribution analysis:
2025-09-27 23:58:46,721 - [data_pipeline.feature_engineering] - INFO -   - Middle-Sex0.0: 45392
2025-09-27 23:58:46,722 - [data_pipeline.feature_engineering] - INFO -   - Middle-Sex1.0: 50088
2025-09-27 23:58:46,723 - [data_pipeline.feature_engineering] - INFO -   - Senior-Sex0.0: 59896
2025-09-27 23:58:46,724 - [data_pipeline.feature_engineering] - INFO -   - Senior-Sex1.0: 65212
2025-09-27 23:58:46,725 - [data_pipeline.feature_engineering] - INFO -   - Young-Sex0.0: 15809
2025-09-27 23:58:46,726 - [data_pipeline.feature_engineering] - INFO -   - Young-Sex1.0: 14733
2025-09-27 23:58:46,741 - [data_pipeline.feature_engineering] - INFO - Age group distribution:
2025-09-27 23:58:46,743 - [data_pipeline.feature_engineering] - INFO -   - Senior: 125108 (49.82%)
2025-09-27 23:58:46,744 - [data_pipeline.feature_engineering] - INFO -   - Middle: 95480 (38.02%)
2025-09-27 23:58:46,745 - [data_pipeline.feature_engineering] - INFO -   - Young: 30542 (12.16%)
2025-09-27 23:58:46,751 - [data_pipeline.feature_engineering] - INFO - Creating healthcare access score feature...
2025-09-27 23:58:46,849 - [data_pipeline.feature_engineering] - INFO - Healthcare access score created using: ['AnyHealthcare', 'HasPersonalDoctor', 'NoDocbcCost', 'CannotAffordDoctor', 'LastCheckup']
2025-09-27 23:58:46,851 - [data_pipeline.feature_engineering] - INFO - Range: [-2.000, 3.000]
2025-09-27 23:58:46,855 - [data_pipeline.feature_engineering] - INFO - Creating socioeconomic score feature...
2025-09-27 23:58:46,904 - [data_pipeline.feature_engineering] - INFO - Socioeconomic score created using: ['Education', 'Income', 'EmploymentStatus', 'MaritalStatus']
2025-09-27 23:58:46,906 - [data_pipeline.feature_engineering] - INFO - Range: [0.716, 4.000]
2025-09-27 23:58:46,912 - [data_pipeline.feature_engineering] - INFO - Creating cholesterol management score feature...
2025-09-27 23:58:46,954 - [data_pipeline.feature_engineering] - INFO - Cholesterol management score created using: ['CholCheck', 'HighChol', 'CholesterolMeds']
2025-09-27 23:58:46,956 - [data_pipeline.feature_engineering] - INFO - Range: [-1.000, 2.000]
2025-09-27 23:58:46,961 - [data_pipeline.feature_engineering] - INFO - Creating comprehensive mental health score feature...
2025-09-27 23:58:47,004 - [data_pipeline.feature_engineering] - INFO - Comprehensive mental health score created using: ['Depression', 'CognitiveIssues', 'MentHlth']
2025-09-27 23:58:47,006 - [data_pipeline.feature_engineering] - INFO - Range: [-2.417, 0.000]
2025-09-27 23:58:47,121 - [data_pipeline.feature_engineering] - INFO - Final dataset shape: (251130, 34)
2025-09-27 23:58:47,122 - [data_pipeline.feature_engineering] - INFO - ================================================================================
2025-09-27 23:58:47,122 - [data_pipeline.feature_engineering] - INFO - ENHANCED INFERENCE FEATURE ENGINEERING PIPELINE COMPLETED
2025-09-27 23:58:47,123 - [data_pipeline.feature_engineering] - INFO - ================================================================================
2025-09-27 23:58:47,417 - [models.best_acc_xgboost] - INFO - DiabetesXGBoostClassifier initialized with parameters:
2025-09-27 23:58:47,418 - [models.best_acc_xgboost] - INFO -  n_estimators: 100
2025-09-27 23:58:47,419 - [models.best_acc_xgboost] - INFO -  max_depth: 6
2025-09-27 23:58:47,420 - [models.best_acc_xgboost] - INFO -  learning_rate: 0.1
2025-09-27 23:58:47,421 - [models.best_acc_xgboost] - INFO -  subsample: 1.0
2025-09-27 23:58:47,422 - [models.best_acc_xgboost] - INFO -  colsample_bytree: 1.0
2025-09-27 23:58:47,423 - [models.best_acc_xgboost] - INFO -  random_state: 42
2025-09-27 23:58:47,427 - [models.best_f1_xgboost] - INFO - DiabetesXGBoostClassifier initialized with parameters:
2025-09-27 23:58:47,429 - [models.best_f1_xgboost] - INFO -  n_estimators: 100
2025-09-27 23:58:47,431 - [models.best_f1_xgboost] - INFO -  max_depth: 6
2025-09-27 23:58:47,431 - [models.best_f1_xgboost] - INFO -  learning_rate: 0.1
2025-09-27 23:58:47,432 - [models.best_f1_xgboost] - INFO -  subsample: 1.0
2025-09-27 23:58:47,433 - [models.best_f1_xgboost] - INFO -  colsample_bytree: 1.0
2025-09-27 23:58:47,434 - [models.best_f1_xgboost] - INFO -  random_state: 42
2025-09-27 23:58:47,436 - [models.best_recall_random_forest] - INFO - DiabetesRandomForest initialized with parameters:
2025-09-27 23:58:47,437 - [models.best_recall_random_forest] - INFO -   n_estimators: 100
2025-09-27 23:58:47,438 - [models.best_recall_random_forest] - INFO -   max_depth: None
2025-09-27 23:58:47,439 - [models.best_recall_random_forest] - INFO -   min_samples_split: 2
2025-09-27 23:58:47,439 - [models.best_recall_random_forest] - INFO -   min_samples_leaf: 1
2025-09-27 23:58:47,440 - [models.best_recall_random_forest] - INFO -   max_features: sqrt
2025-09-27 23:58:47,441 - [models.best_recall_random_forest] - INFO -   class_weight: balanced
2025-09-27 23:58:47,443 - [models.best_recall_random_forest] - INFO -   random_state: 42
2025-09-27 23:58:47,445 - [models.best_prec_xgboost] - INFO - DiabetesXGBoostClassifier initialized with parameters:
2025-09-27 23:58:47,446 - [models.best_prec_xgboost] - INFO -  n_estimators: 100
2025-09-27 23:58:47,447 - [models.best_prec_xgboost] - INFO -  max_depth: 6
2025-09-27 23:58:47,448 - [models.best_prec_xgboost] - INFO -  learning_rate: 0.1
2025-09-27 23:58:47,449 - [models.best_prec_xgboost] - INFO -  subsample: 1.0
2025-09-27 23:58:47,450 - [models.best_prec_xgboost] - INFO -  colsample_bytree: 1.0
2025-09-27 23:58:47,451 - [models.best_prec_xgboost] - INFO -  random_state: 42
2025-09-27 23:58:47,557 - [models.best_acc_xgboost] - INFO - Model loaded successfully from: .../artifacts/models/best_accuracy_model.pkl
2025-09-27 23:58:47,565 - [models.best_f1_xgboost] - INFO - Model loaded successfully from: .../artifacts/models/best_f1_model.pkl
2025-09-27 23:58:47,616 - [models.best_recall_random_forest] - INFO - Model loaded successfully from: .../artifacts/models/best_recall_model.pkl
2025-09-27 23:58:47,622 - [models.best_prec_xgboost] - INFO - Model loaded successfully from: .../artifacts/models/best_precision_model.pkl
2025-09-27 23:58:48,239 - [models.best_acc_xgboost] - INFO - Predictions made for 251130 samples
2025-09-27 23:58:48,365 - [models.best_acc_xgboost] - INFO - Model Evaluation Results:
2025-09-27 23:58:48,366 - [models.best_acc_xgboost] - INFO - Accuracy: 0.6950
2025-09-27 23:58:48,367 - [models.best_acc_xgboost] - INFO - Precision: 0.4143
2025-09-27 23:58:48,368 - [models.best_acc_xgboost] - INFO - Recall: 0.4655
2025-09-27 23:58:48,369 - [models.best_acc_xgboost] - INFO - F1-Score: 0.4241
2025-09-27 23:58:48,485 - [models.best_acc_xgboost] - INFO - Classification Report:
              precision    recall  f1-score   support

         0.0       0.88      0.76      0.81    208308
         1.0       0.08      0.21      0.12      6251
         2.0       0.28      0.43      0.34     36571

    accuracy                           0.69    251130
   macro avg       0.41      0.47      0.42    251130
weighted avg       0.77      0.69      0.73    251130

2025-09-27 23:58:48,636 - [models.best_acc_xgboost] - INFO - Confusion Matrix:
[[157374  12196  38738]
 [  3605   1296   1350]
 [ 18404   2308  15859]]
2025-09-27 23:58:49,104 - [models.best_f1_xgboost] - INFO - Predictions made for 251130 samples
2025-09-27 23:58:49,217 - [models.best_f1_xgboost] - INFO - Model Evaluation Results:
2025-09-27 23:58:49,218 - [models.best_f1_xgboost] - INFO - Accuracy: 0.6893
2025-09-27 23:58:49,219 - [models.best_f1_xgboost] - INFO - Precision: 0.4382
2025-09-27 23:58:49,219 - [models.best_f1_xgboost] - INFO - Recall: 0.5025
2025-09-27 23:58:49,220 - [models.best_f1_xgboost] - INFO - F1-Score: 0.4400
2025-09-27 23:58:49,302 - [models.best_f1_xgboost] - INFO - Classification Report:
              precision    recall  f1-score   support

         0.0       0.90      0.74      0.81    208308
         1.0       0.06      0.28      0.10      6251
         2.0       0.36      0.49      0.41     36571

    accuracy                           0.69    251130
   macro avg       0.44      0.50      0.44    251130
weighted avg       0.80      0.69      0.73    251130

2025-09-27 23:58:49,420 - [models.best_f1_xgboost] - INFO - Confusion Matrix:
[[153557  24607  30144]
 [  3154   1776   1321]
 [ 14860   3933  17778]]
2025-09-27 23:58:54,495 - [models.best_recall_random_forest] - INFO - Predictions made for 251130 samples
2025-09-27 23:58:54,591 - [models.best_recall_random_forest] - INFO - Model Evaluation Results:
2025-09-27 23:58:54,592 - [models.best_recall_random_forest] - INFO - Accuracy: 0.6488
2025-09-27 23:58:54,592 - [models.best_recall_random_forest] - INFO - Precision: 0.4465
2025-09-27 23:58:54,593 - [models.best_recall_random_forest] - INFO - Recall: 0.5455
2025-09-27 23:58:54,593 - [models.best_recall_random_forest] - INFO - F1-Score: 0.4416
2025-09-27 23:58:54,679 - [models.best_recall_random_forest] - INFO - Classification Report:
              precision    recall  f1-score   support

         0.0       0.93      0.66      0.77    208308
         1.0       0.06      0.32      0.10      6251
         2.0       0.35      0.66      0.46     36571

    accuracy                           0.65    251130
   macro avg       0.45      0.55      0.44    251130
weighted avg       0.83      0.65      0.71    251130

2025-09-27 23:58:54,768 - [models.best_recall_random_forest] - INFO - Confusion Matrix:
[[136801  29217  42290]
 [  2166   1999   2086]
 [  7960   4476  24135]]
2025-09-27 23:58:55,157 - [models.best_prec_xgboost] - INFO - Predictions made for 251130 samples
2025-09-27 23:58:55,274 - [models.best_prec_xgboost] - INFO - Model Evaluation Results:
2025-09-27 23:58:55,276 - [models.best_prec_xgboost] - INFO - Accuracy: 0.6950
2025-09-27 23:58:55,276 - [models.best_prec_xgboost] - INFO - Precision: 0.4143
2025-09-27 23:58:55,277 - [models.best_prec_xgboost] - INFO - Recall: 0.4655
2025-09-27 23:58:55,278 - [models.best_prec_xgboost] - INFO - F1-Score: 0.4241
2025-09-27 23:58:55,394 - [models.best_prec_xgboost] - INFO - Classification Report:
              precision    recall  f1-score   support

         0.0       0.88      0.76      0.81    208308
         1.0       0.08      0.21      0.12      6251
         2.0       0.28      0.43      0.34     36571

    accuracy                           0.69    251130
   macro avg       0.41      0.47      0.42    251130
weighted avg       0.77      0.69      0.73    251130

2025-09-27 23:58:55,545 - [models.best_prec_xgboost] - INFO - Confusion Matrix:
[[157374  12196  38738]
 [  3605   1296   1350]
 [ 18404   2308  15859]]
