2025-07-20 09:51:25,928 - [src.features] - INFO - DiabetesFeatureEngineering initialized successfully
2025-07-20 09:51:25,930 - [src.features] - INFO - ============================================================
2025-07-20 09:51:25,932 - [src.features] - INFO - STARTING COMPLETE FEATURE ENGINEERING PIPELINE
2025-07-20 09:51:25,933 - [src.features] - INFO - ============================================================
2025-07-20 09:51:25,935 - [src.features] - INFO - Initial dataset shape: (787646, 21)
2025-07-20 09:51:25,937 - [src.features] - INFO - Starting null values removal process...
2025-07-20 09:51:25,954 - [src.features] - INFO - No null values found in the dataset
2025-07-20 09:51:26,145 - [src.features] - INFO - Null values removal completed. Removed 0 rows (0.00%)
2025-07-20 09:51:26,147 - [src.features] - INFO - Dataset shape: 787646 -> 787646 rows
2025-07-20 09:51:26,148 - [src.features] - INFO - After null removal: (787646, 21)
2025-07-20 09:51:26,149 - [src.features] - INFO - Starting duplicate removal process...
2025-07-20 09:51:26,391 - [src.features] - INFO - Found 85086 duplicate rows
2025-07-20 09:51:26,984 - [src.features] - INFO - Duplicate removal completed. Removed 85086 rows (10.80%)
2025-07-20 09:51:26,985 - [src.features] - INFO - Dataset shape: 787646 -> 702560 rows
2025-07-20 09:51:26,994 - [src.features] - INFO - After duplicate removal: (702560, 21)
2025-07-20 09:51:26,996 - [src.features] - INFO - Starting outlier handling process...
2025-07-20 09:51:26,998 - [src.features] - INFO - Columns to process: ['BMI', 'MentHlth', 'PhysHlth']
2025-07-20 09:51:27,107 - [src.features] - INFO - Processing outliers for column: BMI
2025-07-20 09:51:27,138 - [src.features] - INFO -   - Total outliers: 18686 (Lower: 0, Upper: 18686)
2025-07-20 09:51:27,144 - [src.features] - INFO - Processing outliers for column: MentHlth
2025-07-20 09:51:27,164 - [src.features] - INFO -   - Total outliers: 90556 (Lower: 0, Upper: 90556)
2025-07-20 09:51:27,173 - [src.features] - INFO - Processing outliers for column: PhysHlth
2025-07-20 09:51:27,192 - [src.features] - INFO -   - Total outliers: 105110 (Lower: 0, Upper: 105110)
2025-07-20 09:51:27,199 - [src.features] - INFO - Outlier handling completed. Total outliers handled: 214352
2025-07-20 09:51:27,206 - [src.features] - INFO - Creating health score feature...
2025-07-20 09:51:27,359 - [src.features] - INFO - Health score created successfully. Range: [0.200, 1.667]
2025-07-20 09:51:27,367 - [src.features] - INFO - Creating risk score feature...
2025-07-20 09:51:27,742 - [src.features] - INFO - Risk score created successfully using 4 features. Range: [0.0, 4.0]
2025-07-20 09:51:27,750 - [src.features] - INFO - Creating lifestyle score feature...
2025-07-20 09:51:28,160 - [src.features] - INFO - Lifestyle score created successfully using 1 positive and 2 negative factors
2025-07-20 09:51:28,164 - [src.features] - INFO - Range: [-2.0, 1.0]
2025-07-20 09:51:28,173 - [src.features] - INFO - Creating cardiovascular risk feature...
2025-07-20 09:51:28,520 - [src.features] - INFO - Cardiovascular risk created successfully using: ['HighBP', 'HighChol', 'BMI_Obesity']
2025-07-20 09:51:28,525 - [src.features] - INFO - Range: [0.0, 3.0]
2025-07-20 09:51:28,533 - [src.features] - INFO - Creating healthy lifestyle feature...
2025-07-20 09:51:28,929 - [src.features] - INFO - Healthy lifestyle feature created using 1 positive and 2 negative factors
2025-07-20 09:51:28,933 - [src.features] - INFO - Range: [-2.0, 1.0]
2025-07-20 09:51:28,941 - [src.features] - INFO - Creating BMI category feature...
2025-07-20 09:51:29,380 - [src.features] - INFO - BMI category distribution:
2025-07-20 09:51:29,382 - [src.features] - INFO -   - Pre-obesity: 243303 (34.63%)
2025-07-20 09:51:29,384 - [src.features] - INFO -   - Normal weight: 170557 (24.28%)
2025-07-20 09:51:29,385 - [src.features] - INFO -   - Obesity class I: 160813 (22.89%)
2025-07-20 09:51:29,387 - [src.features] - INFO -   - Obesity class II: 70212 (9.99%)
2025-07-20 09:51:29,388 - [src.features] - INFO -   - Obesity class III: 47598 (6.77%)
2025-07-20 09:51:29,390 - [src.features] - INFO -   - Underweight: 10077 (1.43%)
2025-07-20 09:51:29,401 - [src.features] - INFO - Creating age group feature...
2025-07-20 09:51:29,687 - [src.features] - INFO - Age group distribution:
2025-07-20 09:51:29,688 - [src.features] - INFO -   - Senior: 345554 (49.18%)
2025-07-20 09:51:29,689 - [src.features] - INFO -   - Middle: 269660 (38.38%)
2025-07-20 09:51:29,691 - [src.features] - INFO -   - Young: 87346 (12.43%)
2025-07-20 09:51:29,700 - [src.features] - INFO - After feature creation: (702560, 28)
2025-07-20 09:51:29,701 - [src.features] - INFO - Starting categorical feature encoding...
2025-07-20 09:51:29,870 - [src.features] - INFO - Found 2 categorical columns to encode: ['BMICategory', 'AgeGroup']
2025-07-20 09:51:29,871 - [src.features] - INFO - Encoding column: BMICategory
2025-07-20 09:51:29,938 - [src.features] - INFO -   - Encoding mapping: {'Normal weight': 0, 'Obesity class I': 1, 'Obesity class II': 2, 'Obesity class III': 3, 'Pre-obesity': 4, 'Underweight': 5}
2025-07-20 09:51:29,939 - [src.features] - INFO - Encoding column: AgeGroup
2025-07-20 09:51:30,007 - [src.features] - INFO -   - Encoding mapping: {'Middle': 0, 'Senior': 1, 'Young': 2}
2025-07-20 09:51:30,008 - [src.features] - INFO - Categorical feature encoding completed
2025-07-20 09:51:30,016 - [src.features] - INFO - After categorical encoding: (702560, 28)
2025-07-20 09:51:30,018 - [src.features] - INFO - Starting feature selection process...
2025-07-20 09:51:30,019 - [src.features] - INFO - Target column: Diabetes
2025-07-20 09:51:30,021 - [src.features] - INFO - Correlation threshold: 0.1
2025-07-20 09:51:31,327 - [src.features] - INFO - Selected 14 features (+ target column)
2025-07-20 09:51:31,328 - [src.features] - INFO - Selected features and their correlations:
2025-07-20 09:51:31,330 - [src.features] - INFO -   - HighBP: 0.2641
2025-07-20 09:51:31,331 - [src.features] - INFO -   - HighChol: 0.2110
2025-07-20 09:51:31,332 - [src.features] - INFO -   - BMI: 0.2134
2025-07-20 09:51:31,333 - [src.features] - INFO -   - Stroke: 0.1005
2025-07-20 09:51:31,334 - [src.features] - INFO -   - HeartDiseaseorAttack: 0.1709
2025-07-20 09:51:31,335 - [src.features] - INFO -   - PhysActivity: -0.1140
2025-07-20 09:51:31,336 - [src.features] - INFO -   - GenHlth: 0.2728
2025-07-20 09:51:31,337 - [src.features] - INFO -   - PhysHlth: 0.1528
2025-07-20 09:51:31,338 - [src.features] - INFO -   - DiffWalk: 0.2064
2025-07-20 09:51:31,339 - [src.features] - INFO -   - Age: 0.2029
2025-07-20 09:51:31,340 - [src.features] - INFO -   - Income: -0.1331
2025-07-20 09:51:31,341 - [src.features] - INFO -   - HlthScore: 0.2235
2025-07-20 09:51:31,342 - [src.features] - INFO -   - RiskScore: 0.3159
2025-07-20 09:51:31,342 - [src.features] - INFO -   - CardioRisk: 0.3253
2025-07-20 09:51:31,396 - [src.features] - INFO - Final dataset shape: (702560, 15)
2025-07-20 09:51:31,397 - [src.features] - INFO - ============================================================
2025-07-20 09:51:31,399 - [src.features] - INFO - FEATURE ENGINEERING PIPELINE COMPLETED
2025-07-20 09:51:31,400 - [src.features] - INFO - ============================================================
2025-07-20 09:51:31,401 - [src.features] - INFO - Dataset transformation: (787646, 21) -> (702560, 15)
2025-07-20 09:51:31,402 - [src.features] - INFO - Rows change: 787646 -> 702560 (-10.80%)
2025-07-20 09:51:31,405 - [src.features] - INFO - Features change: 21 -> 15 (-28.57%)
2025-07-20 09:57:24,162 - [src.features] - INFO - DiabetesFeatureEngineering initialized successfully
2025-07-20 09:57:24,162 - [src.features] - INFO - ============================================================
2025-07-20 09:57:24,163 - [src.features] - INFO - STARTING COMPLETE FEATURE ENGINEERING PIPELINE
2025-07-20 09:57:24,163 - [src.features] - INFO - ============================================================
2025-07-20 09:57:24,164 - [src.features] - INFO - Initial dataset shape: (787646, 21)
2025-07-20 09:57:24,164 - [src.features] - INFO - Starting null values removal process...
2025-07-20 09:57:24,181 - [src.features] - INFO - No null values found in the dataset
2025-07-20 09:57:24,321 - [src.features] - INFO - Null values removal completed. Removed 0 rows (0.00%)
2025-07-20 09:57:24,322 - [src.features] - INFO - Dataset shape: 787646 -> 787646 rows
2025-07-20 09:57:24,323 - [src.features] - INFO - After null removal: (787646, 21)
2025-07-20 09:57:24,323 - [src.features] - INFO - Starting duplicate removal process...
2025-07-20 09:57:24,563 - [src.features] - INFO - Found 85086 duplicate rows
2025-07-20 09:57:25,075 - [src.features] - INFO - Duplicate removal completed. Removed 85086 rows (10.80%)
2025-07-20 09:57:25,076 - [src.features] - INFO - Dataset shape: 787646 -> 702560 rows
2025-07-20 09:57:25,088 - [src.features] - INFO - After duplicate removal: (702560, 21)
2025-07-20 09:57:25,089 - [src.features] - INFO - Starting outlier handling process...
2025-07-20 09:57:25,090 - [src.features] - INFO - Columns to process: ['BMI', 'MentHlth', 'PhysHlth']
2025-07-20 09:57:25,133 - [src.features] - INFO - Processing outliers for column: BMI
2025-07-20 09:57:25,162 - [src.features] - INFO -   - Total outliers: 18686 (Lower: 0, Upper: 18686)
2025-07-20 09:57:25,169 - [src.features] - INFO - Processing outliers for column: MentHlth
2025-07-20 09:57:25,190 - [src.features] - INFO -   - Total outliers: 90556 (Lower: 0, Upper: 90556)
2025-07-20 09:57:25,198 - [src.features] - INFO - Processing outliers for column: PhysHlth
2025-07-20 09:57:25,222 - [src.features] - INFO -   - Total outliers: 105110 (Lower: 0, Upper: 105110)
2025-07-20 09:57:25,231 - [src.features] - INFO - Outlier handling completed. Total outliers handled: 214352
2025-07-20 09:57:25,238 - [src.features] - INFO - Creating health score feature...
2025-07-20 09:57:25,369 - [src.features] - INFO - Health score created successfully. Range: [0.200, 1.667]
2025-07-20 09:57:25,370 - [src.features] - INFO - Creating risk score feature...
2025-07-20 09:57:25,672 - [src.features] - INFO - Risk score created successfully using 4 features. Range: [0.0, 4.0]
2025-07-20 09:57:25,678 - [src.features] - INFO - Creating lifestyle score feature...
2025-07-20 09:57:26,025 - [src.features] - INFO - Lifestyle score created successfully using 1 positive and 2 negative factors
2025-07-20 09:57:26,029 - [src.features] - INFO - Range: [-2.0, 1.0]
2025-07-20 09:57:26,037 - [src.features] - INFO - Creating cardiovascular risk feature...
2025-07-20 09:57:26,335 - [src.features] - INFO - Cardiovascular risk created successfully using: ['HighBP', 'HighChol', 'BMI_Obesity']
2025-07-20 09:57:26,338 - [src.features] - INFO - Range: [0.0, 3.0]
2025-07-20 09:57:26,346 - [src.features] - INFO - Creating healthy lifestyle feature...
2025-07-20 09:57:26,758 - [src.features] - INFO - Healthy lifestyle feature created using 1 positive and 2 negative factors
2025-07-20 09:57:26,761 - [src.features] - INFO - Range: [-2.0, 1.0]
2025-07-20 09:57:26,769 - [src.features] - INFO - Creating BMI category feature...
2025-07-20 09:57:27,191 - [src.features] - INFO - BMI category distribution:
2025-07-20 09:57:27,192 - [src.features] - INFO -   - Pre-obesity: 243303 (34.63%)
2025-07-20 09:57:27,192 - [src.features] - INFO -   - Normal weight: 170557 (24.28%)
2025-07-20 09:57:27,193 - [src.features] - INFO -   - Obesity class I: 160813 (22.89%)
2025-07-20 09:57:27,194 - [src.features] - INFO -   - Obesity class II: 70212 (9.99%)
2025-07-20 09:57:27,194 - [src.features] - INFO -   - Obesity class III: 47598 (6.77%)
2025-07-20 09:57:27,195 - [src.features] - INFO -   - Underweight: 10077 (1.43%)
2025-07-20 09:57:27,204 - [src.features] - INFO - Creating age group feature...
2025-07-20 09:57:27,395 - [src.features] - INFO - Age group distribution:
2025-07-20 09:57:27,396 - [src.features] - INFO -   - Senior: 345554 (49.18%)
2025-07-20 09:57:27,397 - [src.features] - INFO -   - Middle: 269660 (38.38%)
2025-07-20 09:57:27,397 - [src.features] - INFO -   - Young: 87346 (12.43%)
2025-07-20 09:57:27,406 - [src.features] - INFO - After feature creation: (702560, 28)
2025-07-20 09:57:27,407 - [src.features] - INFO - Starting categorical feature encoding...
2025-07-20 09:57:27,543 - [src.features] - INFO - Found 2 categorical columns to encode: ['BMICategory', 'AgeGroup']
2025-07-20 09:57:27,544 - [src.features] - INFO - Encoding column: BMICategory
2025-07-20 09:57:27,631 - [src.features] - INFO -   - Encoding mapping: {'Normal weight': 0, 'Obesity class I': 1, 'Obesity class II': 2, 'Obesity class III': 3, 'Pre-obesity': 4, 'Underweight': 5}
2025-07-20 09:57:27,631 - [src.features] - INFO - Encoding column: AgeGroup
2025-07-20 09:57:27,703 - [src.features] - INFO -   - Encoding mapping: {'Middle': 0, 'Senior': 1, 'Young': 2}
2025-07-20 09:57:27,704 - [src.features] - INFO - Categorical feature encoding completed
2025-07-20 09:57:27,707 - [src.features] - INFO - After categorical encoding: (702560, 28)
2025-07-20 09:57:27,708 - [src.features] - INFO - Starting feature selection process...
2025-07-20 09:57:27,709 - [src.features] - INFO - Target column: Diabetes
2025-07-20 09:57:27,709 - [src.features] - INFO - Correlation threshold: 0.1
2025-07-20 09:57:29,033 - [src.features] - INFO - Selected 14 features (+ target column)
2025-07-20 09:57:29,034 - [src.features] - INFO - Selected features and their correlations:
2025-07-20 09:57:29,034 - [src.features] - INFO -   - HighBP: 0.2641
2025-07-20 09:57:29,035 - [src.features] - INFO -   - HighChol: 0.2110
2025-07-20 09:57:29,035 - [src.features] - INFO -   - BMI: 0.2134
2025-07-20 09:57:29,036 - [src.features] - INFO -   - Stroke: 0.1005
2025-07-20 09:57:29,036 - [src.features] - INFO -   - HeartDiseaseorAttack: 0.1709
2025-07-20 09:57:29,036 - [src.features] - INFO -   - PhysActivity: -0.1140
2025-07-20 09:57:29,037 - [src.features] - INFO -   - GenHlth: 0.2728
2025-07-20 09:57:29,037 - [src.features] - INFO -   - PhysHlth: 0.1528
2025-07-20 09:57:29,038 - [src.features] - INFO -   - DiffWalk: 0.2064
2025-07-20 09:57:29,038 - [src.features] - INFO -   - Age: 0.2029
2025-07-20 09:57:29,038 - [src.features] - INFO -   - Income: -0.1331
2025-07-20 09:57:29,039 - [src.features] - INFO -   - HlthScore: 0.2235
2025-07-20 09:57:29,039 - [src.features] - INFO -   - RiskScore: 0.3159
2025-07-20 09:57:29,040 - [src.features] - INFO -   - CardioRisk: 0.3253
2025-07-20 09:57:29,061 - [src.features] - INFO - Final dataset shape: (702560, 15)
2025-07-20 09:57:29,062 - [src.features] - INFO - ============================================================
2025-07-20 09:57:29,062 - [src.features] - INFO - FEATURE ENGINEERING PIPELINE COMPLETED
2025-07-20 09:57:29,063 - [src.features] - INFO - ============================================================
2025-07-20 09:57:29,063 - [src.features] - INFO - Dataset transformation: (787646, 21) -> (702560, 15)
2025-07-20 09:57:29,064 - [src.features] - INFO - Rows change: 787646 -> 702560 (-10.80%)
2025-07-20 09:57:29,064 - [src.features] - INFO - Features change: 21 -> 15 (-28.57%)
2025-07-20 10:07:16,262 - [src.features] - INFO - DiabetesFeatureEngineering initialized successfully
2025-07-20 10:07:16,262 - [src.features] - INFO - ============================================================
2025-07-20 10:07:16,263 - [src.features] - INFO - STARTING COMPLETE FEATURE ENGINEERING PIPELINE
2025-07-20 10:07:16,263 - [src.features] - INFO - ============================================================
2025-07-20 10:07:16,264 - [src.features] - INFO - Initial dataset shape: (787646, 21)
2025-07-20 10:07:16,264 - [src.features] - INFO - Starting null values removal process...
2025-07-20 10:07:16,285 - [src.features] - INFO - No null values found in the dataset
2025-07-20 10:07:16,480 - [src.features] - INFO - Null values removal completed. Removed 0 rows (0.00%)
2025-07-20 10:07:16,481 - [src.features] - INFO - Dataset shape: 787646 -> 787646 rows
2025-07-20 10:07:16,481 - [src.features] - INFO - After null removal: (787646, 21)
2025-07-20 10:07:16,481 - [src.features] - INFO - Starting duplicate removal process...
2025-07-20 10:07:16,712 - [src.features] - INFO - Found 85086 duplicate rows
2025-07-20 10:07:17,170 - [src.features] - INFO - Duplicate removal completed. Removed 85086 rows (10.80%)
2025-07-20 10:07:17,170 - [src.features] - INFO - Dataset shape: 787646 -> 702560 rows
2025-07-20 10:07:17,178 - [src.features] - INFO - After duplicate removal: (702560, 21)
2025-07-20 10:07:17,178 - [src.features] - INFO - Starting outlier handling process...
2025-07-20 10:07:17,179 - [src.features] - INFO - Columns to process: ['BMI', 'MentHlth', 'PhysHlth']
2025-07-20 10:07:17,244 - [src.features] - INFO - Processing outliers for column: BMI
2025-07-20 10:07:17,267 - [src.features] - INFO -   - Total outliers: 18686 (Lower: 0, Upper: 18686)
2025-07-20 10:07:17,273 - [src.features] - INFO - Processing outliers for column: MentHlth
2025-07-20 10:07:17,292 - [src.features] - INFO -   - Total outliers: 90556 (Lower: 0, Upper: 90556)
2025-07-20 10:07:17,299 - [src.features] - INFO - Processing outliers for column: PhysHlth
2025-07-20 10:07:17,319 - [src.features] - INFO -   - Total outliers: 105110 (Lower: 0, Upper: 105110)
2025-07-20 10:07:17,326 - [src.features] - INFO - Outlier handling completed. Total outliers handled: 214352
2025-07-20 10:07:17,332 - [src.features] - INFO - Creating health score feature...
2025-07-20 10:07:17,463 - [src.features] - INFO - Health score created successfully. Range: [0.200, 1.667]
2025-07-20 10:07:17,466 - [src.features] - INFO - Creating risk score feature...
2025-07-20 10:07:17,792 - [src.features] - INFO - Risk score created successfully using 4 features. Range: [0.0, 4.0]
2025-07-20 10:07:17,799 - [src.features] - INFO - Creating lifestyle score feature...
2025-07-20 10:07:18,150 - [src.features] - INFO - Lifestyle score created successfully using 1 positive and 2 negative factors
2025-07-20 10:07:18,154 - [src.features] - INFO - Range: [-2.0, 1.0]
2025-07-20 10:07:18,161 - [src.features] - INFO - Creating cardiovascular risk feature...
2025-07-20 10:07:18,526 - [src.features] - INFO - Cardiovascular risk created successfully using: ['HighBP', 'HighChol', 'BMI_Obesity']
2025-07-20 10:07:18,529 - [src.features] - INFO - Range: [0.0, 3.0]
2025-07-20 10:07:18,536 - [src.features] - INFO - Creating healthy lifestyle feature...
2025-07-20 10:07:19,017 - [src.features] - INFO - Healthy lifestyle feature created using 1 positive and 2 negative factors
2025-07-20 10:07:19,021 - [src.features] - INFO - Range: [-2.0, 1.0]
2025-07-20 10:07:19,027 - [src.features] - INFO - Creating BMI category feature...
2025-07-20 10:07:19,574 - [src.features] - INFO - BMI category distribution:
2025-07-20 10:07:19,575 - [src.features] - INFO -   - Pre-obesity: 243303 (34.63%)
2025-07-20 10:07:19,575 - [src.features] - INFO -   - Normal weight: 170557 (24.28%)
2025-07-20 10:07:19,576 - [src.features] - INFO -   - Obesity class I: 160813 (22.89%)
2025-07-20 10:07:19,576 - [src.features] - INFO -   - Obesity class II: 70212 (9.99%)
2025-07-20 10:07:19,576 - [src.features] - INFO -   - Obesity class III: 47598 (6.77%)
2025-07-20 10:07:19,577 - [src.features] - INFO -   - Underweight: 10077 (1.43%)
2025-07-20 10:07:19,584 - [src.features] - INFO - Creating age group feature...
2025-07-20 10:07:19,845 - [src.features] - INFO - Age group distribution:
2025-07-20 10:07:19,846 - [src.features] - INFO -   - Senior: 345554 (49.18%)
2025-07-20 10:07:19,846 - [src.features] - INFO -   - Middle: 269660 (38.38%)
2025-07-20 10:07:19,847 - [src.features] - INFO -   - Young: 87346 (12.43%)
2025-07-20 10:07:19,855 - [src.features] - INFO - After feature creation: (702560, 28)
2025-07-20 10:07:19,856 - [src.features] - INFO - Starting categorical feature encoding...
2025-07-20 10:07:20,028 - [src.features] - INFO - Found 2 categorical columns to encode: ['BMICategory', 'AgeGroup']
2025-07-20 10:07:20,029 - [src.features] - INFO - Encoding column: BMICategory
2025-07-20 10:07:20,092 - [src.features] - INFO -   - Encoding mapping: {'Normal weight': 0, 'Obesity class I': 1, 'Obesity class II': 2, 'Obesity class III': 3, 'Pre-obesity': 4, 'Underweight': 5}
2025-07-20 10:07:20,093 - [src.features] - INFO - Encoding column: AgeGroup
2025-07-20 10:07:20,161 - [src.features] - INFO -   - Encoding mapping: {'Middle': 0, 'Senior': 1, 'Young': 2}
2025-07-20 10:07:20,162 - [src.features] - INFO - Categorical feature encoding completed
2025-07-20 10:07:20,168 - [src.features] - INFO - After categorical encoding: (702560, 28)
2025-07-20 10:07:20,169 - [src.features] - INFO - Starting feature selection process...
2025-07-20 10:07:20,169 - [src.features] - INFO - Target column: Diabetes
2025-07-20 10:07:20,170 - [src.features] - INFO - Correlation threshold: 0.1
2025-07-20 10:07:21,471 - [src.features] - INFO - Selected 14 features (+ target column)
2025-07-20 10:07:21,471 - [src.features] - INFO - Selected features and their correlations:
2025-07-20 10:07:21,472 - [src.features] - INFO -   - HighBP: 0.2641
2025-07-20 10:07:21,472 - [src.features] - INFO -   - HighChol: 0.2110
2025-07-20 10:07:21,472 - [src.features] - INFO -   - BMI: 0.2134
2025-07-20 10:07:21,473 - [src.features] - INFO -   - Stroke: 0.1005
2025-07-20 10:07:21,474 - [src.features] - INFO -   - HeartDiseaseorAttack: 0.1709
2025-07-20 10:07:21,474 - [src.features] - INFO -   - PhysActivity: -0.1140
2025-07-20 10:07:21,475 - [src.features] - INFO -   - GenHlth: 0.2728
2025-07-20 10:07:21,476 - [src.features] - INFO -   - PhysHlth: 0.1528
2025-07-20 10:07:21,476 - [src.features] - INFO -   - DiffWalk: 0.2064
2025-07-20 10:07:21,476 - [src.features] - INFO -   - Age: 0.2029
2025-07-20 10:07:21,477 - [src.features] - INFO -   - Income: -0.1331
2025-07-20 10:07:21,478 - [src.features] - INFO -   - HlthScore: 0.2235
2025-07-20 10:07:21,478 - [src.features] - INFO -   - RiskScore: 0.3159
2025-07-20 10:07:21,479 - [src.features] - INFO -   - CardioRisk: 0.3253
2025-07-20 10:07:21,495 - [src.features] - INFO - Final dataset shape: (702560, 15)
2025-07-20 10:07:21,496 - [src.features] - INFO - ============================================================
2025-07-20 10:07:21,496 - [src.features] - INFO - FEATURE ENGINEERING PIPELINE COMPLETED
2025-07-20 10:07:21,496 - [src.features] - INFO - ============================================================
2025-07-20 10:07:21,497 - [src.features] - INFO - Dataset transformation: (787646, 21) -> (702560, 15)
2025-07-20 10:07:21,497 - [src.features] - INFO - Rows change: 787646 -> 702560 (-10.80%)
2025-07-20 10:07:21,498 - [src.features] - INFO - Features change: 21 -> 15 (-28.57%)
2025-07-20 10:13:47,344 - [src.features] - INFO - DiabetesFeatureEngineering initialized successfully
2025-07-20 10:13:47,345 - [src.features] - INFO - ============================================================
2025-07-20 10:13:47,345 - [src.features] - INFO - STARTING COMPLETE FEATURE ENGINEERING PIPELINE
2025-07-20 10:13:47,346 - [src.features] - INFO - ============================================================
2025-07-20 10:13:47,347 - [src.features] - INFO - Initial dataset shape: (787646, 21)
2025-07-20 10:13:47,348 - [src.features] - INFO - Starting null values removal process...
2025-07-20 10:13:47,367 - [src.features] - INFO - No null values found in the dataset
2025-07-20 10:13:47,559 - [src.features] - INFO - Null values removal completed. Removed 0 rows (0.00%)
2025-07-20 10:13:47,560 - [src.features] - INFO - Dataset shape: 787646 -> 787646 rows
2025-07-20 10:13:47,561 - [src.features] - INFO - After null removal: (787646, 21)
2025-07-20 10:13:47,561 - [src.features] - INFO - Starting duplicate removal process...
2025-07-20 10:13:47,817 - [src.features] - INFO - Found 85086 duplicate rows
2025-07-20 10:13:48,249 - [src.features] - INFO - Duplicate removal completed. Removed 85086 rows (10.80%)
2025-07-20 10:13:48,250 - [src.features] - INFO - Dataset shape: 787646 -> 702560 rows
2025-07-20 10:13:48,258 - [src.features] - INFO - After duplicate removal: (702560, 21)
2025-07-20 10:13:48,259 - [src.features] - INFO - Starting outlier handling process...
2025-07-20 10:13:48,260 - [src.features] - INFO - Columns to process: ['BMI', 'MentHlth', 'PhysHlth']
2025-07-20 10:13:48,335 - [src.features] - INFO - Processing outliers for column: BMI
2025-07-20 10:13:48,362 - [src.features] - INFO -   - Total outliers: 18686 (Lower: 0, Upper: 18686)
2025-07-20 10:13:48,368 - [src.features] - INFO - Processing outliers for column: MentHlth
2025-07-20 10:13:48,388 - [src.features] - INFO -   - Total outliers: 90556 (Lower: 0, Upper: 90556)
2025-07-20 10:13:48,395 - [src.features] - INFO - Processing outliers for column: PhysHlth
2025-07-20 10:13:48,416 - [src.features] - INFO -   - Total outliers: 105110 (Lower: 0, Upper: 105110)
2025-07-20 10:13:48,423 - [src.features] - INFO - Outlier handling completed. Total outliers handled: 214352
2025-07-20 10:13:48,431 - [src.features] - INFO - Creating health score feature...
2025-07-20 10:13:48,552 - [src.features] - INFO - Health score created successfully. Range: [0.200, 1.667]
2025-07-20 10:13:48,556 - [src.features] - INFO - Creating risk score feature...
2025-07-20 10:13:48,961 - [src.features] - INFO - Risk score created successfully using 4 features. Range: [0.0, 4.0]
2025-07-20 10:13:48,970 - [src.features] - INFO - Creating lifestyle score feature...
2025-07-20 10:13:49,569 - [src.features] - INFO - Lifestyle score created successfully using 1 positive and 2 negative factors
2025-07-20 10:13:49,572 - [src.features] - INFO - Range: [-2.0, 1.0]
2025-07-20 10:13:49,580 - [src.features] - INFO - Creating cardiovascular risk feature...
2025-07-20 10:13:49,926 - [src.features] - INFO - Cardiovascular risk created successfully using: ['HighBP', 'HighChol', 'BMI_Obesity']
2025-07-20 10:13:49,931 - [src.features] - INFO - Range: [0.0, 3.0]
2025-07-20 10:13:49,938 - [src.features] - INFO - Creating healthy lifestyle feature...
2025-07-20 10:13:50,436 - [src.features] - INFO - Healthy lifestyle feature created using 1 positive and 2 negative factors
2025-07-20 10:13:50,440 - [src.features] - INFO - Range: [-2.0, 1.0]
2025-07-20 10:13:50,449 - [src.features] - INFO - Creating BMI category feature...
2025-07-20 10:13:50,927 - [src.features] - INFO - BMI category distribution:
2025-07-20 10:13:50,928 - [src.features] - INFO -   - Pre-obesity: 243303 (34.63%)
2025-07-20 10:13:50,928 - [src.features] - INFO -   - Normal weight: 170557 (24.28%)
2025-07-20 10:13:50,929 - [src.features] - INFO -   - Obesity class I: 160813 (22.89%)
2025-07-20 10:13:50,929 - [src.features] - INFO -   - Obesity class II: 70212 (9.99%)
2025-07-20 10:13:50,930 - [src.features] - INFO -   - Obesity class III: 47598 (6.77%)
2025-07-20 10:13:50,930 - [src.features] - INFO -   - Underweight: 10077 (1.43%)
2025-07-20 10:13:50,941 - [src.features] - INFO - Creating age group feature...
2025-07-20 10:13:51,210 - [src.features] - INFO - Age group distribution:
2025-07-20 10:13:51,211 - [src.features] - INFO -   - Senior: 345554 (49.18%)
2025-07-20 10:13:51,211 - [src.features] - INFO -   - Middle: 269660 (38.38%)
2025-07-20 10:13:51,212 - [src.features] - INFO -   - Young: 87346 (12.43%)
2025-07-20 10:13:51,221 - [src.features] - INFO - After feature creation: (702560, 28)
2025-07-20 10:13:51,221 - [src.features] - INFO - Starting categorical feature encoding...
2025-07-20 10:13:51,343 - [src.features] - INFO - Found 2 categorical columns to encode: ['BMICategory', 'AgeGroup']
2025-07-20 10:13:51,344 - [src.features] - INFO - Encoding column: BMICategory
2025-07-20 10:13:51,421 - [src.features] - INFO -   - Encoding mapping: {'Normal weight': 0, 'Obesity class I': 1, 'Obesity class II': 2, 'Obesity class III': 3, 'Pre-obesity': 4, 'Underweight': 5}
2025-07-20 10:13:51,422 - [src.features] - INFO - Encoding column: AgeGroup
2025-07-20 10:13:51,495 - [src.features] - INFO -   - Encoding mapping: {'Middle': 0, 'Senior': 1, 'Young': 2}
2025-07-20 10:13:51,495 - [src.features] - INFO - Categorical feature encoding completed
2025-07-20 10:13:51,501 - [src.features] - INFO - After categorical encoding: (702560, 28)
2025-07-20 10:13:51,502 - [src.features] - INFO - Starting feature selection process...
2025-07-20 10:13:51,503 - [src.features] - INFO - Target column: Diabetes
2025-07-20 10:13:51,503 - [src.features] - INFO - Correlation threshold: 0.1
2025-07-20 10:13:52,926 - [src.features] - INFO - Selected 14 features (+ target column)
2025-07-20 10:13:52,926 - [src.features] - INFO - Selected features and their correlations:
2025-07-20 10:13:52,927 - [src.features] - INFO -   - HighBP: 0.2641
2025-07-20 10:13:52,927 - [src.features] - INFO -   - HighChol: 0.2110
2025-07-20 10:13:52,927 - [src.features] - INFO -   - BMI: 0.2134
2025-07-20 10:13:52,928 - [src.features] - INFO -   - Stroke: 0.1005
2025-07-20 10:13:52,928 - [src.features] - INFO -   - HeartDiseaseorAttack: 0.1709
2025-07-20 10:13:52,928 - [src.features] - INFO -   - PhysActivity: -0.1140
2025-07-20 10:13:52,929 - [src.features] - INFO -   - GenHlth: 0.2728
2025-07-20 10:13:52,929 - [src.features] - INFO -   - PhysHlth: 0.1528
2025-07-20 10:13:52,930 - [src.features] - INFO -   - DiffWalk: 0.2064
2025-07-20 10:13:52,930 - [src.features] - INFO -   - Age: 0.2029
2025-07-20 10:13:52,931 - [src.features] - INFO -   - Income: -0.1331
2025-07-20 10:13:52,932 - [src.features] - INFO -   - HlthScore: 0.2235
2025-07-20 10:13:52,932 - [src.features] - INFO -   - RiskScore: 0.3159
2025-07-20 10:13:52,934 - [src.features] - INFO -   - CardioRisk: 0.3253
2025-07-20 10:13:52,951 - [src.features] - INFO - Final dataset shape: (702560, 15)
2025-07-20 10:13:52,952 - [src.features] - INFO - ============================================================
2025-07-20 10:13:52,952 - [src.features] - INFO - FEATURE ENGINEERING PIPELINE COMPLETED
2025-07-20 10:13:52,952 - [src.features] - INFO - ============================================================
2025-07-20 10:13:52,953 - [src.features] - INFO - Dataset transformation: (787646, 21) -> (702560, 15)
2025-07-20 10:13:52,953 - [src.features] - INFO - Rows change: 787646 -> 702560 (-10.80%)
2025-07-20 10:13:52,953 - [src.features] - INFO - Features change: 21 -> 15 (-28.57%)
2025-07-20 10:18:17,867 - [src.features] - INFO - DiabetesFeatureEngineering initialized successfully
2025-07-20 10:18:17,869 - [src.features] - INFO - ============================================================
2025-07-20 10:18:17,870 - [src.features] - INFO - STARTING COMPLETE FEATURE ENGINEERING PIPELINE
2025-07-20 10:18:17,870 - [src.features] - INFO - ============================================================
2025-07-20 10:18:17,870 - [src.features] - INFO - Initial dataset shape: (787646, 21)
2025-07-20 10:18:17,870 - [src.features] - INFO - Starting null values removal process...
2025-07-20 10:18:17,889 - [src.features] - INFO - No null values found in the dataset
2025-07-20 10:18:18,044 - [src.features] - INFO - Null values removal completed. Removed 0 rows (0.00%)
2025-07-20 10:18:18,045 - [src.features] - INFO - Dataset shape: 787646 -> 787646 rows
2025-07-20 10:18:18,046 - [src.features] - INFO - After null removal: (787646, 21)
2025-07-20 10:18:18,046 - [src.features] - INFO - Starting duplicate removal process...
2025-07-20 10:18:18,283 - [src.features] - INFO - Found 85086 duplicate rows
2025-07-20 10:18:18,761 - [src.features] - INFO - Duplicate removal completed. Removed 85086 rows (10.80%)
2025-07-20 10:18:18,762 - [src.features] - INFO - Dataset shape: 787646 -> 702560 rows
2025-07-20 10:18:18,770 - [src.features] - INFO - After duplicate removal: (702560, 21)
2025-07-20 10:18:18,771 - [src.features] - INFO - Starting outlier handling process...
2025-07-20 10:18:18,771 - [src.features] - INFO - Columns to process: ['BMI', 'MentHlth', 'PhysHlth']
2025-07-20 10:18:18,851 - [src.features] - INFO - Processing outliers for column: BMI
2025-07-20 10:18:18,873 - [src.features] - INFO -   - Total outliers: 18686 (Lower: 0, Upper: 18686)
2025-07-20 10:18:18,878 - [src.features] - INFO - Processing outliers for column: MentHlth
2025-07-20 10:18:18,895 - [src.features] - INFO -   - Total outliers: 90556 (Lower: 0, Upper: 90556)
2025-07-20 10:18:18,901 - [src.features] - INFO - Processing outliers for column: PhysHlth
2025-07-20 10:18:18,919 - [src.features] - INFO -   - Total outliers: 105110 (Lower: 0, Upper: 105110)
2025-07-20 10:18:18,926 - [src.features] - INFO - Outlier handling completed. Total outliers handled: 214352
2025-07-20 10:18:18,932 - [src.features] - INFO - Creating health score feature...
2025-07-20 10:18:19,078 - [src.features] - INFO - Health score created successfully. Range: [0.200, 1.667]
2025-07-20 10:18:19,080 - [src.features] - INFO - Creating risk score feature...
2025-07-20 10:18:19,373 - [src.features] - INFO - Risk score created successfully using 4 features. Range: [0.0, 4.0]
2025-07-20 10:18:19,381 - [src.features] - INFO - Creating lifestyle score feature...
2025-07-20 10:18:19,815 - [src.features] - INFO - Lifestyle score created successfully using 1 positive and 2 negative factors
2025-07-20 10:18:19,818 - [src.features] - INFO - Range: [-2.0, 1.0]
2025-07-20 10:18:19,823 - [src.features] - INFO - Creating cardiovascular risk feature...
2025-07-20 10:18:20,082 - [src.features] - INFO - Cardiovascular risk created successfully using: ['HighBP', 'HighChol', 'BMI_Obesity']
2025-07-20 10:18:20,085 - [src.features] - INFO - Range: [0.0, 3.0]
2025-07-20 10:18:20,091 - [src.features] - INFO - Creating healthy lifestyle feature...
2025-07-20 10:18:20,497 - [src.features] - INFO - Healthy lifestyle feature created using 1 positive and 2 negative factors
2025-07-20 10:18:20,501 - [src.features] - INFO - Range: [-2.0, 1.0]
2025-07-20 10:18:20,508 - [src.features] - INFO - Creating BMI category feature...
2025-07-20 10:18:20,908 - [src.features] - INFO - BMI category distribution:
2025-07-20 10:18:20,909 - [src.features] - INFO -   - Pre-obesity: 243303 (34.63%)
2025-07-20 10:18:20,909 - [src.features] - INFO -   - Normal weight: 170557 (24.28%)
2025-07-20 10:18:20,910 - [src.features] - INFO -   - Obesity class I: 160813 (22.89%)
2025-07-20 10:18:20,910 - [src.features] - INFO -   - Obesity class II: 70212 (9.99%)
2025-07-20 10:18:20,911 - [src.features] - INFO -   - Obesity class III: 47598 (6.77%)
2025-07-20 10:18:20,912 - [src.features] - INFO -   - Underweight: 10077 (1.43%)
2025-07-20 10:18:20,918 - [src.features] - INFO - Creating age group feature...
2025-07-20 10:18:21,149 - [src.features] - INFO - Age group distribution:
2025-07-20 10:18:21,149 - [src.features] - INFO -   - Senior: 345554 (49.18%)
2025-07-20 10:18:21,150 - [src.features] - INFO -   - Middle: 269660 (38.38%)
2025-07-20 10:18:21,150 - [src.features] - INFO -   - Young: 87346 (12.43%)
2025-07-20 10:18:21,158 - [src.features] - INFO - After feature creation: (702560, 28)
2025-07-20 10:18:21,158 - [src.features] - INFO - Starting categorical feature encoding...
2025-07-20 10:18:21,314 - [src.features] - INFO - Found 2 categorical columns to encode: ['BMICategory', 'AgeGroup']
2025-07-20 10:18:21,315 - [src.features] - INFO - Encoding column: BMICategory
2025-07-20 10:18:21,381 - [src.features] - INFO -   - Encoding mapping: {'Normal weight': 0, 'Obesity class I': 1, 'Obesity class II': 2, 'Obesity class III': 3, 'Pre-obesity': 4, 'Underweight': 5}
2025-07-20 10:18:21,381 - [src.features] - INFO - Encoding column: AgeGroup
2025-07-20 10:18:21,454 - [src.features] - INFO -   - Encoding mapping: {'Middle': 0, 'Senior': 1, 'Young': 2}
2025-07-20 10:18:21,454 - [src.features] - INFO - Categorical feature encoding completed
2025-07-20 10:18:21,459 - [src.features] - INFO - After categorical encoding: (702560, 28)
2025-07-20 10:18:21,460 - [src.features] - INFO - Starting feature selection process...
2025-07-20 10:18:21,461 - [src.features] - INFO - Target column: Diabetes
2025-07-20 10:18:21,461 - [src.features] - INFO - Correlation threshold: 0.1
2025-07-20 10:18:22,713 - [src.features] - INFO - Selected 14 features (+ target column)
2025-07-20 10:18:22,713 - [src.features] - INFO - Selected features and their correlations:
2025-07-20 10:18:22,714 - [src.features] - INFO -   - HighBP: 0.2641
2025-07-20 10:18:22,715 - [src.features] - INFO -   - HighChol: 0.2110
2025-07-20 10:18:22,715 - [src.features] - INFO -   - BMI: 0.2134
2025-07-20 10:18:22,715 - [src.features] - INFO -   - Stroke: 0.1005
2025-07-20 10:18:22,716 - [src.features] - INFO -   - HeartDiseaseorAttack: 0.1709
2025-07-20 10:18:22,717 - [src.features] - INFO -   - PhysActivity: -0.1140
2025-07-20 10:18:22,717 - [src.features] - INFO -   - GenHlth: 0.2728
2025-07-20 10:18:22,718 - [src.features] - INFO -   - PhysHlth: 0.1528
2025-07-20 10:18:22,718 - [src.features] - INFO -   - DiffWalk: 0.2064
2025-07-20 10:18:22,719 - [src.features] - INFO -   - Age: 0.2029
2025-07-20 10:18:22,720 - [src.features] - INFO -   - Income: -0.1331
2025-07-20 10:18:22,720 - [src.features] - INFO -   - HlthScore: 0.2235
2025-07-20 10:18:22,721 - [src.features] - INFO -   - RiskScore: 0.3159
2025-07-20 10:18:22,721 - [src.features] - INFO -   - CardioRisk: 0.3253
2025-07-20 10:18:22,737 - [src.features] - INFO - Final dataset shape: (702560, 15)
2025-07-20 10:18:22,738 - [src.features] - INFO - ============================================================
2025-07-20 10:18:22,738 - [src.features] - INFO - FEATURE ENGINEERING PIPELINE COMPLETED
2025-07-20 10:18:22,738 - [src.features] - INFO - ============================================================
2025-07-20 10:18:22,739 - [src.features] - INFO - Dataset transformation: (787646, 21) -> (702560, 15)
2025-07-20 10:18:22,739 - [src.features] - INFO - Rows change: 787646 -> 702560 (-10.80%)
2025-07-20 10:18:22,740 - [src.features] - INFO - Features change: 21 -> 15 (-28.57%)
2025-07-20 10:27:02,106 - [src.features] - INFO - DiabetesFeatureEngineering initialized successfully
2025-07-20 10:27:02,107 - [src.features] - INFO - ============================================================
2025-07-20 10:27:02,107 - [src.features] - INFO - STARTING COMPLETE FEATURE ENGINEERING PIPELINE
2025-07-20 10:27:02,108 - [src.features] - INFO - ============================================================
2025-07-20 10:27:02,108 - [src.features] - INFO - Initial dataset shape: (787646, 21)
2025-07-20 10:27:02,108 - [src.features] - INFO - Starting null values removal process...
2025-07-20 10:27:02,124 - [src.features] - INFO - No null values found in the dataset
2025-07-20 10:27:02,300 - [src.features] - INFO - Null values removal completed. Removed 0 rows (0.00%)
2025-07-20 10:27:02,301 - [src.features] - INFO - Dataset shape: 787646 -> 787646 rows
2025-07-20 10:27:02,301 - [src.features] - INFO - After null removal: (787646, 21)
2025-07-20 10:27:02,302 - [src.features] - INFO - Starting duplicate removal process...
2025-07-20 10:27:02,533 - [src.features] - INFO - Found 85086 duplicate rows
2025-07-20 10:27:02,947 - [src.features] - INFO - Duplicate removal completed. Removed 85086 rows (10.80%)
2025-07-20 10:27:02,948 - [src.features] - INFO - Dataset shape: 787646 -> 702560 rows
2025-07-20 10:27:02,954 - [src.features] - INFO - After duplicate removal: (702560, 21)
2025-07-20 10:27:02,955 - [src.features] - INFO - Starting outlier handling process...
2025-07-20 10:27:02,956 - [src.features] - INFO - Columns to process: ['BMI', 'MentHlth', 'PhysHlth']
2025-07-20 10:27:03,041 - [src.features] - INFO - Processing outliers for column: BMI
2025-07-20 10:27:03,063 - [src.features] - INFO -   - Total outliers: 18686 (Lower: 0, Upper: 18686)
2025-07-20 10:27:03,068 - [src.features] - INFO - Processing outliers for column: MentHlth
2025-07-20 10:27:03,086 - [src.features] - INFO -   - Total outliers: 90556 (Lower: 0, Upper: 90556)
2025-07-20 10:27:03,092 - [src.features] - INFO - Processing outliers for column: PhysHlth
2025-07-20 10:27:03,111 - [src.features] - INFO -   - Total outliers: 105110 (Lower: 0, Upper: 105110)
2025-07-20 10:27:03,117 - [src.features] - INFO - Outlier handling completed. Total outliers handled: 214352
2025-07-20 10:27:03,123 - [src.features] - INFO - Creating health score feature...
2025-07-20 10:27:03,234 - [src.features] - INFO - Health score created successfully. Range: [0.200, 1.667]
2025-07-20 10:27:03,236 - [src.features] - INFO - Creating risk score feature...
2025-07-20 10:27:03,575 - [src.features] - INFO - Risk score created successfully using 4 features. Range: [0.0, 4.0]
2025-07-20 10:27:03,582 - [src.features] - INFO - Creating lifestyle score feature...
2025-07-20 10:27:03,994 - [src.features] - INFO - Lifestyle score created successfully using 1 positive and 2 negative factors
2025-07-20 10:27:03,998 - [src.features] - INFO - Range: [-2.0, 1.0]
2025-07-20 10:27:04,006 - [src.features] - INFO - Creating cardiovascular risk feature...
2025-07-20 10:27:04,377 - [src.features] - INFO - Cardiovascular risk created successfully using: ['HighBP', 'HighChol', 'BMI_Obesity']
2025-07-20 10:27:04,380 - [src.features] - INFO - Range: [0.0, 3.0]
2025-07-20 10:27:04,389 - [src.features] - INFO - Creating healthy lifestyle feature...
2025-07-20 10:27:04,771 - [src.features] - INFO - Healthy lifestyle feature created using 1 positive and 2 negative factors
2025-07-20 10:27:04,774 - [src.features] - INFO - Range: [-2.0, 1.0]
2025-07-20 10:27:04,781 - [src.features] - INFO - Creating BMI category feature...
2025-07-20 10:27:05,228 - [src.features] - INFO - BMI category distribution:
2025-07-20 10:27:05,228 - [src.features] - INFO -   - Pre-obesity: 243303 (34.63%)
2025-07-20 10:27:05,229 - [src.features] - INFO -   - Normal weight: 170557 (24.28%)
2025-07-20 10:27:05,229 - [src.features] - INFO -   - Obesity class I: 160813 (22.89%)
2025-07-20 10:27:05,230 - [src.features] - INFO -   - Obesity class II: 70212 (9.99%)
2025-07-20 10:27:05,230 - [src.features] - INFO -   - Obesity class III: 47598 (6.77%)
2025-07-20 10:27:05,230 - [src.features] - INFO -   - Underweight: 10077 (1.43%)
2025-07-20 10:27:05,238 - [src.features] - INFO - Creating age group feature...
2025-07-20 10:27:05,520 - [src.features] - INFO - Age group distribution:
2025-07-20 10:27:05,520 - [src.features] - INFO -   - Senior: 345554 (49.18%)
2025-07-20 10:27:05,521 - [src.features] - INFO -   - Middle: 269660 (38.38%)
2025-07-20 10:27:05,521 - [src.features] - INFO -   - Young: 87346 (12.43%)
2025-07-20 10:27:05,529 - [src.features] - INFO - After feature creation: (702560, 28)
2025-07-20 10:27:05,530 - [src.features] - INFO - Starting categorical feature encoding...
2025-07-20 10:27:05,711 - [src.features] - INFO - Found 2 categorical columns to encode: ['BMICategory', 'AgeGroup']
2025-07-20 10:27:05,712 - [src.features] - INFO - Encoding column: BMICategory
2025-07-20 10:27:05,776 - [src.features] - INFO -   - Encoding mapping: {'Normal weight': 0, 'Obesity class I': 1, 'Obesity class II': 2, 'Obesity class III': 3, 'Pre-obesity': 4, 'Underweight': 5}
2025-07-20 10:27:05,777 - [src.features] - INFO - Encoding column: AgeGroup
2025-07-20 10:27:05,839 - [src.features] - INFO -   - Encoding mapping: {'Middle': 0, 'Senior': 1, 'Young': 2}
2025-07-20 10:27:05,839 - [src.features] - INFO - Categorical feature encoding completed
2025-07-20 10:27:05,845 - [src.features] - INFO - After categorical encoding: (702560, 28)
2025-07-20 10:27:05,846 - [src.features] - INFO - Starting feature selection process...
2025-07-20 10:27:05,846 - [src.features] - INFO - Target column: Diabetes
2025-07-20 10:27:05,847 - [src.features] - INFO - Correlation threshold: 0.1
2025-07-20 10:27:07,091 - [src.features] - INFO - Selected 14 features (+ target column)
2025-07-20 10:27:07,092 - [src.features] - INFO - Selected features and their correlations:
2025-07-20 10:27:07,092 - [src.features] - INFO -   - HighBP: 0.2641
2025-07-20 10:27:07,092 - [src.features] - INFO -   - HighChol: 0.2110
2025-07-20 10:27:07,093 - [src.features] - INFO -   - BMI: 0.2134
2025-07-20 10:27:07,094 - [src.features] - INFO -   - Stroke: 0.1005
2025-07-20 10:27:07,095 - [src.features] - INFO -   - HeartDiseaseorAttack: 0.1709
2025-07-20 10:27:07,096 - [src.features] - INFO -   - PhysActivity: -0.1140
2025-07-20 10:27:07,097 - [src.features] - INFO -   - GenHlth: 0.2728
2025-07-20 10:27:07,097 - [src.features] - INFO -   - PhysHlth: 0.1528
2025-07-20 10:27:07,098 - [src.features] - INFO -   - DiffWalk: 0.2064
2025-07-20 10:27:07,099 - [src.features] - INFO -   - Age: 0.2029
2025-07-20 10:27:07,099 - [src.features] - INFO -   - Income: -0.1331
2025-07-20 10:27:07,100 - [src.features] - INFO -   - HlthScore: 0.2235
2025-07-20 10:27:07,100 - [src.features] - INFO -   - RiskScore: 0.3159
2025-07-20 10:27:07,101 - [src.features] - INFO -   - CardioRisk: 0.3253
2025-07-20 10:27:07,119 - [src.features] - INFO - Final dataset shape: (702560, 15)
2025-07-20 10:27:07,119 - [src.features] - INFO - ============================================================
2025-07-20 10:27:07,120 - [src.features] - INFO - FEATURE ENGINEERING PIPELINE COMPLETED
2025-07-20 10:27:07,120 - [src.features] - INFO - ============================================================
2025-07-20 10:27:07,120 - [src.features] - INFO - Dataset transformation: (787646, 21) -> (702560, 15)
2025-07-20 10:27:07,121 - [src.features] - INFO - Rows change: 787646 -> 702560 (-10.80%)
2025-07-20 10:27:07,121 - [src.features] - INFO - Features change: 21 -> 15 (-28.57%)
