2025-08-17 01:26:50,228 - [src.features] - INFO - DiabetesFeatureEngineering initialized successfully
2025-08-17 01:26:50,229 - [src.features] - INFO - ============================================================
2025-08-17 01:26:50,230 - [src.features] - INFO - STARTING COMPLETE FEATURE ENGINEERING PIPELINE
2025-08-17 01:26:50,231 - [src.features] - INFO - ============================================================
2025-08-17 01:26:50,232 - [src.features] - INFO - Initial dataset shape: (787602, 21)
2025-08-17 01:26:50,232 - [src.features] - INFO - Starting null values removal process...
2025-08-17 01:26:50,253 - [src.features] - INFO - No null values found in the dataset
2025-08-17 01:26:50,866 - [src.features] - INFO - Null values removal completed. Removed 0 rows (0.00%)
2025-08-17 01:26:50,867 - [src.features] - INFO - Dataset shape: 787602 -> 787602 rows
2025-08-17 01:26:50,868 - [src.features] - INFO - After null removal: (787602, 21)
2025-08-17 01:26:50,868 - [src.features] - INFO - Starting duplicate removal process...
2025-08-17 01:26:51,083 - [src.features] - INFO - Found 85086 duplicate rows
2025-08-17 01:26:51,850 - [src.features] - INFO - Duplicate removal completed. Removed 85086 rows (10.80%)
2025-08-17 01:26:51,850 - [src.features] - INFO - Dataset shape: 787602 -> 702516 rows
2025-08-17 01:26:51,857 - [src.features] - INFO - After duplicate removal: (702516, 21)
2025-08-17 01:26:51,858 - [src.features] - INFO - Starting outlier handling process...
2025-08-17 01:26:51,858 - [src.features] - INFO - Columns to process: ['BMI', 'MentHlth', 'PhysHlth']
2025-08-17 01:26:52,050 - [src.features] - INFO - Processing outliers for column: BMI
2025-08-17 01:26:52,071 - [src.features] - INFO -   - Total outliers: 18685 (Lower: 0, Upper: 18685)
2025-08-17 01:26:52,077 - [src.features] - INFO - Processing outliers for column: MentHlth
2025-08-17 01:26:52,095 - [src.features] - INFO -   - Total outliers: 90551 (Lower: 0, Upper: 90551)
2025-08-17 01:26:52,101 - [src.features] - INFO - Processing outliers for column: PhysHlth
2025-08-17 01:26:52,118 - [src.features] - INFO -   - Total outliers: 105104 (Lower: 0, Upper: 105104)
2025-08-17 01:26:52,125 - [src.features] - INFO - Outlier handling completed. Total outliers handled: 214340
2025-08-17 01:26:52,132 - [src.features] - INFO - Creating health score feature...
2025-08-17 01:26:52,305 - [src.features] - INFO - Health score created successfully. Range: [0.200, 1.667]
2025-08-17 01:26:52,308 - [src.features] - INFO - Creating risk score feature...
2025-08-17 01:26:52,938 - [src.features] - INFO - Risk score created successfully using 4 features. Range: [0.0, 4.0]
2025-08-17 01:26:52,943 - [src.features] - INFO - Creating lifestyle score feature...
2025-08-17 01:26:53,421 - [src.features] - INFO - Lifestyle score created successfully using 1 positive and 2 negative factors
2025-08-17 01:26:53,424 - [src.features] - INFO - Range: [-2.0, 1.0]
2025-08-17 01:26:53,429 - [src.features] - INFO - Creating cardiovascular risk feature...
2025-08-17 01:26:53,744 - [src.features] - INFO - Cardiovascular risk created successfully using: ['HighBP', 'HighChol', 'BMI_Obesity']
2025-08-17 01:26:53,747 - [src.features] - INFO - Range: [0.0, 3.0]
2025-08-17 01:33:09,229 - [src.features] - INFO - DiabetesFeatureEngineering initialized successfully
2025-08-17 01:33:09,229 - [src.features] - INFO - ============================================================
2025-08-17 01:33:09,229 - [src.features] - INFO - STARTING COMPLETE FEATURE ENGINEERING PIPELINE
2025-08-17 01:33:09,230 - [src.features] - INFO - ============================================================
2025-08-17 01:33:09,230 - [src.features] - INFO - Initial dataset shape: (787602, 21)
2025-08-17 01:33:09,231 - [src.features] - INFO - Starting null values removal process...
2025-08-17 01:33:09,246 - [src.features] - INFO - No null values found in the dataset
2025-08-17 01:33:09,312 - [src.features] - INFO - Null values removal completed. Removed 0 rows (0.00%)
2025-08-17 01:33:09,313 - [src.features] - INFO - Dataset shape: 787602 -> 787602 rows
2025-08-17 01:33:09,314 - [src.features] - INFO - After null removal: (787602, 21)
2025-08-17 01:33:09,314 - [src.features] - INFO - Starting duplicate removal process...
2025-08-17 01:33:09,570 - [src.features] - INFO - Found 85086 duplicate rows
2025-08-17 01:33:09,907 - [src.features] - INFO - Duplicate removal completed. Removed 85086 rows (10.80%)
2025-08-17 01:33:09,908 - [src.features] - INFO - Dataset shape: 787602 -> 702516 rows
2025-08-17 01:33:09,908 - [src.features] - INFO - After duplicate removal: (702516, 21)
2025-08-17 01:33:09,909 - [src.features] - INFO - Starting outlier handling process...
2025-08-17 01:33:09,909 - [src.features] - INFO - Columns to process: ['BMI', 'MentHlth', 'PhysHlth']
2025-08-17 01:33:09,932 - [src.features] - INFO - Processing outliers for column: BMI
2025-08-17 01:33:09,955 - [src.features] - INFO -   - Total outliers: 18685 (Lower: 0, Upper: 18685)
2025-08-17 01:33:09,964 - [src.features] - INFO - Processing outliers for column: MentHlth
2025-08-17 01:33:09,985 - [src.features] - INFO -   - Total outliers: 90551 (Lower: 0, Upper: 90551)
2025-08-17 01:33:09,994 - [src.features] - INFO - Processing outliers for column: PhysHlth
2025-08-17 01:33:10,013 - [src.features] - INFO -   - Total outliers: 105104 (Lower: 0, Upper: 105104)
2025-08-17 01:33:10,020 - [src.features] - INFO - Outlier handling completed. Total outliers handled: 214340
2025-08-17 01:33:10,023 - [src.features] - INFO - Creating health score feature...
2025-08-17 01:33:10,055 - [src.features] - INFO - Health score created successfully. Range: [0.200, 1.667]
2025-08-17 01:33:10,056 - [src.features] - INFO - Creating risk score feature...
2025-08-17 01:33:10,512 - [src.features] - INFO - Risk score created successfully using 4 features. Range: [0.0, 4.0]
2025-08-17 01:33:10,513 - [src.features] - INFO - Creating lifestyle score feature...
2025-08-17 01:33:10,704 - [src.features] - INFO - Lifestyle score created successfully using 1 positive and 2 negative factors
2025-08-17 01:33:10,707 - [src.features] - INFO - Range: [-2.0, 1.0]
2025-08-17 01:33:10,714 - [src.features] - INFO - Creating cardiovascular risk feature...
2025-08-17 01:33:11,092 - [src.features] - INFO - Cardiovascular risk created successfully using: ['HighBP', 'HighChol', 'BMI_Obesity']
2025-08-17 01:33:11,095 - [src.features] - INFO - Range: [0.0, 3.0]
2025-08-17 01:33:11,097 - [src.features] - INFO - Creating BMI category feature...
2025-08-17 01:33:11,515 - [src.features] - INFO - BMI category distribution:
2025-08-17 01:33:11,516 - [src.features] - INFO -   - Pre-obesity: 243286 (34.63%)
2025-08-17 01:33:11,517 - [src.features] - INFO -   - Normal weight: 170548 (24.28%)
2025-08-17 01:33:11,517 - [src.features] - INFO -   - Obesity class I: 160806 (22.89%)
2025-08-17 01:33:11,518 - [src.features] - INFO -   - Obesity class II: 70206 (9.99%)
2025-08-17 01:33:11,518 - [src.features] - INFO -   - Obesity class III: 47594 (6.77%)
2025-08-17 01:33:11,518 - [src.features] - INFO -   - Underweight: 10076 (1.43%)
2025-08-17 01:33:11,524 - [src.features] - INFO - Creating age group feature...
2025-08-17 01:33:11,697 - [src.features] - INFO - Age group distribution:
2025-08-17 01:33:11,698 - [src.features] - INFO -   - Senior: 345527 (49.18%)
2025-08-17 01:33:11,698 - [src.features] - INFO -   - Middle: 269648 (38.38%)
2025-08-17 01:33:11,699 - [src.features] - INFO -   - Young: 87341 (12.43%)
2025-08-17 01:33:11,704 - [src.features] - INFO - After feature creation: (702516, 27)
2025-08-17 01:33:11,705 - [src.features] - INFO - Starting categorical feature encoding...
2025-08-17 01:33:11,746 - [src.features] - INFO - Found 2 categorical columns to encode: ['BMICategory', 'AgeGroup']
2025-08-17 01:33:11,747 - [src.features] - INFO - Encoding column: BMICategory
2025-08-17 01:33:11,824 - [src.features] - INFO -   - Encoding mapping: {'Normal weight': 0, 'Obesity class I': 1, 'Obesity class II': 2, 'Obesity class III': 3, 'Pre-obesity': 4, 'Underweight': 5}
2025-08-17 01:33:11,824 - [src.features] - INFO - Encoding column: AgeGroup
2025-08-17 01:33:11,893 - [src.features] - INFO -   - Encoding mapping: {'Middle': 0, 'Senior': 1, 'Young': 2}
2025-08-17 01:33:11,894 - [src.features] - INFO - Categorical feature encoding completed
2025-08-17 01:33:11,896 - [src.features] - INFO - After categorical encoding: (702516, 27)
2025-08-17 01:33:11,897 - [src.features] - INFO - Starting feature selection process...
2025-08-17 01:33:11,898 - [src.features] - INFO - Target column: Diabetes
2025-08-17 01:33:11,898 - [src.features] - INFO - Correlation threshold: 0.1
2025-08-17 01:33:13,065 - [src.features] - INFO - Selected 14 features (+ target column)
2025-08-17 01:33:13,065 - [src.features] - INFO - Selected features and their correlations:
2025-08-17 01:33:13,066 - [src.features] - INFO -   - HighBP: 0.2641
2025-08-17 01:33:13,066 - [src.features] - INFO -   - HighChol: 0.2109
2025-08-17 01:33:13,066 - [src.features] - INFO -   - BMI: 0.2134
2025-08-17 01:33:13,067 - [src.features] - INFO -   - Stroke: 0.1005
2025-08-17 01:33:13,068 - [src.features] - INFO -   - HeartDiseaseorAttack: 0.1709
2025-08-17 01:33:13,068 - [src.features] - INFO -   - PhysActivity: -0.1140
2025-08-17 01:33:13,068 - [src.features] - INFO -   - GenHlth: 0.2728
2025-08-17 01:33:13,069 - [src.features] - INFO -   - PhysHlth: 0.1528
2025-08-17 01:33:13,069 - [src.features] - INFO -   - DiffWalk: 0.2064
2025-08-17 01:33:13,069 - [src.features] - INFO -   - Age: 0.2029
2025-08-17 01:33:13,070 - [src.features] - INFO -   - Income: -0.1331
2025-08-17 01:33:13,071 - [src.features] - INFO -   - HlthScore: 0.2236
2025-08-17 01:33:13,071 - [src.features] - INFO -   - RiskScore: 0.3159
2025-08-17 01:33:13,072 - [src.features] - INFO -   - CardioRisk: 0.3253
2025-08-17 01:33:13,095 - [src.features] - INFO - Final dataset shape: (702516, 15)
2025-08-17 01:33:13,095 - [src.features] - INFO - ============================================================
2025-08-17 01:33:13,096 - [src.features] - INFO - FEATURE ENGINEERING PIPELINE COMPLETED
2025-08-17 01:33:13,096 - [src.features] - INFO - ============================================================
2025-08-17 01:33:13,097 - [src.features] - INFO - Dataset transformation: (787602, 21) -> (702516, 15)
2025-08-17 01:33:13,098 - [src.features] - INFO - Rows change: 787602 -> 702516 (-10.80%)
2025-08-17 01:33:13,098 - [src.features] - INFO - Features change: 21 -> 15 (-28.57%)
