2025-08-17 01:34:59,309 - [src.balancing] - INFO - HybridSamplingBalancer initialized successfully
2025-08-17 01:34:59,431 - [src.balancing] - INFO - Starting SMOTETomek hybrid sampling process...
2025-08-17 01:34:59,439 - [src.balancing] - INFO - Original class distribution:
2025-08-17 01:34:59,440 - [src.balancing] - INFO -   - Class 0.0: 459553 samples
2025-08-17 01:34:59,441 - [src.balancing] - INFO -   - Class 1.0: 13512 samples
2025-08-17 01:34:59,442 - [src.balancing] - INFO -   - Class 2.0: 88947 samples
2025-08-17 01:37:06,911 - [src.balancing] - INFO - New class distribution after SMOTETomek:
2025-08-17 01:37:06,911 - [src.balancing] - INFO -   - Class 0.0: 564423 samples (+104870 net)
2025-08-17 01:37:06,912 - [src.balancing] - INFO -   - Class 1.0: 149036 samples (+135524 net)
2025-08-17 01:37:06,912 - [src.balancing] - INFO -   - Class 2.0: 90450 samples (+1503 net)
2025-08-17 01:37:06,912 - [src.balancing] - INFO - Dataset size: 562012 -> 803909 samples (+241897)
2025-08-17 01:37:06,913 - [src.balancing] - INFO - SMOTETomek processing completed successfully
2025-08-17 01:37:07,127 - [src.balancing] - INFO - Starting SMOTEENN hybrid sampling process...
2025-08-17 01:37:07,135 - [src.balancing] - INFO - Original class distribution:
2025-08-17 01:37:07,136 - [src.balancing] - INFO -   - Class 0.0: 459553 samples
2025-08-17 01:37:07,137 - [src.balancing] - INFO -   - Class 1.0: 13512 samples
2025-08-17 01:37:07,138 - [src.balancing] - INFO -   - Class 2.0: 88947 samples
2025-08-17 01:39:14,372 - [src.balancing] - INFO - New class distribution after SMOTEENN:
2025-08-17 01:39:14,373 - [src.balancing] - INFO -   - Class 0.0: 405203 samples (-54350 net)
2025-08-17 01:39:14,374 - [src.balancing] - INFO -   - Class 1.0: 106148 samples (+92636 net)
2025-08-17 01:39:14,374 - [src.balancing] - INFO -   - Class 2.0: 8988 samples (-79959 net)
2025-08-17 01:39:14,374 - [src.balancing] - INFO - Dataset size: 562012 -> 520339 samples (-41673)
2025-08-17 01:39:14,376 - [src.balancing] - INFO - SMOTEENN processing completed successfully
