2025-07-27 04:48:49,801 - [src.models] - INFO - DiabetesLogisticRegression initialized with parameters:
2025-07-27 04:48:49,802 - [src.models] - INFO -   C: 1.0
2025-07-27 04:48:49,803 - [src.models] - INFO -   penalty: l2
2025-07-27 04:48:49,803 - [src.models] - INFO -   class_weight: None
2025-07-27 04:48:49,804 - [src.models] - INFO -   solver: saga
2025-07-27 04:48:49,805 - [src.models] - INFO -   max_iter: 100
2025-07-27 04:48:49,806 - [src.models] - INFO -   random_state: 42
2025-07-27 04:48:49,973 - [src.models] - INFO - Starting Logistic Regression model training...
2025-07-27 04:48:58,056 - [src.models] - INFO - Model training completed. Training samples: 630081
2025-07-27 04:48:58,099 - [src.models] - INFO - Predictions made for 157521 samples
2025-07-27 04:48:58,342 - [src.models] - INFO - Model Evaluation Results:
2025-07-27 04:48:58,343 - [src.models] - INFO - Accuracy: 0.8412
2025-07-27 04:48:58,343 - [src.models] - INFO - Precision: 0.4663
2025-07-27 04:48:58,344 - [src.models] - INFO - Recall: 0.3864
2025-07-27 04:48:58,345 - [src.models] - INFO - F1-Score: 0.3955
2025-07-27 04:48:58,394 - [src.models] - INFO - Classification Report:
              precision    recall  f1-score   support

         0.0       0.86      0.98      0.91    131574
         1.0       0.00      0.00      0.00      3393
         2.0       0.54      0.18      0.27     22554

    accuracy                           0.84    157521
   macro avg       0.47      0.39      0.40    157521
weighted avg       0.79      0.84      0.80    157521

2025-07-27 04:48:58,450 - [src.models] - INFO - Confusion Matrix:
[[128365      0   3209]
 [  3107      0    286]
 [ 18412      0   4142]]
2025-07-27 04:48:58,672 - [src.models] - INFO - Probabilities predicted for 630081 samples
2025-07-27 04:49:31,867 - [src.models] - INFO - Cross-validation results:
2025-07-27 04:49:31,868 - [src.models] - INFO - Mean accuracy: 0.8406 (+/- 0.0009)
