2025-08-16 21:02:33,302 - [src.models] - INFO - DiabetesSGDClassifier initialized with parameters:
2025-08-16 21:02:33,306 - [src.models] - INFO -   loss: log_loss
2025-08-16 21:02:33,311 - [src.models] - INFO -   penalty: l2
2025-08-16 21:02:33,312 - [src.models] - INFO -   alpha: 0.0001
2025-08-16 21:02:33,314 - [src.models] - INFO -   learning_rate: constant
2025-08-16 21:02:33,315 - [src.models] - INFO -   eta0: 0.01
2025-08-16 21:02:33,317 - [src.models] - INFO -   max_iter: 1000
2025-08-16 21:02:33,319 - [src.models] - INFO -   random_state: 42
2025-08-16 21:02:33,629 - [src.models] - INFO - Starting SGD Classifier model training...
2025-08-16 21:02:35,963 - [src.models] - INFO - Model training completed. Training samples: 630081
2025-08-16 21:02:35,964 - [src.models] - INFO - Number of iterations: 7
2025-08-16 21:02:36,052 - [src.models] - INFO - Predictions made for 157521 samples
2025-08-16 21:02:36,409 - [src.models] - INFO - Model Evaluation Results:
2025-08-16 21:02:36,410 - [src.models] - INFO - Accuracy: 0.8400
2025-08-16 21:02:36,410 - [src.models] - INFO - Precision: 0.4605
2025-08-16 21:02:36,411 - [src.models] - INFO - Recall: 0.3921
2025-08-16 21:02:36,413 - [src.models] - INFO - F1-Score: 0.4023
2025-08-16 21:02:36,482 - [src.models] - INFO - Classification Report:
              precision    recall  f1-score   support

         0.0       0.86      0.97      0.91    131574
         1.0       0.00      0.00      0.00      3393
         2.0       0.52      0.21      0.30     22554

    accuracy                           0.84    157521
   macro avg       0.46      0.39      0.40    157521
weighted avg       0.79      0.84      0.80    157521

2025-08-16 21:02:36,565 - [src.models] - INFO - Confusion Matrix:
[[127671      0   3903]
 [  3048      0    345]
 [ 17906      0   4648]]
2025-08-16 21:02:36,895 - [src.models] - INFO - Probabilities predicted for 630081 samples
2025-08-16 21:02:50,976 - [src.models] - INFO - Cross-validation results:
2025-08-16 21:02:50,982 - [src.models] - INFO - Mean accuracy: 0.8402 (+/- 0.0013)
