2025-08-17 01:33:13,867 - [src.balancing] - INFO - OverSamplingBalancer initialized successfully
2025-08-17 01:33:13,919 - [src.balancing] - INFO - Starting Random Over Sampling process...
2025-08-17 01:33:13,928 - [src.balancing] - INFO - Original class distribution:
2025-08-17 01:33:13,929 - [src.balancing] - INFO -   - Class 0.0: 459553 samples
2025-08-17 01:33:13,930 - [src.balancing] - INFO -   - Class 1.0: 13512 samples
2025-08-17 01:33:13,930 - [src.balancing] - INFO -   - Class 2.0: 88947 samples
2025-08-17 01:33:14,097 - [src.balancing] - INFO - New class distribution after Random Over Sampling:
2025-08-17 01:33:14,098 - [src.balancing] - INFO -   - Class 0.0: 574477 samples (+114924)
2025-08-17 01:33:14,099 - [src.balancing] - INFO -   - Class 1.0: 150000 samples (+136488)
2025-08-17 01:33:14,099 - [src.balancing] - INFO -   - Class 2.0: 100000 samples (+11053)
2025-08-17 01:33:14,100 - [src.balancing] - INFO - Dataset size: 562012 -> 824477 samples (+262465)
2025-08-17 01:33:14,101 - [src.balancing] - INFO - Random Over Sampling completed successfully
2025-08-17 01:33:14,321 - [src.balancing] - INFO - Starting SMOTE process...
2025-08-17 01:33:14,327 - [src.balancing] - INFO - Original class distribution:
2025-08-17 01:33:14,328 - [src.balancing] - INFO -   - Class 0.0: 459553 samples
2025-08-17 01:33:14,329 - [src.balancing] - INFO -   - Class 1.0: 13512 samples
2025-08-17 01:33:14,329 - [src.balancing] - INFO -   - Class 2.0: 88947 samples
2025-08-17 01:34:30,899 - [src.balancing] - INFO - New class distribution after SMOTE:
2025-08-17 01:34:30,899 - [src.balancing] - INFO -   - Class 0.0: 574477 samples (+114924 synthetic)
2025-08-17 01:34:30,899 - [src.balancing] - INFO -   - Class 1.0: 150000 samples (+136488 synthetic)
2025-08-17 01:34:30,900 - [src.balancing] - INFO -   - Class 2.0: 100000 samples (+11053 synthetic)
2025-08-17 01:34:30,900 - [src.balancing] - INFO - Dataset size: 562012 -> 824477 samples (+262465 synthetic)
2025-08-17 01:34:30,900 - [src.balancing] - INFO - SMOTE completed successfully
