2025-07-17 23:57:41,428 - [src.data.data_filtering] - INFO - Selecting features from /home/qctrung/Projects/industrial-internship/diabetes-prediction/data/raw/brfss_2020.XPT
2025-07-17 23:57:55,936 - [src.data.data_filtering] - DEBUG - Feature 'Diabetes' mapped to column 'DIABETE4'
2025-07-17 23:57:55,937 - [src.data.data_filtering] - DEBUG - Feature 'HighBP' mapped to column 'PDIABTST'
2025-07-17 23:57:55,937 - [src.data.data_filtering] - WARNING - No available columns found for feature 'HighChol'
2025-07-17 23:57:55,938 - [src.data.data_filtering] - WARNING - No available columns found for feature 'CholCheck'
2025-07-17 23:57:55,939 - [src.data.data_filtering] - DEBUG - Feature 'BMI' mapped to column '_BMI5'
2025-07-17 23:57:55,940 - [src.data.data_filtering] - DEBUG - Feature 'Smoker' mapped to column 'SMOKE100'
2025-07-17 23:57:55,941 - [src.data.data_filtering] - DEBUG - Feature 'Stroke' mapped to column 'CVDSTRK3'
2025-07-17 23:57:55,942 - [src.data.data_filtering] - DEBUG - Feature 'HeartDiseaseorAttack' mapped to column '_MICHD'
2025-07-17 23:57:55,942 - [src.data.data_filtering] - DEBUG - Feature 'PhysActivity' mapped to column '_TOTINDA'
2025-07-17 23:57:55,943 - [src.data.data_filtering] - DEBUG - Feature 'HvyAlcoholConsump' mapped to column '_RFDRHV7'
2025-07-17 23:57:55,944 - [src.data.data_filtering] - DEBUG - Feature 'AnyHealthcare' mapped to column 'HLTHPLN1'
2025-07-17 23:57:55,944 - [src.data.data_filtering] - DEBUG - Feature 'NoDocbcCost' mapped to column 'MEDCOST'
2025-07-17 23:57:55,945 - [src.data.data_filtering] - DEBUG - Feature 'GenHlth' mapped to column 'GENHLTH'
2025-07-17 23:57:55,946 - [src.data.data_filtering] - DEBUG - Feature 'MentHlth' mapped to column 'MENTHLTH'
2025-07-17 23:57:55,946 - [src.data.data_filtering] - DEBUG - Feature 'PhysHlth' mapped to column 'PHYSHLTH'
2025-07-17 23:57:55,947 - [src.data.data_filtering] - DEBUG - Feature 'DiffWalk' mapped to column 'DIFFWALK'
2025-07-17 23:57:55,947 - [src.data.data_filtering] - DEBUG - Feature 'Sex' mapped to column '_SEX'
2025-07-17 23:57:55,948 - [src.data.data_filtering] - DEBUG - Feature 'Age' mapped to column '_AGEG5YR'
2025-07-17 23:57:55,948 - [src.data.data_filtering] - DEBUG - Feature 'Education' mapped to column 'EDUCA'
2025-07-17 23:57:55,948 - [src.data.data_filtering] - DEBUG - Feature 'Income' mapped to column 'INCOME2'
