2025-07-17 23:07:26,519 - [root] - INFO - Starting data loading process...
2025-07-17 23:07:26,520 - [root] - INFO - Processing: LLCP2020XPT.zip
2025-07-17 23:07:26,520 - [root] - INFO - LLCP2020XPT.zip not found locally. Downloading...
2025-07-17 23:07:26,521 - [root] - INFO - Navigating to URL: https://www.cdc.gov/brfss/annual_data/2020/files/LLCP2020XPT.zip
2025-07-17 23:07:28,385 - [root] - INFO - Starting download: LLCP2020XPT.zip (65915.06 KB)
2025-07-17 23:07:49,534 - [root] - INFO - Downloaded: LLCP2020XPT.zip -> /home/qctrung/Projects/industrial-internship/diabetes-prediction/data/raw/zip/LLCP2020XPT.zip
2025-07-17 23:07:49,535 - [root] - INFO - Attempting to extract zip file: /home/qctrung/Projects/industrial-internship/diabetes-prediction/data/raw/zip/LLCP2020XPT.zip
2025-07-17 23:07:49,535 - [root] - INFO - Extracting 'LLCP2020.XPT ' to /home/qctrung/Projects/industrial-internship/diabetes-prediction/data/raw
2025-07-17 23:07:51,249 - [root] - INFO - Renamed 'LLCP2020.XPT ' to 'brfss_2020.XPT'
2025-07-17 23:07:51,249 - [root] - INFO - Extracted brfss_2020.XPT successfully
2025-07-17 23:07:51,250 - [root] - INFO - Processing: LLCP2021XPT.zip
2025-07-17 23:07:51,251 - [root] - INFO - LLCP2021XPT.zip not found locally. Downloading...
2025-07-17 23:07:51,252 - [root] - INFO - Navigating to URL: https://www.cdc.gov/brfss/annual_data/2021/files/LLCP2021XPT.zip
2025-07-17 23:07:52,048 - [root] - INFO - Starting download: LLCP2021XPT.zip (79684.58 KB)
2025-07-17 23:08:57,929 - [root] - INFO - Downloaded: LLCP2021XPT.zip -> /home/qctrung/Projects/industrial-internship/diabetes-prediction/data/raw/zip/LLCP2021XPT.zip
2025-07-17 23:08:57,930 - [root] - INFO - Attempting to extract zip file: /home/qctrung/Projects/industrial-internship/diabetes-prediction/data/raw/zip/LLCP2021XPT.zip
2025-07-17 23:08:57,931 - [root] - INFO - Extracting 'LLCP2021.XPT ' to /home/qctrung/Projects/industrial-internship/diabetes-prediction/data/raw
2025-07-17 23:08:59,977 - [root] - INFO - Renamed 'LLCP2021.XPT ' to 'brfss_2021.XPT'
2025-07-17 23:08:59,978 - [root] - INFO - Extracted brfss_2021.XPT successfully
2025-07-17 23:08:59,978 - [root] - INFO - Processing: LLCP2022XPT.zip
2025-07-17 23:08:59,979 - [root] - INFO - LLCP2022XPT.zip not found locally. Downloading...
2025-07-17 23:08:59,979 - [root] - INFO - Navigating to URL: https://www.cdc.gov/brfss/annual_data/2022/files/LLCP2022XPT.zip
2025-07-17 23:09:00,379 - [root] - INFO - Starting download: LLCP2022XPT.zip (82630.96 KB)
2025-07-17 23:10:08,542 - [root] - INFO - Downloaded: LLCP2022XPT.zip -> /home/qctrung/Projects/industrial-internship/diabetes-prediction/data/raw/zip/LLCP2022XPT.zip
2025-07-17 23:10:08,543 - [root] - INFO - Attempting to extract zip file: /home/qctrung/Projects/industrial-internship/diabetes-prediction/data/raw/zip/LLCP2022XPT.zip
2025-07-17 23:10:08,543 - [root] - INFO - Extracting 'LLCP2022.XPT ' to /home/qctrung/Projects/industrial-internship/diabetes-prediction/data/raw
2025-07-17 23:10:10,745 - [root] - INFO - Renamed 'LLCP2022.XPT ' to 'brfss_2022.XPT'
2025-07-17 23:10:10,746 - [root] - INFO - Extracted brfss_2022.XPT successfully
2025-07-17 23:10:10,746 - [root] - INFO - Removing zip folder: /home/qctrung/Projects/industrial-internship/diabetes-prediction/data/raw/zip
2025-07-17 23:10:10,760 - [root] - INFO - Data loading completed successfully.
2025-07-17 23:56:38,443 - [root] - INFO - Starting data loading process...
2025-07-17 23:56:38,444 - [root] - INFO - Processing: LLCP2020XPT.zip
2025-07-17 23:56:38,445 - [root] - INFO - LLCP2020XPT.zip not found locally. Downloading...
2025-07-17 23:56:38,446 - [root] - INFO - Navigating to URL: https://www.cdc.gov/brfss/annual_data/2020/files/LLCP2020XPT.zip
2025-07-17 23:56:38,909 - [root] - INFO - Starting download: LLCP2020XPT.zip (65915.06 KB)
2025-07-17 23:56:42,895 - [root] - INFO - Downloaded: LLCP2020XPT.zip -> /home/qctrung/Projects/industrial-internship/diabetes-prediction/data/raw/zip/LLCP2020XPT.zip
2025-07-17 23:56:42,896 - [root] - INFO - Attempting to extract zip file: /home/qctrung/Projects/industrial-internship/diabetes-prediction/data/raw/zip/LLCP2020XPT.zip
2025-07-17 23:56:42,898 - [root] - INFO - File brfss_2020.XPT already exists at /home/qctrung/Projects/industrial-internship/diabetes-prediction/data/raw/brfss_2020.XPT
2025-07-17 23:56:42,898 - [root] - INFO - Processing: LLCP2021XPT.zip
2025-07-17 23:56:42,899 - [root] - INFO - LLCP2021XPT.zip not found locally. Downloading...
2025-07-17 23:56:42,900 - [root] - INFO - Navigating to URL: https://www.cdc.gov/brfss/annual_data/2021/files/LLCP2021XPT.zip
2025-07-17 23:56:43,445 - [root] - INFO - Starting download: LLCP2021XPT.zip (79684.58 KB)
2025-07-17 23:56:47,438 - [root] - INFO - Downloaded: LLCP2021XPT.zip -> /home/qctrung/Projects/industrial-internship/diabetes-prediction/data/raw/zip/LLCP2021XPT.zip
2025-07-17 23:56:47,439 - [root] - INFO - Attempting to extract zip file: /home/qctrung/Projects/industrial-internship/diabetes-prediction/data/raw/zip/LLCP2021XPT.zip
2025-07-17 23:56:47,440 - [root] - INFO - File brfss_2021.XPT already exists at /home/qctrung/Projects/industrial-internship/diabetes-prediction/data/raw/brfss_2021.XPT
2025-07-17 23:56:47,440 - [root] - INFO - Processing: LLCP2022XPT.zip
2025-07-17 23:56:47,441 - [root] - INFO - LLCP2022XPT.zip not found locally. Downloading...
2025-07-17 23:56:47,442 - [root] - INFO - Navigating to URL: https://www.cdc.gov/brfss/annual_data/2022/files/LLCP2022XPT.zip
2025-07-17 23:56:47,816 - [root] - INFO - Starting download: LLCP2022XPT.zip (82630.96 KB)
2025-07-17 23:56:52,822 - [root] - INFO - Downloaded: LLCP2022XPT.zip -> /home/qctrung/Projects/industrial-internship/diabetes-prediction/data/raw/zip/LLCP2022XPT.zip
2025-07-17 23:56:52,823 - [root] - INFO - Attempting to extract zip file: /home/qctrung/Projects/industrial-internship/diabetes-prediction/data/raw/zip/LLCP2022XPT.zip
2025-07-17 23:56:52,824 - [root] - INFO - File brfss_2022.XPT already exists at /home/qctrung/Projects/industrial-internship/diabetes-prediction/data/raw/brfss_2022.XPT
2025-07-17 23:56:52,824 - [root] - INFO - Removing zip folder: /home/qctrung/Projects/industrial-internship/diabetes-prediction/data/raw/zip
2025-07-17 23:56:52,857 - [root] - INFO - Data loading completed successfully.
2025-07-17 23:57:41,428 - [src.data.data_filtering] - INFO - Selecting features from /home/qctrung/Projects/industrial-internship/diabetes-prediction/data/raw/brfss_2020.XPT
2025-07-17 23:57:55,937 - [src.data.data_filtering] - WARNING - No available columns found for feature 'HighChol'
2025-07-17 23:57:55,938 - [src.data.data_filtering] - WARNING - No available columns found for feature 'CholCheck'
